Archive member included because of file (symbol)

/Users/Turner/pebble-dev/PebbleSDK-3.3/Pebble/aplite/lib/libpebble.a(tmpjjxXcopebble.o)
                              src/mealtime.c.11.o (accel_tap_service_subscribe)
/Users/Turner/pebble-dev/PebbleSDK-3.3/arm-cs-tools/bin/../lib/gcc/arm-none-eabi/4.7.2/thumb2/libgcc.a(_arm_addsubdf3.o)
                              src/mealtime.c.11.o (__aeabi_i2d)
/Users/Turner/pebble-dev/PebbleSDK-3.3/arm-cs-tools/bin/../lib/gcc/arm-none-eabi/4.7.2/thumb2/libgcc.a(_arm_muldivdf3.o)
                              src/mealtime.c.11.o (__aeabi_dmul)
/Users/Turner/pebble-dev/PebbleSDK-3.3/arm-cs-tools/bin/../lib/gcc/arm-none-eabi/4.7.2/thumb2/libgcc.a(_arm_fixdfsi.o)
                              src/mealtime.c.11.o (__aeabi_d2iz)

Allocating common symbols
Common symbol       size              file

s_locale_dict       0xc               src/localize.c.11.o

Discarded input sections

 .text          0x0000000000000000        0x0 /Users/Turner/pebble-dev/PebbleSDK-3.3/arm-cs-tools/bin/../lib/gcc/arm-none-eabi/4.7.2/thumb2/crti.o
 .bss           0x0000000000000000        0x0 /Users/Turner/pebble-dev/PebbleSDK-3.3/arm-cs-tools/bin/../lib/gcc/arm-none-eabi/4.7.2/thumb2/crti.o
 .init          0x0000000000000000        0x4 /Users/Turner/pebble-dev/PebbleSDK-3.3/arm-cs-tools/bin/../lib/gcc/arm-none-eabi/4.7.2/thumb2/crti.o
 .fini          0x0000000000000000        0x4 /Users/Turner/pebble-dev/PebbleSDK-3.3/arm-cs-tools/bin/../lib/gcc/arm-none-eabi/4.7.2/thumb2/crti.o
 .text          0x0000000000000000       0xc8 /Users/Turner/pebble-dev/PebbleSDK-3.3/arm-cs-tools/bin/../lib/gcc/arm-none-eabi/4.7.2/thumb2/crtbegin.o
 .bss           0x0000000000000000       0x1c /Users/Turner/pebble-dev/PebbleSDK-3.3/arm-cs-tools/bin/../lib/gcc/arm-none-eabi/4.7.2/thumb2/crtbegin.o
 .init_array    0x0000000000000000        0x4 /Users/Turner/pebble-dev/PebbleSDK-3.3/arm-cs-tools/bin/../lib/gcc/arm-none-eabi/4.7.2/thumb2/crtbegin.o
 .fini_array    0x0000000000000000        0x4 /Users/Turner/pebble-dev/PebbleSDK-3.3/arm-cs-tools/bin/../lib/gcc/arm-none-eabi/4.7.2/thumb2/crtbegin.o
 .eh_frame      0x0000000000000000        0x0 /Users/Turner/pebble-dev/PebbleSDK-3.3/arm-cs-tools/bin/../lib/gcc/arm-none-eabi/4.7.2/thumb2/crtbegin.o
 .jcr           0x0000000000000000        0x0 /Users/Turner/pebble-dev/PebbleSDK-3.3/arm-cs-tools/bin/../lib/gcc/arm-none-eabi/4.7.2/thumb2/crtbegin.o
 .tm_clone_table
                0x0000000000000000        0x0 /Users/Turner/pebble-dev/PebbleSDK-3.3/arm-cs-tools/bin/../lib/gcc/arm-none-eabi/4.7.2/thumb2/crtbegin.o
 .text          0x0000000000000000        0x0 src/localize.c.11.o
 .bss           0x0000000000000000        0x0 src/localize.c.11.o
 .text          0x0000000000000000        0x0 src/mealtime.c.11.o
 .bss           0x0000000000000000        0x0 src/mealtime.c.11.o
 .text          0x0000000000000000        0x0 aplite/appinfo.auto.c.11.o
 .bss           0x0000000000000000        0x0 aplite/appinfo.auto.c.11.o
 .bss           0x0000000000000000        0x0 /Users/Turner/pebble-dev/PebbleSDK-3.3/Pebble/aplite/lib/libpebble.a(tmpjjxXcopebble.o)
 .text.accel_data_service_subscribe__deprecated
                0x0000000000000000        0xc /Users/Turner/pebble-dev/PebbleSDK-3.3/Pebble/aplite/lib/libpebble.a(tmpjjxXcopebble.o)
 .text.accel_data_service_unsubscribe
                0x0000000000000000        0xc /Users/Turner/pebble-dev/PebbleSDK-3.3/Pebble/aplite/lib/libpebble.a(tmpjjxXcopebble.o)
 .text.accel_service_peek
                0x0000000000000000        0xc /Users/Turner/pebble-dev/PebbleSDK-3.3/Pebble/aplite/lib/libpebble.a(tmpjjxXcopebble.o)
 .text.accel_service_set_samples_per_update
                0x0000000000000000        0xc /Users/Turner/pebble-dev/PebbleSDK-3.3/Pebble/aplite/lib/libpebble.a(tmpjjxXcopebble.o)
 .text.accel_service_set_sampling_rate
                0x0000000000000000        0xc /Users/Turner/pebble-dev/PebbleSDK-3.3/Pebble/aplite/lib/libpebble.a(tmpjjxXcopebble.o)
 .text.accel_tap_service_unsubscribe
                0x0000000000000000        0xc /Users/Turner/pebble-dev/PebbleSDK-3.3/Pebble/aplite/lib/libpebble.a(tmpjjxXcopebble.o)
 .text.action_bar_layer_add_to_window
                0x0000000000000000        0xc /Users/Turner/pebble-dev/PebbleSDK-3.3/Pebble/aplite/lib/libpebble.a(tmpjjxXcopebble.o)
 .text.action_bar_layer_clear_icon
                0x0000000000000000        0xc /Users/Turner/pebble-dev/PebbleSDK-3.3/Pebble/aplite/lib/libpebble.a(tmpjjxXcopebble.o)
 .text.action_bar_layer_create
                0x0000000000000000        0xc /Users/Turner/pebble-dev/PebbleSDK-3.3/Pebble/aplite/lib/libpebble.a(tmpjjxXcopebble.o)
 .text.action_bar_layer_destroy
                0x0000000000000000        0xc /Users/Turner/pebble-dev/PebbleSDK-3.3/Pebble/aplite/lib/libpebble.a(tmpjjxXcopebble.o)
 .text.action_bar_layer_get_layer
                0x0000000000000000        0xc /Users/Turner/pebble-dev/PebbleSDK-3.3/Pebble/aplite/lib/libpebble.a(tmpjjxXcopebble.o)
 .text.action_bar_layer_remove_from_window
                0x0000000000000000        0xc /Users/Turner/pebble-dev/PebbleSDK-3.3/Pebble/aplite/lib/libpebble.a(tmpjjxXcopebble.o)
 .text.action_bar_layer_set_background_color
                0x0000000000000000        0xc /Users/Turner/pebble-dev/PebbleSDK-3.3/Pebble/aplite/lib/libpebble.a(tmpjjxXcopebble.o)
 .text.action_bar_layer_set_click_config_provider
                0x0000000000000000        0xc /Users/Turner/pebble-dev/PebbleSDK-3.3/Pebble/aplite/lib/libpebble.a(tmpjjxXcopebble.o)
 .text.action_bar_layer_set_context
                0x0000000000000000        0xc /Users/Turner/pebble-dev/PebbleSDK-3.3/Pebble/aplite/lib/libpebble.a(tmpjjxXcopebble.o)
 .text.action_bar_layer_set_icon
                0x0000000000000000        0xc /Users/Turner/pebble-dev/PebbleSDK-3.3/Pebble/aplite/lib/libpebble.a(tmpjjxXcopebble.o)
 .text.animation_create
                0x0000000000000000        0xc /Users/Turner/pebble-dev/PebbleSDK-3.3/Pebble/aplite/lib/libpebble.a(tmpjjxXcopebble.o)
 .text.animation_destroy
                0x0000000000000000        0xc /Users/Turner/pebble-dev/PebbleSDK-3.3/Pebble/aplite/lib/libpebble.a(tmpjjxXcopebble.o)
 .text.animation_get_context
                0x0000000000000000        0xc /Users/Turner/pebble-dev/PebbleSDK-3.3/Pebble/aplite/lib/libpebble.a(tmpjjxXcopebble.o)
 .text.animation_is_scheduled
                0x0000000000000000        0xc /Users/Turner/pebble-dev/PebbleSDK-3.3/Pebble/aplite/lib/libpebble.a(tmpjjxXcopebble.o)
 .text.animation_set_curve
                0x0000000000000000        0xc /Users/Turner/pebble-dev/PebbleSDK-3.3/Pebble/aplite/lib/libpebble.a(tmpjjxXcopebble.o)
 .text.animation_set_implementation
                0x0000000000000000        0xc /Users/Turner/pebble-dev/PebbleSDK-3.3/Pebble/aplite/lib/libpebble.a(tmpjjxXcopebble.o)
 .text.animation_unschedule
                0x0000000000000000        0xc /Users/Turner/pebble-dev/PebbleSDK-3.3/Pebble/aplite/lib/libpebble.a(tmpjjxXcopebble.o)
 .text.animation_unschedule_all
                0x0000000000000000        0xc /Users/Turner/pebble-dev/PebbleSDK-3.3/Pebble/aplite/lib/libpebble.a(tmpjjxXcopebble.o)
 .text.app_comm_get_sniff_interval
                0x0000000000000000        0xc /Users/Turner/pebble-dev/PebbleSDK-3.3/Pebble/aplite/lib/libpebble.a(tmpjjxXcopebble.o)
 .text.app_comm_set_sniff_interval
                0x0000000000000000        0xc /Users/Turner/pebble-dev/PebbleSDK-3.3/Pebble/aplite/lib/libpebble.a(tmpjjxXcopebble.o)
 .text.app_message_deregister_callbacks
                0x0000000000000000        0xc /Users/Turner/pebble-dev/PebbleSDK-3.3/Pebble/aplite/lib/libpebble.a(tmpjjxXcopebble.o)
 .text.app_sync_deinit
                0x0000000000000000        0xc /Users/Turner/pebble-dev/PebbleSDK-3.3/Pebble/aplite/lib/libpebble.a(tmpjjxXcopebble.o)
 .text.app_sync_get
                0x0000000000000000        0xc /Users/Turner/pebble-dev/PebbleSDK-3.3/Pebble/aplite/lib/libpebble.a(tmpjjxXcopebble.o)
 .text.app_sync_init
                0x0000000000000000        0xc /Users/Turner/pebble-dev/PebbleSDK-3.3/Pebble/aplite/lib/libpebble.a(tmpjjxXcopebble.o)
 .text.app_sync_set
                0x0000000000000000        0xc /Users/Turner/pebble-dev/PebbleSDK-3.3/Pebble/aplite/lib/libpebble.a(tmpjjxXcopebble.o)
 .text.app_timer_cancel
                0x0000000000000000        0xc /Users/Turner/pebble-dev/PebbleSDK-3.3/Pebble/aplite/lib/libpebble.a(tmpjjxXcopebble.o)
 .text.app_timer_register
                0x0000000000000000        0xc /Users/Turner/pebble-dev/PebbleSDK-3.3/Pebble/aplite/lib/libpebble.a(tmpjjxXcopebble.o)
 .text.app_timer_reschedule
                0x0000000000000000        0xc /Users/Turner/pebble-dev/PebbleSDK-3.3/Pebble/aplite/lib/libpebble.a(tmpjjxXcopebble.o)
 .text.atan2_lookup
                0x0000000000000000        0xc /Users/Turner/pebble-dev/PebbleSDK-3.3/Pebble/aplite/lib/libpebble.a(tmpjjxXcopebble.o)
 .text.atoi     0x0000000000000000        0xc /Users/Turner/pebble-dev/PebbleSDK-3.3/Pebble/aplite/lib/libpebble.a(tmpjjxXcopebble.o)
 .text.atol     0x0000000000000000        0xc /Users/Turner/pebble-dev/PebbleSDK-3.3/Pebble/aplite/lib/libpebble.a(tmpjjxXcopebble.o)
 .text.bitmap_layer_create
                0x0000000000000000        0xc /Users/Turner/pebble-dev/PebbleSDK-3.3/Pebble/aplite/lib/libpebble.a(tmpjjxXcopebble.o)
 .text.bitmap_layer_destroy
                0x0000000000000000        0xc /Users/Turner/pebble-dev/PebbleSDK-3.3/Pebble/aplite/lib/libpebble.a(tmpjjxXcopebble.o)
 .text.bitmap_layer_get_layer
                0x0000000000000000        0xc /Users/Turner/pebble-dev/PebbleSDK-3.3/Pebble/aplite/lib/libpebble.a(tmpjjxXcopebble.o)
 .text.bitmap_layer_set_alignment
                0x0000000000000000        0xc /Users/Turner/pebble-dev/PebbleSDK-3.3/Pebble/aplite/lib/libpebble.a(tmpjjxXcopebble.o)
 .text.bitmap_layer_set_background_color
                0x0000000000000000        0xc /Users/Turner/pebble-dev/PebbleSDK-3.3/Pebble/aplite/lib/libpebble.a(tmpjjxXcopebble.o)
 .text.bitmap_layer_set_bitmap
                0x0000000000000000        0xc /Users/Turner/pebble-dev/PebbleSDK-3.3/Pebble/aplite/lib/libpebble.a(tmpjjxXcopebble.o)
 .text.bitmap_layer_set_compositing_mode
                0x0000000000000000        0xc /Users/Turner/pebble-dev/PebbleSDK-3.3/Pebble/aplite/lib/libpebble.a(tmpjjxXcopebble.o)
 .text.bluetooth_connection_service_peek
                0x0000000000000000        0xc /Users/Turner/pebble-dev/PebbleSDK-3.3/Pebble/aplite/lib/libpebble.a(tmpjjxXcopebble.o)
 .text.bluetooth_connection_service_subscribe
                0x0000000000000000        0xc /Users/Turner/pebble-dev/PebbleSDK-3.3/Pebble/aplite/lib/libpebble.a(tmpjjxXcopebble.o)
 .text.bluetooth_connection_service_unsubscribe
                0x0000000000000000        0xc /Users/Turner/pebble-dev/PebbleSDK-3.3/Pebble/aplite/lib/libpebble.a(tmpjjxXcopebble.o)
 .text.click_number_of_clicks_counted
                0x0000000000000000        0xc /Users/Turner/pebble-dev/PebbleSDK-3.3/Pebble/aplite/lib/libpebble.a(tmpjjxXcopebble.o)
 .text.click_recognizer_get_button_id
                0x0000000000000000        0xc /Users/Turner/pebble-dev/PebbleSDK-3.3/Pebble/aplite/lib/libpebble.a(tmpjjxXcopebble.o)
 .text.clock_copy_time_string
                0x0000000000000000        0xc /Users/Turner/pebble-dev/PebbleSDK-3.3/Pebble/aplite/lib/libpebble.a(tmpjjxXcopebble.o)
 .text.clock_is_24h_style
                0x0000000000000000        0xc /Users/Turner/pebble-dev/PebbleSDK-3.3/Pebble/aplite/lib/libpebble.a(tmpjjxXcopebble.o)
 .text.cos_lookup
                0x0000000000000000        0xc /Users/Turner/pebble-dev/PebbleSDK-3.3/Pebble/aplite/lib/libpebble.a(tmpjjxXcopebble.o)
 .text.data_logging_create
                0x0000000000000000        0xc /Users/Turner/pebble-dev/PebbleSDK-3.3/Pebble/aplite/lib/libpebble.a(tmpjjxXcopebble.o)
 .text.data_logging_finish
                0x0000000000000000        0xc /Users/Turner/pebble-dev/PebbleSDK-3.3/Pebble/aplite/lib/libpebble.a(tmpjjxXcopebble.o)
 .text.data_logging_log
                0x0000000000000000        0xc /Users/Turner/pebble-dev/PebbleSDK-3.3/Pebble/aplite/lib/libpebble.a(tmpjjxXcopebble.o)
 .text.dict_calc_buffer_size
                0x0000000000000000        0xc /Users/Turner/pebble-dev/PebbleSDK-3.3/Pebble/aplite/lib/libpebble.a(tmpjjxXcopebble.o)
 .text.dict_calc_buffer_size_from_tuplets
                0x0000000000000000        0xc /Users/Turner/pebble-dev/PebbleSDK-3.3/Pebble/aplite/lib/libpebble.a(tmpjjxXcopebble.o)
 .text.dict_merge
                0x0000000000000000        0xc /Users/Turner/pebble-dev/PebbleSDK-3.3/Pebble/aplite/lib/libpebble.a(tmpjjxXcopebble.o)
 .text.dict_read_begin_from_buffer
                0x0000000000000000        0xc /Users/Turner/pebble-dev/PebbleSDK-3.3/Pebble/aplite/lib/libpebble.a(tmpjjxXcopebble.o)
 .text.dict_serialize_tuplets
                0x0000000000000000        0xc /Users/Turner/pebble-dev/PebbleSDK-3.3/Pebble/aplite/lib/libpebble.a(tmpjjxXcopebble.o)
 .text.dict_serialize_tuplets_to_buffer__deprecated
                0x0000000000000000        0xc /Users/Turner/pebble-dev/PebbleSDK-3.3/Pebble/aplite/lib/libpebble.a(tmpjjxXcopebble.o)
 .text.dict_serialize_tuplets_to_buffer_with_iter
                0x0000000000000000        0xc /Users/Turner/pebble-dev/PebbleSDK-3.3/Pebble/aplite/lib/libpebble.a(tmpjjxXcopebble.o)
 .text.dict_write_cstring
                0x0000000000000000        0xc /Users/Turner/pebble-dev/PebbleSDK-3.3/Pebble/aplite/lib/libpebble.a(tmpjjxXcopebble.o)
 .text.dict_write_data
                0x0000000000000000        0xc /Users/Turner/pebble-dev/PebbleSDK-3.3/Pebble/aplite/lib/libpebble.a(tmpjjxXcopebble.o)
 .text.dict_write_int
                0x0000000000000000        0xc /Users/Turner/pebble-dev/PebbleSDK-3.3/Pebble/aplite/lib/libpebble.a(tmpjjxXcopebble.o)
 .text.dict_write_int16
                0x0000000000000000        0xc /Users/Turner/pebble-dev/PebbleSDK-3.3/Pebble/aplite/lib/libpebble.a(tmpjjxXcopebble.o)
 .text.dict_write_int32
                0x0000000000000000        0xc /Users/Turner/pebble-dev/PebbleSDK-3.3/Pebble/aplite/lib/libpebble.a(tmpjjxXcopebble.o)
 .text.dict_write_int8
                0x0000000000000000        0xc /Users/Turner/pebble-dev/PebbleSDK-3.3/Pebble/aplite/lib/libpebble.a(tmpjjxXcopebble.o)
 .text.dict_write_uint16
                0x0000000000000000        0xc /Users/Turner/pebble-dev/PebbleSDK-3.3/Pebble/aplite/lib/libpebble.a(tmpjjxXcopebble.o)
 .text.dict_write_uint32
                0x0000000000000000        0xc /Users/Turner/pebble-dev/PebbleSDK-3.3/Pebble/aplite/lib/libpebble.a(tmpjjxXcopebble.o)
 .text.fonts_get_system_font
                0x0000000000000000        0xc /Users/Turner/pebble-dev/PebbleSDK-3.3/Pebble/aplite/lib/libpebble.a(tmpjjxXcopebble.o)
 .text.free     0x0000000000000000        0xc /Users/Turner/pebble-dev/PebbleSDK-3.3/Pebble/aplite/lib/libpebble.a(tmpjjxXcopebble.o)
 .text.gbitmap_create_as_sub_bitmap
                0x0000000000000000        0xc /Users/Turner/pebble-dev/PebbleSDK-3.3/Pebble/aplite/lib/libpebble.a(tmpjjxXcopebble.o)
 .text.gbitmap_create_with_data
                0x0000000000000000        0xc /Users/Turner/pebble-dev/PebbleSDK-3.3/Pebble/aplite/lib/libpebble.a(tmpjjxXcopebble.o)
 .text.gbitmap_create_with_resource
                0x0000000000000000        0xc /Users/Turner/pebble-dev/PebbleSDK-3.3/Pebble/aplite/lib/libpebble.a(tmpjjxXcopebble.o)
 .text.gbitmap_destroy
                0x0000000000000000        0xc /Users/Turner/pebble-dev/PebbleSDK-3.3/Pebble/aplite/lib/libpebble.a(tmpjjxXcopebble.o)
 .text.gmtime   0x0000000000000000        0xc /Users/Turner/pebble-dev/PebbleSDK-3.3/Pebble/aplite/lib/libpebble.a(tmpjjxXcopebble.o)
 .text.gpath_create
                0x0000000000000000        0xc /Users/Turner/pebble-dev/PebbleSDK-3.3/Pebble/aplite/lib/libpebble.a(tmpjjxXcopebble.o)
 .text.gpath_destroy
                0x0000000000000000        0xc /Users/Turner/pebble-dev/PebbleSDK-3.3/Pebble/aplite/lib/libpebble.a(tmpjjxXcopebble.o)
 .text.gpath_draw_filled_legacy
                0x0000000000000000        0xc /Users/Turner/pebble-dev/PebbleSDK-3.3/Pebble/aplite/lib/libpebble.a(tmpjjxXcopebble.o)
 .text.gpath_draw_outline
                0x0000000000000000        0xc /Users/Turner/pebble-dev/PebbleSDK-3.3/Pebble/aplite/lib/libpebble.a(tmpjjxXcopebble.o)
 .text.gpath_move_to
                0x0000000000000000        0xc /Users/Turner/pebble-dev/PebbleSDK-3.3/Pebble/aplite/lib/libpebble.a(tmpjjxXcopebble.o)
 .text.gpath_rotate_to
                0x0000000000000000        0xc /Users/Turner/pebble-dev/PebbleSDK-3.3/Pebble/aplite/lib/libpebble.a(tmpjjxXcopebble.o)
 .text.gpoint_equal
                0x0000000000000000        0xc /Users/Turner/pebble-dev/PebbleSDK-3.3/Pebble/aplite/lib/libpebble.a(tmpjjxXcopebble.o)
 .text.graphics_context_set_compositing_mode
                0x0000000000000000        0xc /Users/Turner/pebble-dev/PebbleSDK-3.3/Pebble/aplite/lib/libpebble.a(tmpjjxXcopebble.o)
 .text.graphics_context_set_stroke_color
                0x0000000000000000        0xc /Users/Turner/pebble-dev/PebbleSDK-3.3/Pebble/aplite/lib/libpebble.a(tmpjjxXcopebble.o)
 .text.graphics_context_set_text_color
                0x0000000000000000        0xc /Users/Turner/pebble-dev/PebbleSDK-3.3/Pebble/aplite/lib/libpebble.a(tmpjjxXcopebble.o)
 .text.graphics_draw_bitmap_in_rect
                0x0000000000000000        0xc /Users/Turner/pebble-dev/PebbleSDK-3.3/Pebble/aplite/lib/libpebble.a(tmpjjxXcopebble.o)
 .text.graphics_draw_circle
                0x0000000000000000        0xc /Users/Turner/pebble-dev/PebbleSDK-3.3/Pebble/aplite/lib/libpebble.a(tmpjjxXcopebble.o)
 .text.graphics_draw_line
                0x0000000000000000        0xc /Users/Turner/pebble-dev/PebbleSDK-3.3/Pebble/aplite/lib/libpebble.a(tmpjjxXcopebble.o)
 .text.graphics_draw_pixel
                0x0000000000000000        0xc /Users/Turner/pebble-dev/PebbleSDK-3.3/Pebble/aplite/lib/libpebble.a(tmpjjxXcopebble.o)
 .text.graphics_draw_rect
                0x0000000000000000        0xc /Users/Turner/pebble-dev/PebbleSDK-3.3/Pebble/aplite/lib/libpebble.a(tmpjjxXcopebble.o)
 .text.graphics_draw_round_rect
                0x0000000000000000        0xc /Users/Turner/pebble-dev/PebbleSDK-3.3/Pebble/aplite/lib/libpebble.a(tmpjjxXcopebble.o)
 .text.graphics_fill_circle
                0x0000000000000000        0xc /Users/Turner/pebble-dev/PebbleSDK-3.3/Pebble/aplite/lib/libpebble.a(tmpjjxXcopebble.o)
 .text.graphics_text_layout_get_max_used_size
                0x0000000000000000        0xc /Users/Turner/pebble-dev/PebbleSDK-3.3/Pebble/aplite/lib/libpebble.a(tmpjjxXcopebble.o)
 .text.grect_align
                0x0000000000000000        0xc /Users/Turner/pebble-dev/PebbleSDK-3.3/Pebble/aplite/lib/libpebble.a(tmpjjxXcopebble.o)
 .text.grect_center_point
                0x0000000000000000        0xc /Users/Turner/pebble-dev/PebbleSDK-3.3/Pebble/aplite/lib/libpebble.a(tmpjjxXcopebble.o)
 .text.grect_clip
                0x0000000000000000        0xc /Users/Turner/pebble-dev/PebbleSDK-3.3/Pebble/aplite/lib/libpebble.a(tmpjjxXcopebble.o)
 .text.grect_contains_point
                0x0000000000000000        0xc /Users/Turner/pebble-dev/PebbleSDK-3.3/Pebble/aplite/lib/libpebble.a(tmpjjxXcopebble.o)
 .text.grect_crop
                0x0000000000000000        0xc /Users/Turner/pebble-dev/PebbleSDK-3.3/Pebble/aplite/lib/libpebble.a(tmpjjxXcopebble.o)
 .text.grect_equal
                0x0000000000000000        0xc /Users/Turner/pebble-dev/PebbleSDK-3.3/Pebble/aplite/lib/libpebble.a(tmpjjxXcopebble.o)
 .text.grect_is_empty
                0x0000000000000000        0xc /Users/Turner/pebble-dev/PebbleSDK-3.3/Pebble/aplite/lib/libpebble.a(tmpjjxXcopebble.o)
 .text.grect_standardize
                0x0000000000000000        0xc /Users/Turner/pebble-dev/PebbleSDK-3.3/Pebble/aplite/lib/libpebble.a(tmpjjxXcopebble.o)
 .text.gsize_equal
                0x0000000000000000        0xc /Users/Turner/pebble-dev/PebbleSDK-3.3/Pebble/aplite/lib/libpebble.a(tmpjjxXcopebble.o)
 .text.inverter_layer_create
                0x0000000000000000        0xc /Users/Turner/pebble-dev/PebbleSDK-3.3/Pebble/aplite/lib/libpebble.a(tmpjjxXcopebble.o)
 .text.inverter_layer_destroy
                0x0000000000000000        0xc /Users/Turner/pebble-dev/PebbleSDK-3.3/Pebble/aplite/lib/libpebble.a(tmpjjxXcopebble.o)
 .text.inverter_layer_get_layer
                0x0000000000000000        0xc /Users/Turner/pebble-dev/PebbleSDK-3.3/Pebble/aplite/lib/libpebble.a(tmpjjxXcopebble.o)
 .text.layer_create_with_data
                0x0000000000000000        0xc /Users/Turner/pebble-dev/PebbleSDK-3.3/Pebble/aplite/lib/libpebble.a(tmpjjxXcopebble.o)
 .text.layer_get_bounds
                0x0000000000000000        0xc /Users/Turner/pebble-dev/PebbleSDK-3.3/Pebble/aplite/lib/libpebble.a(tmpjjxXcopebble.o)
 .text.layer_get_clips
                0x0000000000000000        0xc /Users/Turner/pebble-dev/PebbleSDK-3.3/Pebble/aplite/lib/libpebble.a(tmpjjxXcopebble.o)
 .text.layer_get_data
                0x0000000000000000        0xc /Users/Turner/pebble-dev/PebbleSDK-3.3/Pebble/aplite/lib/libpebble.a(tmpjjxXcopebble.o)
 .text.layer_get_frame
                0x0000000000000000        0xc /Users/Turner/pebble-dev/PebbleSDK-3.3/Pebble/aplite/lib/libpebble.a(tmpjjxXcopebble.o)
 .text.layer_get_hidden
                0x0000000000000000        0xc /Users/Turner/pebble-dev/PebbleSDK-3.3/Pebble/aplite/lib/libpebble.a(tmpjjxXcopebble.o)
 .text.layer_get_window
                0x0000000000000000        0xc /Users/Turner/pebble-dev/PebbleSDK-3.3/Pebble/aplite/lib/libpebble.a(tmpjjxXcopebble.o)
 .text.layer_insert_above_sibling
                0x0000000000000000        0xc /Users/Turner/pebble-dev/PebbleSDK-3.3/Pebble/aplite/lib/libpebble.a(tmpjjxXcopebble.o)
 .text.layer_insert_below_sibling
                0x0000000000000000        0xc /Users/Turner/pebble-dev/PebbleSDK-3.3/Pebble/aplite/lib/libpebble.a(tmpjjxXcopebble.o)
 .text.layer_remove_child_layers
                0x0000000000000000        0xc /Users/Turner/pebble-dev/PebbleSDK-3.3/Pebble/aplite/lib/libpebble.a(tmpjjxXcopebble.o)
 .text.layer_remove_from_parent
                0x0000000000000000        0xc /Users/Turner/pebble-dev/PebbleSDK-3.3/Pebble/aplite/lib/libpebble.a(tmpjjxXcopebble.o)
 .text.layer_set_bounds
                0x0000000000000000        0xc /Users/Turner/pebble-dev/PebbleSDK-3.3/Pebble/aplite/lib/libpebble.a(tmpjjxXcopebble.o)
 .text.layer_set_clips
                0x0000000000000000        0xc /Users/Turner/pebble-dev/PebbleSDK-3.3/Pebble/aplite/lib/libpebble.a(tmpjjxXcopebble.o)
 .text.layer_set_frame
                0x0000000000000000        0xc /Users/Turner/pebble-dev/PebbleSDK-3.3/Pebble/aplite/lib/libpebble.a(tmpjjxXcopebble.o)
 .text.layer_set_hidden
                0x0000000000000000        0xc /Users/Turner/pebble-dev/PebbleSDK-3.3/Pebble/aplite/lib/libpebble.a(tmpjjxXcopebble.o)
 .text.light_enable
                0x0000000000000000        0xc /Users/Turner/pebble-dev/PebbleSDK-3.3/Pebble/aplite/lib/libpebble.a(tmpjjxXcopebble.o)
 .text.light_enable_interaction
                0x0000000000000000        0xc /Users/Turner/pebble-dev/PebbleSDK-3.3/Pebble/aplite/lib/libpebble.a(tmpjjxXcopebble.o)
 .text.memcpy   0x0000000000000000        0xc /Users/Turner/pebble-dev/PebbleSDK-3.3/Pebble/aplite/lib/libpebble.a(tmpjjxXcopebble.o)
 .text.memmove  0x0000000000000000        0xc /Users/Turner/pebble-dev/PebbleSDK-3.3/Pebble/aplite/lib/libpebble.a(tmpjjxXcopebble.o)
 .text.menu_cell_basic_draw
                0x0000000000000000        0xc /Users/Turner/pebble-dev/PebbleSDK-3.3/Pebble/aplite/lib/libpebble.a(tmpjjxXcopebble.o)
 .text.menu_cell_basic_header_draw
                0x0000000000000000        0xc /Users/Turner/pebble-dev/PebbleSDK-3.3/Pebble/aplite/lib/libpebble.a(tmpjjxXcopebble.o)
 .text.menu_cell_title_draw
                0x0000000000000000        0xc /Users/Turner/pebble-dev/PebbleSDK-3.3/Pebble/aplite/lib/libpebble.a(tmpjjxXcopebble.o)
 .text.menu_index_compare
                0x0000000000000000        0xc /Users/Turner/pebble-dev/PebbleSDK-3.3/Pebble/aplite/lib/libpebble.a(tmpjjxXcopebble.o)
 .text.menu_layer_create
                0x0000000000000000        0xc /Users/Turner/pebble-dev/PebbleSDK-3.3/Pebble/aplite/lib/libpebble.a(tmpjjxXcopebble.o)
 .text.menu_layer_destroy
                0x0000000000000000        0xc /Users/Turner/pebble-dev/PebbleSDK-3.3/Pebble/aplite/lib/libpebble.a(tmpjjxXcopebble.o)
 .text.menu_layer_get_layer
                0x0000000000000000        0xc /Users/Turner/pebble-dev/PebbleSDK-3.3/Pebble/aplite/lib/libpebble.a(tmpjjxXcopebble.o)
 .text.menu_layer_get_scroll_layer
                0x0000000000000000        0xc /Users/Turner/pebble-dev/PebbleSDK-3.3/Pebble/aplite/lib/libpebble.a(tmpjjxXcopebble.o)
 .text.menu_layer_get_selected_index
                0x0000000000000000        0xc /Users/Turner/pebble-dev/PebbleSDK-3.3/Pebble/aplite/lib/libpebble.a(tmpjjxXcopebble.o)
 .text.menu_layer_reload_data
                0x0000000000000000        0xc /Users/Turner/pebble-dev/PebbleSDK-3.3/Pebble/aplite/lib/libpebble.a(tmpjjxXcopebble.o)
 .text.menu_layer_set_callbacks__deprecated
                0x0000000000000000        0xc /Users/Turner/pebble-dev/PebbleSDK-3.3/Pebble/aplite/lib/libpebble.a(tmpjjxXcopebble.o)
 .text.menu_layer_set_click_config_onto_window
                0x0000000000000000        0xc /Users/Turner/pebble-dev/PebbleSDK-3.3/Pebble/aplite/lib/libpebble.a(tmpjjxXcopebble.o)
 .text.menu_layer_set_selected_index
                0x0000000000000000        0xc /Users/Turner/pebble-dev/PebbleSDK-3.3/Pebble/aplite/lib/libpebble.a(tmpjjxXcopebble.o)
 .text.menu_layer_set_selected_next
                0x0000000000000000        0xc /Users/Turner/pebble-dev/PebbleSDK-3.3/Pebble/aplite/lib/libpebble.a(tmpjjxXcopebble.o)
 .text.number_window_create
                0x0000000000000000        0xc /Users/Turner/pebble-dev/PebbleSDK-3.3/Pebble/aplite/lib/libpebble.a(tmpjjxXcopebble.o)
 .text.number_window_destroy
                0x0000000000000000        0xc /Users/Turner/pebble-dev/PebbleSDK-3.3/Pebble/aplite/lib/libpebble.a(tmpjjxXcopebble.o)
 .text.number_window_get_value
                0x0000000000000000        0xc /Users/Turner/pebble-dev/PebbleSDK-3.3/Pebble/aplite/lib/libpebble.a(tmpjjxXcopebble.o)
 .text.number_window_set_label
                0x0000000000000000        0xc /Users/Turner/pebble-dev/PebbleSDK-3.3/Pebble/aplite/lib/libpebble.a(tmpjjxXcopebble.o)
 .text.number_window_set_max
                0x0000000000000000        0xc /Users/Turner/pebble-dev/PebbleSDK-3.3/Pebble/aplite/lib/libpebble.a(tmpjjxXcopebble.o)
 .text.number_window_set_min
                0x0000000000000000        0xc /Users/Turner/pebble-dev/PebbleSDK-3.3/Pebble/aplite/lib/libpebble.a(tmpjjxXcopebble.o)
 .text.number_window_set_step_size
                0x0000000000000000        0xc /Users/Turner/pebble-dev/PebbleSDK-3.3/Pebble/aplite/lib/libpebble.a(tmpjjxXcopebble.o)
 .text.number_window_set_value
                0x0000000000000000        0xc /Users/Turner/pebble-dev/PebbleSDK-3.3/Pebble/aplite/lib/libpebble.a(tmpjjxXcopebble.o)
 .text.persist_delete
                0x0000000000000000        0xc /Users/Turner/pebble-dev/PebbleSDK-3.3/Pebble/aplite/lib/libpebble.a(tmpjjxXcopebble.o)
 .text.persist_exists
                0x0000000000000000        0xc /Users/Turner/pebble-dev/PebbleSDK-3.3/Pebble/aplite/lib/libpebble.a(tmpjjxXcopebble.o)
 .text.persist_get_size
                0x0000000000000000        0xc /Users/Turner/pebble-dev/PebbleSDK-3.3/Pebble/aplite/lib/libpebble.a(tmpjjxXcopebble.o)
 .text.persist_read_data__deprecated
                0x0000000000000000        0xc /Users/Turner/pebble-dev/PebbleSDK-3.3/Pebble/aplite/lib/libpebble.a(tmpjjxXcopebble.o)
 .text.persist_read_int
                0x0000000000000000        0xc /Users/Turner/pebble-dev/PebbleSDK-3.3/Pebble/aplite/lib/libpebble.a(tmpjjxXcopebble.o)
 .text.persist_read_string__deprecated
                0x0000000000000000        0xc /Users/Turner/pebble-dev/PebbleSDK-3.3/Pebble/aplite/lib/libpebble.a(tmpjjxXcopebble.o)
 .text.persist_write_data__deprecated
                0x0000000000000000        0xc /Users/Turner/pebble-dev/PebbleSDK-3.3/Pebble/aplite/lib/libpebble.a(tmpjjxXcopebble.o)
 .text.persist_write_int
                0x0000000000000000        0xc /Users/Turner/pebble-dev/PebbleSDK-3.3/Pebble/aplite/lib/libpebble.a(tmpjjxXcopebble.o)
 .text.persist_write_string
                0x0000000000000000        0xc /Users/Turner/pebble-dev/PebbleSDK-3.3/Pebble/aplite/lib/libpebble.a(tmpjjxXcopebble.o)
 .text.property_animation_create
                0x0000000000000000        0xc /Users/Turner/pebble-dev/PebbleSDK-3.3/Pebble/aplite/lib/libpebble.a(tmpjjxXcopebble.o)
 .text.property_animation_update_gpoint
                0x0000000000000000        0xc /Users/Turner/pebble-dev/PebbleSDK-3.3/Pebble/aplite/lib/libpebble.a(tmpjjxXcopebble.o)
 .text.property_animation_update_grect
                0x0000000000000000        0xc /Users/Turner/pebble-dev/PebbleSDK-3.3/Pebble/aplite/lib/libpebble.a(tmpjjxXcopebble.o)
 .text.property_animation_update_int16
                0x0000000000000000        0xc /Users/Turner/pebble-dev/PebbleSDK-3.3/Pebble/aplite/lib/libpebble.a(tmpjjxXcopebble.o)
 .text.psleep   0x0000000000000000        0xc /Users/Turner/pebble-dev/PebbleSDK-3.3/Pebble/aplite/lib/libpebble.a(tmpjjxXcopebble.o)
 .text.rand     0x0000000000000000        0xc /Users/Turner/pebble-dev/PebbleSDK-3.3/Pebble/aplite/lib/libpebble.a(tmpjjxXcopebble.o)
 .text.resource_load
                0x0000000000000000        0xc /Users/Turner/pebble-dev/PebbleSDK-3.3/Pebble/aplite/lib/libpebble.a(tmpjjxXcopebble.o)
 .text.rot_bitmap_layer_create
                0x0000000000000000        0xc /Users/Turner/pebble-dev/PebbleSDK-3.3/Pebble/aplite/lib/libpebble.a(tmpjjxXcopebble.o)
 .text.rot_bitmap_layer_destroy
                0x0000000000000000        0xc /Users/Turner/pebble-dev/PebbleSDK-3.3/Pebble/aplite/lib/libpebble.a(tmpjjxXcopebble.o)
 .text.rot_bitmap_layer_increment_angle
                0x0000000000000000        0xc /Users/Turner/pebble-dev/PebbleSDK-3.3/Pebble/aplite/lib/libpebble.a(tmpjjxXcopebble.o)
 .text.rot_bitmap_layer_set_angle
                0x0000000000000000        0xc /Users/Turner/pebble-dev/PebbleSDK-3.3/Pebble/aplite/lib/libpebble.a(tmpjjxXcopebble.o)
 .text.rot_bitmap_layer_set_corner_clip_color
                0x0000000000000000        0xc /Users/Turner/pebble-dev/PebbleSDK-3.3/Pebble/aplite/lib/libpebble.a(tmpjjxXcopebble.o)
 .text.rot_bitmap_set_compositing_mode
                0x0000000000000000        0xc /Users/Turner/pebble-dev/PebbleSDK-3.3/Pebble/aplite/lib/libpebble.a(tmpjjxXcopebble.o)
 .text.rot_bitmap_set_src_ic
                0x0000000000000000        0xc /Users/Turner/pebble-dev/PebbleSDK-3.3/Pebble/aplite/lib/libpebble.a(tmpjjxXcopebble.o)
 .text.scroll_layer_add_child
                0x0000000000000000        0xc /Users/Turner/pebble-dev/PebbleSDK-3.3/Pebble/aplite/lib/libpebble.a(tmpjjxXcopebble.o)
 .text.scroll_layer_create
                0x0000000000000000        0xc /Users/Turner/pebble-dev/PebbleSDK-3.3/Pebble/aplite/lib/libpebble.a(tmpjjxXcopebble.o)
 .text.scroll_layer_destroy
                0x0000000000000000        0xc /Users/Turner/pebble-dev/PebbleSDK-3.3/Pebble/aplite/lib/libpebble.a(tmpjjxXcopebble.o)
 .text.scroll_layer_get_content_offset
                0x0000000000000000        0xc /Users/Turner/pebble-dev/PebbleSDK-3.3/Pebble/aplite/lib/libpebble.a(tmpjjxXcopebble.o)
 .text.scroll_layer_get_content_size
                0x0000000000000000        0xc /Users/Turner/pebble-dev/PebbleSDK-3.3/Pebble/aplite/lib/libpebble.a(tmpjjxXcopebble.o)
 .text.scroll_layer_get_layer
                0x0000000000000000        0xc /Users/Turner/pebble-dev/PebbleSDK-3.3/Pebble/aplite/lib/libpebble.a(tmpjjxXcopebble.o)
 .text.scroll_layer_get_shadow_hidden
                0x0000000000000000        0xc /Users/Turner/pebble-dev/PebbleSDK-3.3/Pebble/aplite/lib/libpebble.a(tmpjjxXcopebble.o)
 .text.scroll_layer_scroll_down_click_handler
                0x0000000000000000        0xc /Users/Turner/pebble-dev/PebbleSDK-3.3/Pebble/aplite/lib/libpebble.a(tmpjjxXcopebble.o)
 .text.scroll_layer_scroll_up_click_handler
                0x0000000000000000        0xc /Users/Turner/pebble-dev/PebbleSDK-3.3/Pebble/aplite/lib/libpebble.a(tmpjjxXcopebble.o)
 .text.scroll_layer_set_callbacks
                0x0000000000000000        0xc /Users/Turner/pebble-dev/PebbleSDK-3.3/Pebble/aplite/lib/libpebble.a(tmpjjxXcopebble.o)
 .text.scroll_layer_set_click_config_onto_window
                0x0000000000000000        0xc /Users/Turner/pebble-dev/PebbleSDK-3.3/Pebble/aplite/lib/libpebble.a(tmpjjxXcopebble.o)
 .text.scroll_layer_set_content_offset
                0x0000000000000000        0xc /Users/Turner/pebble-dev/PebbleSDK-3.3/Pebble/aplite/lib/libpebble.a(tmpjjxXcopebble.o)
 .text.scroll_layer_set_content_size
                0x0000000000000000        0xc /Users/Turner/pebble-dev/PebbleSDK-3.3/Pebble/aplite/lib/libpebble.a(tmpjjxXcopebble.o)
 .text.scroll_layer_set_context
                0x0000000000000000        0xc /Users/Turner/pebble-dev/PebbleSDK-3.3/Pebble/aplite/lib/libpebble.a(tmpjjxXcopebble.o)
 .text.scroll_layer_set_frame
                0x0000000000000000        0xc /Users/Turner/pebble-dev/PebbleSDK-3.3/Pebble/aplite/lib/libpebble.a(tmpjjxXcopebble.o)
 .text.scroll_layer_set_shadow_hidden
                0x0000000000000000        0xc /Users/Turner/pebble-dev/PebbleSDK-3.3/Pebble/aplite/lib/libpebble.a(tmpjjxXcopebble.o)
 .text.simple_menu_layer_create
                0x0000000000000000        0xc /Users/Turner/pebble-dev/PebbleSDK-3.3/Pebble/aplite/lib/libpebble.a(tmpjjxXcopebble.o)
 .text.simple_menu_layer_destroy
                0x0000000000000000        0xc /Users/Turner/pebble-dev/PebbleSDK-3.3/Pebble/aplite/lib/libpebble.a(tmpjjxXcopebble.o)
 .text.simple_menu_layer_get_layer
                0x0000000000000000        0xc /Users/Turner/pebble-dev/PebbleSDK-3.3/Pebble/aplite/lib/libpebble.a(tmpjjxXcopebble.o)
 .text.simple_menu_layer_get_selected_index
                0x0000000000000000        0xc /Users/Turner/pebble-dev/PebbleSDK-3.3/Pebble/aplite/lib/libpebble.a(tmpjjxXcopebble.o)
 .text.simple_menu_layer_set_selected_index
                0x0000000000000000        0xc /Users/Turner/pebble-dev/PebbleSDK-3.3/Pebble/aplite/lib/libpebble.a(tmpjjxXcopebble.o)
 .text.sin_lookup
                0x0000000000000000        0xc /Users/Turner/pebble-dev/PebbleSDK-3.3/Pebble/aplite/lib/libpebble.a(tmpjjxXcopebble.o)
 .text.srand    0x0000000000000000        0xc /Users/Turner/pebble-dev/PebbleSDK-3.3/Pebble/aplite/lib/libpebble.a(tmpjjxXcopebble.o)
 .text.strcat   0x0000000000000000        0xc /Users/Turner/pebble-dev/PebbleSDK-3.3/Pebble/aplite/lib/libpebble.a(tmpjjxXcopebble.o)
 .text.strcpy   0x0000000000000000        0xc /Users/Turner/pebble-dev/PebbleSDK-3.3/Pebble/aplite/lib/libpebble.a(tmpjjxXcopebble.o)
 .text.strlen   0x0000000000000000        0xc /Users/Turner/pebble-dev/PebbleSDK-3.3/Pebble/aplite/lib/libpebble.a(tmpjjxXcopebble.o)
 .text.strncat  0x0000000000000000        0xc /Users/Turner/pebble-dev/PebbleSDK-3.3/Pebble/aplite/lib/libpebble.a(tmpjjxXcopebble.o)
 .text.strncpy  0x0000000000000000        0xc /Users/Turner/pebble-dev/PebbleSDK-3.3/Pebble/aplite/lib/libpebble.a(tmpjjxXcopebble.o)
 .text.text_layer_get_content_size
                0x0000000000000000        0xc /Users/Turner/pebble-dev/PebbleSDK-3.3/Pebble/aplite/lib/libpebble.a(tmpjjxXcopebble.o)
 .text.text_layer_get_text
                0x0000000000000000        0xc /Users/Turner/pebble-dev/PebbleSDK-3.3/Pebble/aplite/lib/libpebble.a(tmpjjxXcopebble.o)
 .text.text_layer_set_overflow_mode
                0x0000000000000000        0xc /Users/Turner/pebble-dev/PebbleSDK-3.3/Pebble/aplite/lib/libpebble.a(tmpjjxXcopebble.o)
 .text.text_layer_set_size
                0x0000000000000000        0xc /Users/Turner/pebble-dev/PebbleSDK-3.3/Pebble/aplite/lib/libpebble.a(tmpjjxXcopebble.o)
 .text.time_ms  0x0000000000000000        0xc /Users/Turner/pebble-dev/PebbleSDK-3.3/Pebble/aplite/lib/libpebble.a(tmpjjxXcopebble.o)
 .text.vibes_cancel
                0x0000000000000000        0xc /Users/Turner/pebble-dev/PebbleSDK-3.3/Pebble/aplite/lib/libpebble.a(tmpjjxXcopebble.o)
 .text.vibes_double_pulse
                0x0000000000000000        0xc /Users/Turner/pebble-dev/PebbleSDK-3.3/Pebble/aplite/lib/libpebble.a(tmpjjxXcopebble.o)
 .text.vibes_enqueue_custom_pattern
                0x0000000000000000        0xc /Users/Turner/pebble-dev/PebbleSDK-3.3/Pebble/aplite/lib/libpebble.a(tmpjjxXcopebble.o)
 .text.vibes_long_pulse
                0x0000000000000000        0xc /Users/Turner/pebble-dev/PebbleSDK-3.3/Pebble/aplite/lib/libpebble.a(tmpjjxXcopebble.o)
 .text.vibes_short_pulse
                0x0000000000000000        0xc /Users/Turner/pebble-dev/PebbleSDK-3.3/Pebble/aplite/lib/libpebble.a(tmpjjxXcopebble.o)
 .text.window_get_click_config_provider
                0x0000000000000000        0xc /Users/Turner/pebble-dev/PebbleSDK-3.3/Pebble/aplite/lib/libpebble.a(tmpjjxXcopebble.o)
 .text.window_get_fullscreen
                0x0000000000000000        0xc /Users/Turner/pebble-dev/PebbleSDK-3.3/Pebble/aplite/lib/libpebble.a(tmpjjxXcopebble.o)
 .text.window_is_loaded
                0x0000000000000000        0xc /Users/Turner/pebble-dev/PebbleSDK-3.3/Pebble/aplite/lib/libpebble.a(tmpjjxXcopebble.o)
 .text.window_set_click_config_provider
                0x0000000000000000        0xc /Users/Turner/pebble-dev/PebbleSDK-3.3/Pebble/aplite/lib/libpebble.a(tmpjjxXcopebble.o)
 .text.window_set_click_config_provider_with_context
                0x0000000000000000        0xc /Users/Turner/pebble-dev/PebbleSDK-3.3/Pebble/aplite/lib/libpebble.a(tmpjjxXcopebble.o)
 .text.window_set_fullscreen
                0x0000000000000000        0xc /Users/Turner/pebble-dev/PebbleSDK-3.3/Pebble/aplite/lib/libpebble.a(tmpjjxXcopebble.o)
 .text.window_set_status_bar_icon
                0x0000000000000000        0xc /Users/Turner/pebble-dev/PebbleSDK-3.3/Pebble/aplite/lib/libpebble.a(tmpjjxXcopebble.o)
 .text.window_stack_contains_window
                0x0000000000000000        0xc /Users/Turner/pebble-dev/PebbleSDK-3.3/Pebble/aplite/lib/libpebble.a(tmpjjxXcopebble.o)
 .text.window_stack_get_top_window
                0x0000000000000000        0xc /Users/Turner/pebble-dev/PebbleSDK-3.3/Pebble/aplite/lib/libpebble.a(tmpjjxXcopebble.o)
 .text.window_stack_pop
                0x0000000000000000        0xc /Users/Turner/pebble-dev/PebbleSDK-3.3/Pebble/aplite/lib/libpebble.a(tmpjjxXcopebble.o)
 .text.window_stack_pop_all
                0x0000000000000000        0xc /Users/Turner/pebble-dev/PebbleSDK-3.3/Pebble/aplite/lib/libpebble.a(tmpjjxXcopebble.o)
 .text.window_stack_remove
                0x0000000000000000        0xc /Users/Turner/pebble-dev/PebbleSDK-3.3/Pebble/aplite/lib/libpebble.a(tmpjjxXcopebble.o)
 .text.app_focus_service_subscribe
                0x0000000000000000        0xc /Users/Turner/pebble-dev/PebbleSDK-3.3/Pebble/aplite/lib/libpebble.a(tmpjjxXcopebble.o)
 .text.app_focus_service_unsubscribe
                0x0000000000000000        0xc /Users/Turner/pebble-dev/PebbleSDK-3.3/Pebble/aplite/lib/libpebble.a(tmpjjxXcopebble.o)
 .text.window_get_user_data
                0x0000000000000000        0xc /Users/Turner/pebble-dev/PebbleSDK-3.3/Pebble/aplite/lib/libpebble.a(tmpjjxXcopebble.o)
 .text.window_set_user_data
                0x0000000000000000        0xc /Users/Turner/pebble-dev/PebbleSDK-3.3/Pebble/aplite/lib/libpebble.a(tmpjjxXcopebble.o)
 .text.app_message_get_context
                0x0000000000000000        0xc /Users/Turner/pebble-dev/PebbleSDK-3.3/Pebble/aplite/lib/libpebble.a(tmpjjxXcopebble.o)
 .text.app_message_set_context
                0x0000000000000000        0xc /Users/Turner/pebble-dev/PebbleSDK-3.3/Pebble/aplite/lib/libpebble.a(tmpjjxXcopebble.o)
 .text.window_long_click_subscribe
                0x0000000000000000        0xc /Users/Turner/pebble-dev/PebbleSDK-3.3/Pebble/aplite/lib/libpebble.a(tmpjjxXcopebble.o)
 .text.window_multi_click_subscribe
                0x0000000000000000        0xc /Users/Turner/pebble-dev/PebbleSDK-3.3/Pebble/aplite/lib/libpebble.a(tmpjjxXcopebble.o)
 .text.window_raw_click_subscribe
                0x0000000000000000        0xc /Users/Turner/pebble-dev/PebbleSDK-3.3/Pebble/aplite/lib/libpebble.a(tmpjjxXcopebble.o)
 .text.window_set_click_context
                0x0000000000000000        0xc /Users/Turner/pebble-dev/PebbleSDK-3.3/Pebble/aplite/lib/libpebble.a(tmpjjxXcopebble.o)
 .text.window_single_click_subscribe
                0x0000000000000000        0xc /Users/Turner/pebble-dev/PebbleSDK-3.3/Pebble/aplite/lib/libpebble.a(tmpjjxXcopebble.o)
 .text.window_single_repeating_click_subscribe
                0x0000000000000000        0xc /Users/Turner/pebble-dev/PebbleSDK-3.3/Pebble/aplite/lib/libpebble.a(tmpjjxXcopebble.o)
 .text.graphics_draw_text
                0x0000000000000000        0xc /Users/Turner/pebble-dev/PebbleSDK-3.3/Pebble/aplite/lib/libpebble.a(tmpjjxXcopebble.o)
 .text.dict_serialize_tuplets_to_buffer
                0x0000000000000000        0xc /Users/Turner/pebble-dev/PebbleSDK-3.3/Pebble/aplite/lib/libpebble.a(tmpjjxXcopebble.o)
 .text.persist_read_data
                0x0000000000000000        0xc /Users/Turner/pebble-dev/PebbleSDK-3.3/Pebble/aplite/lib/libpebble.a(tmpjjxXcopebble.o)
 .text.persist_read_string
                0x0000000000000000        0xc /Users/Turner/pebble-dev/PebbleSDK-3.3/Pebble/aplite/lib/libpebble.a(tmpjjxXcopebble.o)
 .text.persist_write_data
                0x0000000000000000        0xc /Users/Turner/pebble-dev/PebbleSDK-3.3/Pebble/aplite/lib/libpebble.a(tmpjjxXcopebble.o)
 .text.dict_size
                0x0000000000000000        0xc /Users/Turner/pebble-dev/PebbleSDK-3.3/Pebble/aplite/lib/libpebble.a(tmpjjxXcopebble.o)
 .text.graphics_text_layout_get_content_size
                0x0000000000000000        0xc /Users/Turner/pebble-dev/PebbleSDK-3.3/Pebble/aplite/lib/libpebble.a(tmpjjxXcopebble.o)
 .text.simple_menu_layer_get_menu_layer
                0x0000000000000000        0xc /Users/Turner/pebble-dev/PebbleSDK-3.3/Pebble/aplite/lib/libpebble.a(tmpjjxXcopebble.o)
 .text.accel_data_service_subscribe
                0x0000000000000000        0xc /Users/Turner/pebble-dev/PebbleSDK-3.3/Pebble/aplite/lib/libpebble.a(tmpjjxXcopebble.o)
 .text.calloc   0x0000000000000000        0xc /Users/Turner/pebble-dev/PebbleSDK-3.3/Pebble/aplite/lib/libpebble.a(tmpjjxXcopebble.o)
 .text.bitmap_layer_get_bitmap
                0x0000000000000000        0xc /Users/Turner/pebble-dev/PebbleSDK-3.3/Pebble/aplite/lib/libpebble.a(tmpjjxXcopebble.o)
 .text.menu_layer_set_callbacks
                0x0000000000000000        0xc /Users/Turner/pebble-dev/PebbleSDK-3.3/Pebble/aplite/lib/libpebble.a(tmpjjxXcopebble.o)
 .text.window_get_click_config_context
                0x0000000000000000        0xc /Users/Turner/pebble-dev/PebbleSDK-3.3/Pebble/aplite/lib/libpebble.a(tmpjjxXcopebble.o)
 .text.number_window_get_window
                0x0000000000000000        0xc /Users/Turner/pebble-dev/PebbleSDK-3.3/Pebble/aplite/lib/libpebble.a(tmpjjxXcopebble.o)
 .text.realloc  0x0000000000000000        0xc /Users/Turner/pebble-dev/PebbleSDK-3.3/Pebble/aplite/lib/libpebble.a(tmpjjxXcopebble.o)
 .text.__gbitmap_create_blank
                0x0000000000000000        0xc /Users/Turner/pebble-dev/PebbleSDK-3.3/Pebble/aplite/lib/libpebble.a(tmpjjxXcopebble.o)
 .text.click_recognizer_is_repeating
                0x0000000000000000        0xc /Users/Turner/pebble-dev/PebbleSDK-3.3/Pebble/aplite/lib/libpebble.a(tmpjjxXcopebble.o)
 .text.accel_raw_data_service_subscribe
                0x0000000000000000        0xc /Users/Turner/pebble-dev/PebbleSDK-3.3/Pebble/aplite/lib/libpebble.a(tmpjjxXcopebble.o)
 .text.app_worker_is_running
                0x0000000000000000        0xc /Users/Turner/pebble-dev/PebbleSDK-3.3/Pebble/aplite/lib/libpebble.a(tmpjjxXcopebble.o)
 .text.app_worker_kill
                0x0000000000000000        0xc /Users/Turner/pebble-dev/PebbleSDK-3.3/Pebble/aplite/lib/libpebble.a(tmpjjxXcopebble.o)
 .text.app_worker_launch
                0x0000000000000000        0xc /Users/Turner/pebble-dev/PebbleSDK-3.3/Pebble/aplite/lib/libpebble.a(tmpjjxXcopebble.o)
 .text.app_worker_message_subscribe
                0x0000000000000000        0xc /Users/Turner/pebble-dev/PebbleSDK-3.3/Pebble/aplite/lib/libpebble.a(tmpjjxXcopebble.o)
 .text.app_worker_message_unsubscribe
                0x0000000000000000        0xc /Users/Turner/pebble-dev/PebbleSDK-3.3/Pebble/aplite/lib/libpebble.a(tmpjjxXcopebble.o)
 .text.app_worker_send_message
                0x0000000000000000        0xc /Users/Turner/pebble-dev/PebbleSDK-3.3/Pebble/aplite/lib/libpebble.a(tmpjjxXcopebble.o)
 .text.worker_event_loop
                0x0000000000000000        0xc /Users/Turner/pebble-dev/PebbleSDK-3.3/Pebble/aplite/lib/libpebble.a(tmpjjxXcopebble.o)
 .text.worker_launch_app
                0x0000000000000000        0xc /Users/Turner/pebble-dev/PebbleSDK-3.3/Pebble/aplite/lib/libpebble.a(tmpjjxXcopebble.o)
 .text.heap_bytes_free
                0x0000000000000000        0xc /Users/Turner/pebble-dev/PebbleSDK-3.3/Pebble/aplite/lib/libpebble.a(tmpjjxXcopebble.o)
 .text.heap_bytes_used
                0x0000000000000000        0xc /Users/Turner/pebble-dev/PebbleSDK-3.3/Pebble/aplite/lib/libpebble.a(tmpjjxXcopebble.o)
 .text.compass_service_peek
                0x0000000000000000        0xc /Users/Turner/pebble-dev/PebbleSDK-3.3/Pebble/aplite/lib/libpebble.a(tmpjjxXcopebble.o)
 .text.compass_service_set_heading_filter
                0x0000000000000000        0xc /Users/Turner/pebble-dev/PebbleSDK-3.3/Pebble/aplite/lib/libpebble.a(tmpjjxXcopebble.o)
 .text.compass_service_subscribe
                0x0000000000000000        0xc /Users/Turner/pebble-dev/PebbleSDK-3.3/Pebble/aplite/lib/libpebble.a(tmpjjxXcopebble.o)
 .text.compass_service_unsubscribe
                0x0000000000000000        0xc /Users/Turner/pebble-dev/PebbleSDK-3.3/Pebble/aplite/lib/libpebble.a(tmpjjxXcopebble.o)
 .text.uuid_equal
                0x0000000000000000        0xc /Users/Turner/pebble-dev/PebbleSDK-3.3/Pebble/aplite/lib/libpebble.a(tmpjjxXcopebble.o)
 .text.uuid_to_string
                0x0000000000000000        0xc /Users/Turner/pebble-dev/PebbleSDK-3.3/Pebble/aplite/lib/libpebble.a(tmpjjxXcopebble.o)
 .text.gpath_draw_filled
                0x0000000000000000        0xc /Users/Turner/pebble-dev/PebbleSDK-3.3/Pebble/aplite/lib/libpebble.a(tmpjjxXcopebble.o)
 .text.animation_set_custom_curve
                0x0000000000000000        0xc /Users/Turner/pebble-dev/PebbleSDK-3.3/Pebble/aplite/lib/libpebble.a(tmpjjxXcopebble.o)
 .text.watch_info_get_color
                0x0000000000000000        0xc /Users/Turner/pebble-dev/PebbleSDK-3.3/Pebble/aplite/lib/libpebble.a(tmpjjxXcopebble.o)
 .text.watch_info_get_firmware_version
                0x0000000000000000        0xc /Users/Turner/pebble-dev/PebbleSDK-3.3/Pebble/aplite/lib/libpebble.a(tmpjjxXcopebble.o)
 .text.watch_info_get_model
                0x0000000000000000        0xc /Users/Turner/pebble-dev/PebbleSDK-3.3/Pebble/aplite/lib/libpebble.a(tmpjjxXcopebble.o)
 .text.graphics_capture_frame_buffer
                0x0000000000000000        0xc /Users/Turner/pebble-dev/PebbleSDK-3.3/Pebble/aplite/lib/libpebble.a(tmpjjxXcopebble.o)
 .text.graphics_frame_buffer_is_captured
                0x0000000000000000        0xc /Users/Turner/pebble-dev/PebbleSDK-3.3/Pebble/aplite/lib/libpebble.a(tmpjjxXcopebble.o)
 .text.graphics_release_frame_buffer
                0x0000000000000000        0xc /Users/Turner/pebble-dev/PebbleSDK-3.3/Pebble/aplite/lib/libpebble.a(tmpjjxXcopebble.o)
 .text.clock_to_timestamp
                0x0000000000000000        0xc /Users/Turner/pebble-dev/PebbleSDK-3.3/Pebble/aplite/lib/libpebble.a(tmpjjxXcopebble.o)
 .text.launch_reason
                0x0000000000000000        0xc /Users/Turner/pebble-dev/PebbleSDK-3.3/Pebble/aplite/lib/libpebble.a(tmpjjxXcopebble.o)
 .text.wakeup_cancel
                0x0000000000000000        0xc /Users/Turner/pebble-dev/PebbleSDK-3.3/Pebble/aplite/lib/libpebble.a(tmpjjxXcopebble.o)
 .text.wakeup_cancel_all
                0x0000000000000000        0xc /Users/Turner/pebble-dev/PebbleSDK-3.3/Pebble/aplite/lib/libpebble.a(tmpjjxXcopebble.o)
 .text.wakeup_get_launch_event
                0x0000000000000000        0xc /Users/Turner/pebble-dev/PebbleSDK-3.3/Pebble/aplite/lib/libpebble.a(tmpjjxXcopebble.o)
 .text.wakeup_query
                0x0000000000000000        0xc /Users/Turner/pebble-dev/PebbleSDK-3.3/Pebble/aplite/lib/libpebble.a(tmpjjxXcopebble.o)
 .text.wakeup_schedule
                0x0000000000000000        0xc /Users/Turner/pebble-dev/PebbleSDK-3.3/Pebble/aplite/lib/libpebble.a(tmpjjxXcopebble.o)
 .text.wakeup_service_subscribe
                0x0000000000000000        0xc /Users/Turner/pebble-dev/PebbleSDK-3.3/Pebble/aplite/lib/libpebble.a(tmpjjxXcopebble.o)
 .text.clock_is_timezone_set
                0x0000000000000000        0xc /Users/Turner/pebble-dev/PebbleSDK-3.3/Pebble/aplite/lib/libpebble.a(tmpjjxXcopebble.o)
 .text._localeconv_r
                0x0000000000000000        0xc /Users/Turner/pebble-dev/PebbleSDK-3.3/Pebble/aplite/lib/libpebble.a(tmpjjxXcopebble.o)
 .text.setlocale
                0x0000000000000000        0xc /Users/Turner/pebble-dev/PebbleSDK-3.3/Pebble/aplite/lib/libpebble.a(tmpjjxXcopebble.o)
 .text.mktime   0x0000000000000000        0xc /Users/Turner/pebble-dev/PebbleSDK-3.3/Pebble/aplite/lib/libpebble.a(tmpjjxXcopebble.o)
 .bss           0x0000000000000000        0x0 /Users/Turner/pebble-dev/PebbleSDK-3.3/arm-cs-tools/bin/../lib/gcc/arm-none-eabi/4.7.2/thumb2/libgcc.a(_arm_addsubdf3.o)
 .bss           0x0000000000000000        0x0 /Users/Turner/pebble-dev/PebbleSDK-3.3/arm-cs-tools/bin/../lib/gcc/arm-none-eabi/4.7.2/thumb2/libgcc.a(_arm_muldivdf3.o)
 .bss           0x0000000000000000        0x0 /Users/Turner/pebble-dev/PebbleSDK-3.3/arm-cs-tools/bin/../lib/gcc/arm-none-eabi/4.7.2/thumb2/libgcc.a(_arm_fixdfsi.o)
 .text          0x0000000000000000        0x0 /Users/Turner/pebble-dev/PebbleSDK-3.3/arm-cs-tools/bin/../lib/gcc/arm-none-eabi/4.7.2/thumb2/crtend.o
 .bss           0x0000000000000000        0x0 /Users/Turner/pebble-dev/PebbleSDK-3.3/arm-cs-tools/bin/../lib/gcc/arm-none-eabi/4.7.2/thumb2/crtend.o
 .eh_frame      0x0000000000000000        0x4 /Users/Turner/pebble-dev/PebbleSDK-3.3/arm-cs-tools/bin/../lib/gcc/arm-none-eabi/4.7.2/thumb2/crtend.o
 .jcr           0x0000000000000000        0x4 /Users/Turner/pebble-dev/PebbleSDK-3.3/arm-cs-tools/bin/../lib/gcc/arm-none-eabi/4.7.2/thumb2/crtend.o
 .tm_clone_table
                0x0000000000000000        0x0 /Users/Turner/pebble-dev/PebbleSDK-3.3/arm-cs-tools/bin/../lib/gcc/arm-none-eabi/4.7.2/thumb2/crtend.o
 .text          0x0000000000000000        0x0 /Users/Turner/pebble-dev/PebbleSDK-3.3/arm-cs-tools/bin/../lib/gcc/arm-none-eabi/4.7.2/thumb2/crtn.o
 .bss           0x0000000000000000        0x0 /Users/Turner/pebble-dev/PebbleSDK-3.3/arm-cs-tools/bin/../lib/gcc/arm-none-eabi/4.7.2/thumb2/crtn.o
 .init          0x0000000000000000        0x8 /Users/Turner/pebble-dev/PebbleSDK-3.3/arm-cs-tools/bin/../lib/gcc/arm-none-eabi/4.7.2/thumb2/crtn.o
 .fini          0x0000000000000000        0x8 /Users/Turner/pebble-dev/PebbleSDK-3.3/arm-cs-tools/bin/../lib/gcc/arm-none-eabi/4.7.2/thumb2/crtn.o

Memory Configuration

Name             Origin             Length             Attributes
APP              0x0000000000000000 0x0000000000006000 xrw
*default*        0x0000000000000000 0xffffffffffffffff

Linker script and memory map

LOAD /Users/Turner/pebble-dev/PebbleSDK-3.3/arm-cs-tools/bin/../lib/gcc/arm-none-eabi/4.7.2/thumb2/crti.o
LOAD /Users/Turner/pebble-dev/PebbleSDK-3.3/arm-cs-tools/bin/../lib/gcc/arm-none-eabi/4.7.2/thumb2/crtbegin.o
LOAD src/localize.c.11.o
LOAD src/mealtime.c.11.o
LOAD aplite/appinfo.auto.c.11.o
LOAD /Users/Turner/pebble-dev/PebbleSDK-3.3/Pebble/aplite/lib/libpebble.a
START GROUP
LOAD /Users/Turner/pebble-dev/PebbleSDK-3.3/arm-cs-tools/bin/../lib/gcc/arm-none-eabi/4.7.2/thumb2/libgcc.a
LOAD /Users/Turner/pebble-dev/PebbleSDK-3.3/arm-cs-tools/bin/../lib/gcc/arm-none-eabi/4.7.2/../../../../arm-none-eabi/lib/thumb2/libc.a
END GROUP
LOAD /Users/Turner/pebble-dev/PebbleSDK-3.3/arm-cs-tools/bin/../lib/gcc/arm-none-eabi/4.7.2/thumb2/crtend.o
LOAD /Users/Turner/pebble-dev/PebbleSDK-3.3/arm-cs-tools/bin/../lib/gcc/arm-none-eabi/4.7.2/thumb2/crtn.o

.header         0x0000000000000000       0x82
 *(.pbl_header)
 .pbl_header    0x0000000000000000       0x82 aplite/appinfo.auto.c.11.o
                0x0000000000000000                __pbl_app_info

.note.gnu.build-id
                0x0000000000000082       0x26
                0x0000000000000082                PROVIDE (BUILD_ID, .)
 *(.note.gnu.build-id)
 *fill*         0x0000000000000082        0x2 
 .note.gnu.build-id
                0x0000000000000084       0x24 linker stubs

.text           0x00000000000000a8     0x1e31
 *(.text)
 .text          0x00000000000000a8       0x14 /Users/Turner/pebble-dev/PebbleSDK-3.3/Pebble/aplite/lib/libpebble.a(tmpjjxXcopebble.o)
 .text          0x00000000000000bc      0x370 /Users/Turner/pebble-dev/PebbleSDK-3.3/arm-cs-tools/bin/../lib/gcc/arm-none-eabi/4.7.2/thumb2/libgcc.a(_arm_addsubdf3.o)
                0x00000000000000bc                __aeabi_drsub
                0x00000000000000c4                __subdf3
                0x00000000000000c4                __aeabi_dsub
                0x00000000000000c8                __aeabi_dadd
                0x00000000000000c8                __adddf3
                0x0000000000000340                __aeabi_ui2d
                0x0000000000000340                __floatunsidf
                0x0000000000000360                __floatsidf
                0x0000000000000360                __aeabi_i2d
                0x0000000000000384                __extendsfdf2
                0x0000000000000384                __aeabi_f2d
                0x00000000000003c0                __aeabi_ul2d
                0x00000000000003c0                __floatundidf
                0x00000000000003d0                __aeabi_l2d
                0x00000000000003d0                __floatdidf
 .text          0x000000000000042c      0x424 /Users/Turner/pebble-dev/PebbleSDK-3.3/arm-cs-tools/bin/../lib/gcc/arm-none-eabi/4.7.2/thumb2/libgcc.a(_arm_muldivdf3.o)
                0x000000000000042c                __aeabi_dmul
                0x000000000000042c                __muldf3
                0x0000000000000680                __aeabi_ddiv
                0x0000000000000680                __divdf3
 .text          0x0000000000000850       0x50 /Users/Turner/pebble-dev/PebbleSDK-3.3/arm-cs-tools/bin/../lib/gcc/arm-none-eabi/4.7.2/thumb2/libgcc.a(_arm_fixdfsi.o)
                0x0000000000000850                __fixdfsi
                0x0000000000000850                __aeabi_d2iz
 *(.text.*)
 .text.locale_init
                0x00000000000008a0      0x110 src/localize.c.11.o
                0x00000000000008a0                locale_init
 .text.locale_str
                0x00000000000009b0       0x28 src/localize.c.11.o
                0x00000000000009b0                locale_str
 .text.outbox_sent_callback
                0x00000000000009d8       0x1c src/mealtime.c.11.o
 .text.outbox_failed_callback
                0x00000000000009f4       0x48 src/mealtime.c.11.o
 .text.inbox_dropped_callback
                0x0000000000000a3c       0x48 src/mealtime.c.11.o
 .text.inbox_received_callback
                0x0000000000000a84      0x114 src/mealtime.c.11.o
 .text.battery_handler
                0x0000000000000b98       0x14 src/mealtime.c.11.o
 .text.update_time
                0x0000000000000bac      0x5c8 src/mealtime.c.11.o
 .text.main_window_unload
                0x0000000000001174       0x5c src/mealtime.c.11.o
 .text.main_window_load
                0x00000000000011d0      0x244 src/mealtime.c.11.o
 *fill*         0x0000000000001414        0x4 
 .text.batt_layer_draw
                0x0000000000001418      0x3e8 src/mealtime.c.11.o
 .text.on_animation_stopped
                0x0000000000001800        0x4 src/mealtime.c.11.o
                0x0000000000001800                on_animation_stopped
 .text.tick_handler
                0x0000000000001804       0x2c src/mealtime.c.11.o
 .text.animate_layer
                0x0000000000001830       0x40 src/mealtime.c.11.o
                0x0000000000001830                animate_layer
 .text.tap_handler
                0x0000000000001870      0x134 src/mealtime.c.11.o
 .text.startup.main
                0x00000000000019a4       0xcc src/mealtime.c.11.o
                0x00000000000019a4                main
 .text.accel_tap_service_subscribe
                0x0000000000001a70        0xc /Users/Turner/pebble-dev/PebbleSDK-3.3/Pebble/aplite/lib/libpebble.a(tmpjjxXcopebble.o)
                0x0000000000001a70                accel_tap_service_subscribe
 .text.animation_schedule
                0x0000000000001a7c        0xc /Users/Turner/pebble-dev/PebbleSDK-3.3/Pebble/aplite/lib/libpebble.a(tmpjjxXcopebble.o)
                0x0000000000001a7c                animation_schedule
 .text.animation_set_delay
                0x0000000000001a88        0xc /Users/Turner/pebble-dev/PebbleSDK-3.3/Pebble/aplite/lib/libpebble.a(tmpjjxXcopebble.o)
                0x0000000000001a88                animation_set_delay
 .text.animation_set_duration
                0x0000000000001a94        0xc /Users/Turner/pebble-dev/PebbleSDK-3.3/Pebble/aplite/lib/libpebble.a(tmpjjxXcopebble.o)
                0x0000000000001a94                animation_set_duration
 .text.animation_set_handlers
                0x0000000000001aa0        0xc /Users/Turner/pebble-dev/PebbleSDK-3.3/Pebble/aplite/lib/libpebble.a(tmpjjxXcopebble.o)
                0x0000000000001aa0                animation_set_handlers
 .text.app_event_loop
                0x0000000000001aac        0xc /Users/Turner/pebble-dev/PebbleSDK-3.3/Pebble/aplite/lib/libpebble.a(tmpjjxXcopebble.o)
                0x0000000000001aac                app_event_loop
 .text.app_log  0x0000000000001ab8        0xc /Users/Turner/pebble-dev/PebbleSDK-3.3/Pebble/aplite/lib/libpebble.a(tmpjjxXcopebble.o)
                0x0000000000001ab8                app_log
 .text.app_message_open
                0x0000000000001ac4        0xc /Users/Turner/pebble-dev/PebbleSDK-3.3/Pebble/aplite/lib/libpebble.a(tmpjjxXcopebble.o)
                0x0000000000001ac4                app_message_open
 .text.battery_state_service_peek
                0x0000000000001ad0        0xc /Users/Turner/pebble-dev/PebbleSDK-3.3/Pebble/aplite/lib/libpebble.a(tmpjjxXcopebble.o)
                0x0000000000001ad0                battery_state_service_peek
 .text.battery_state_service_subscribe
                0x0000000000001adc        0xc /Users/Turner/pebble-dev/PebbleSDK-3.3/Pebble/aplite/lib/libpebble.a(tmpjjxXcopebble.o)
                0x0000000000001adc                battery_state_service_subscribe
 .text.battery_state_service_unsubscribe
                0x0000000000001ae8        0xc /Users/Turner/pebble-dev/PebbleSDK-3.3/Pebble/aplite/lib/libpebble.a(tmpjjxXcopebble.o)
                0x0000000000001ae8                battery_state_service_unsubscribe
 .text.dict_find
                0x0000000000001af4        0xc /Users/Turner/pebble-dev/PebbleSDK-3.3/Pebble/aplite/lib/libpebble.a(tmpjjxXcopebble.o)
                0x0000000000001af4                dict_find
 .text.dict_read_first
                0x0000000000001b00        0xc /Users/Turner/pebble-dev/PebbleSDK-3.3/Pebble/aplite/lib/libpebble.a(tmpjjxXcopebble.o)
                0x0000000000001b00                dict_read_first
 .text.dict_read_next
                0x0000000000001b0c        0xc /Users/Turner/pebble-dev/PebbleSDK-3.3/Pebble/aplite/lib/libpebble.a(tmpjjxXcopebble.o)
                0x0000000000001b0c                dict_read_next
 .text.dict_write_begin
                0x0000000000001b18        0xc /Users/Turner/pebble-dev/PebbleSDK-3.3/Pebble/aplite/lib/libpebble.a(tmpjjxXcopebble.o)
                0x0000000000001b18                dict_write_begin
 .text.dict_write_end
                0x0000000000001b24        0xc /Users/Turner/pebble-dev/PebbleSDK-3.3/Pebble/aplite/lib/libpebble.a(tmpjjxXcopebble.o)
                0x0000000000001b24                dict_write_end
 .text.dict_write_tuplet
                0x0000000000001b30        0xc /Users/Turner/pebble-dev/PebbleSDK-3.3/Pebble/aplite/lib/libpebble.a(tmpjjxXcopebble.o)
                0x0000000000001b30                dict_write_tuplet
 .text.dict_write_uint8
                0x0000000000001b3c        0xc /Users/Turner/pebble-dev/PebbleSDK-3.3/Pebble/aplite/lib/libpebble.a(tmpjjxXcopebble.o)
                0x0000000000001b3c                dict_write_uint8
 .text.fonts_load_custom_font
                0x0000000000001b48        0xc /Users/Turner/pebble-dev/PebbleSDK-3.3/Pebble/aplite/lib/libpebble.a(tmpjjxXcopebble.o)
                0x0000000000001b48                fonts_load_custom_font
 .text.fonts_unload_custom_font
                0x0000000000001b54        0xc /Users/Turner/pebble-dev/PebbleSDK-3.3/Pebble/aplite/lib/libpebble.a(tmpjjxXcopebble.o)
                0x0000000000001b54                fonts_unload_custom_font
 .text.graphics_context_set_fill_color
                0x0000000000001b60        0xc /Users/Turner/pebble-dev/PebbleSDK-3.3/Pebble/aplite/lib/libpebble.a(tmpjjxXcopebble.o)
                0x0000000000001b60                graphics_context_set_fill_color
 .text.graphics_fill_rect
                0x0000000000001b6c        0xc /Users/Turner/pebble-dev/PebbleSDK-3.3/Pebble/aplite/lib/libpebble.a(tmpjjxXcopebble.o)
                0x0000000000001b6c                graphics_fill_rect
 .text.layer_add_child
                0x0000000000001b78        0xc /Users/Turner/pebble-dev/PebbleSDK-3.3/Pebble/aplite/lib/libpebble.a(tmpjjxXcopebble.o)
                0x0000000000001b78                layer_add_child
 .text.layer_create
                0x0000000000001b84        0xc /Users/Turner/pebble-dev/PebbleSDK-3.3/Pebble/aplite/lib/libpebble.a(tmpjjxXcopebble.o)
                0x0000000000001b84                layer_create
 .text.layer_destroy
                0x0000000000001b90        0xc /Users/Turner/pebble-dev/PebbleSDK-3.3/Pebble/aplite/lib/libpebble.a(tmpjjxXcopebble.o)
                0x0000000000001b90                layer_destroy
 .text.layer_mark_dirty
                0x0000000000001b9c        0xc /Users/Turner/pebble-dev/PebbleSDK-3.3/Pebble/aplite/lib/libpebble.a(tmpjjxXcopebble.o)
                0x0000000000001b9c                layer_mark_dirty
 .text.layer_set_update_proc
                0x0000000000001ba8        0xc /Users/Turner/pebble-dev/PebbleSDK-3.3/Pebble/aplite/lib/libpebble.a(tmpjjxXcopebble.o)
                0x0000000000001ba8                layer_set_update_proc
 .text.localtime
                0x0000000000001bb4        0xc /Users/Turner/pebble-dev/PebbleSDK-3.3/Pebble/aplite/lib/libpebble.a(tmpjjxXcopebble.o)
                0x0000000000001bb4                localtime
 .text.malloc   0x0000000000001bc0        0xc /Users/Turner/pebble-dev/PebbleSDK-3.3/Pebble/aplite/lib/libpebble.a(tmpjjxXcopebble.o)
                0x0000000000001bc0                malloc
 .text.memset   0x0000000000001bcc        0xc /Users/Turner/pebble-dev/PebbleSDK-3.3/Pebble/aplite/lib/libpebble.a(tmpjjxXcopebble.o)
                0x0000000000001bcc                memset
 .text.persist_read_bool
                0x0000000000001bd8        0xc /Users/Turner/pebble-dev/PebbleSDK-3.3/Pebble/aplite/lib/libpebble.a(tmpjjxXcopebble.o)
                0x0000000000001bd8                persist_read_bool
 .text.persist_write_bool
                0x0000000000001be4        0xc /Users/Turner/pebble-dev/PebbleSDK-3.3/Pebble/aplite/lib/libpebble.a(tmpjjxXcopebble.o)
                0x0000000000001be4                persist_write_bool
 .text.property_animation_create_layer_frame
                0x0000000000001bf0        0xc /Users/Turner/pebble-dev/PebbleSDK-3.3/Pebble/aplite/lib/libpebble.a(tmpjjxXcopebble.o)
                0x0000000000001bf0                property_animation_create_layer_frame
 .text.property_animation_destroy
                0x0000000000001bfc        0xc /Users/Turner/pebble-dev/PebbleSDK-3.3/Pebble/aplite/lib/libpebble.a(tmpjjxXcopebble.o)
                0x0000000000001bfc                property_animation_destroy
 .text.resource_get_handle
                0x0000000000001c08        0xc /Users/Turner/pebble-dev/PebbleSDK-3.3/Pebble/aplite/lib/libpebble.a(tmpjjxXcopebble.o)
                0x0000000000001c08                resource_get_handle
 .text.resource_load_byte_range
                0x0000000000001c14        0xc /Users/Turner/pebble-dev/PebbleSDK-3.3/Pebble/aplite/lib/libpebble.a(tmpjjxXcopebble.o)
                0x0000000000001c14                resource_load_byte_range
 .text.resource_size
                0x0000000000001c20        0xc /Users/Turner/pebble-dev/PebbleSDK-3.3/Pebble/aplite/lib/libpebble.a(tmpjjxXcopebble.o)
                0x0000000000001c20                resource_size
 .text.snprintf
                0x0000000000001c2c        0xc /Users/Turner/pebble-dev/PebbleSDK-3.3/Pebble/aplite/lib/libpebble.a(tmpjjxXcopebble.o)
                0x0000000000001c2c                snprintf
 .text.strcmp   0x0000000000001c38        0xc /Users/Turner/pebble-dev/PebbleSDK-3.3/Pebble/aplite/lib/libpebble.a(tmpjjxXcopebble.o)
                0x0000000000001c38                strcmp
 .text.strftime
                0x0000000000001c44        0xc /Users/Turner/pebble-dev/PebbleSDK-3.3/Pebble/aplite/lib/libpebble.a(tmpjjxXcopebble.o)
                0x0000000000001c44                strftime
 .text.strncmp  0x0000000000001c50        0xc /Users/Turner/pebble-dev/PebbleSDK-3.3/Pebble/aplite/lib/libpebble.a(tmpjjxXcopebble.o)
                0x0000000000001c50                strncmp
 .text.text_layer_create
                0x0000000000001c5c        0xc /Users/Turner/pebble-dev/PebbleSDK-3.3/Pebble/aplite/lib/libpebble.a(tmpjjxXcopebble.o)
                0x0000000000001c5c                text_layer_create
 .text.text_layer_destroy
                0x0000000000001c68        0xc /Users/Turner/pebble-dev/PebbleSDK-3.3/Pebble/aplite/lib/libpebble.a(tmpjjxXcopebble.o)
                0x0000000000001c68                text_layer_destroy
 .text.text_layer_get_layer
                0x0000000000001c74        0xc /Users/Turner/pebble-dev/PebbleSDK-3.3/Pebble/aplite/lib/libpebble.a(tmpjjxXcopebble.o)
                0x0000000000001c74                text_layer_get_layer
 .text.text_layer_set_background_color
                0x0000000000001c80        0xc /Users/Turner/pebble-dev/PebbleSDK-3.3/Pebble/aplite/lib/libpebble.a(tmpjjxXcopebble.o)
                0x0000000000001c80                text_layer_set_background_color
 .text.text_layer_set_font
                0x0000000000001c8c        0xc /Users/Turner/pebble-dev/PebbleSDK-3.3/Pebble/aplite/lib/libpebble.a(tmpjjxXcopebble.o)
                0x0000000000001c8c                text_layer_set_font
 .text.text_layer_set_text
                0x0000000000001c98        0xc /Users/Turner/pebble-dev/PebbleSDK-3.3/Pebble/aplite/lib/libpebble.a(tmpjjxXcopebble.o)
                0x0000000000001c98                text_layer_set_text
 .text.text_layer_set_text_alignment
                0x0000000000001ca4        0xc /Users/Turner/pebble-dev/PebbleSDK-3.3/Pebble/aplite/lib/libpebble.a(tmpjjxXcopebble.o)
                0x0000000000001ca4                text_layer_set_text_alignment
 .text.text_layer_set_text_color
                0x0000000000001cb0        0xc /Users/Turner/pebble-dev/PebbleSDK-3.3/Pebble/aplite/lib/libpebble.a(tmpjjxXcopebble.o)
                0x0000000000001cb0                text_layer_set_text_color
 .text.tick_timer_service_subscribe
                0x0000000000001cbc        0xc /Users/Turner/pebble-dev/PebbleSDK-3.3/Pebble/aplite/lib/libpebble.a(tmpjjxXcopebble.o)
                0x0000000000001cbc                tick_timer_service_subscribe
 .text.tick_timer_service_unsubscribe
                0x0000000000001cc8        0xc /Users/Turner/pebble-dev/PebbleSDK-3.3/Pebble/aplite/lib/libpebble.a(tmpjjxXcopebble.o)
                0x0000000000001cc8                tick_timer_service_unsubscribe
 .text.time     0x0000000000001cd4        0xc /Users/Turner/pebble-dev/PebbleSDK-3.3/Pebble/aplite/lib/libpebble.a(tmpjjxXcopebble.o)
                0x0000000000001cd4                time
 .text.window_create
                0x0000000000001ce0        0xc /Users/Turner/pebble-dev/PebbleSDK-3.3/Pebble/aplite/lib/libpebble.a(tmpjjxXcopebble.o)
                0x0000000000001ce0                window_create
 .text.window_destroy
                0x0000000000001cec        0xc /Users/Turner/pebble-dev/PebbleSDK-3.3/Pebble/aplite/lib/libpebble.a(tmpjjxXcopebble.o)
                0x0000000000001cec                window_destroy
 .text.window_get_root_layer
                0x0000000000001cf8        0xc /Users/Turner/pebble-dev/PebbleSDK-3.3/Pebble/aplite/lib/libpebble.a(tmpjjxXcopebble.o)
                0x0000000000001cf8                window_get_root_layer
 .text.window_set_background_color
                0x0000000000001d04        0xc /Users/Turner/pebble-dev/PebbleSDK-3.3/Pebble/aplite/lib/libpebble.a(tmpjjxXcopebble.o)
                0x0000000000001d04                window_set_background_color
 .text.window_set_window_handlers
                0x0000000000001d10        0xc /Users/Turner/pebble-dev/PebbleSDK-3.3/Pebble/aplite/lib/libpebble.a(tmpjjxXcopebble.o)
                0x0000000000001d10                window_set_window_handlers
 .text.window_stack_push
                0x0000000000001d1c        0xc /Users/Turner/pebble-dev/PebbleSDK-3.3/Pebble/aplite/lib/libpebble.a(tmpjjxXcopebble.o)
                0x0000000000001d1c                window_stack_push
 .text.app_message_inbox_size_maximum
                0x0000000000001d28        0xc /Users/Turner/pebble-dev/PebbleSDK-3.3/Pebble/aplite/lib/libpebble.a(tmpjjxXcopebble.o)
                0x0000000000001d28                app_message_inbox_size_maximum
 .text.app_message_outbox_begin
                0x0000000000001d34        0xc /Users/Turner/pebble-dev/PebbleSDK-3.3/Pebble/aplite/lib/libpebble.a(tmpjjxXcopebble.o)
                0x0000000000001d34                app_message_outbox_begin
 .text.app_message_outbox_send
                0x0000000000001d40        0xc /Users/Turner/pebble-dev/PebbleSDK-3.3/Pebble/aplite/lib/libpebble.a(tmpjjxXcopebble.o)
                0x0000000000001d40                app_message_outbox_send
 .text.app_message_outbox_size_maximum
                0x0000000000001d4c        0xc /Users/Turner/pebble-dev/PebbleSDK-3.3/Pebble/aplite/lib/libpebble.a(tmpjjxXcopebble.o)
                0x0000000000001d4c                app_message_outbox_size_maximum
 .text.app_message_register_inbox_dropped
                0x0000000000001d58        0xc /Users/Turner/pebble-dev/PebbleSDK-3.3/Pebble/aplite/lib/libpebble.a(tmpjjxXcopebble.o)
                0x0000000000001d58                app_message_register_inbox_dropped
 .text.app_message_register_inbox_received
                0x0000000000001d64        0xc /Users/Turner/pebble-dev/PebbleSDK-3.3/Pebble/aplite/lib/libpebble.a(tmpjjxXcopebble.o)
                0x0000000000001d64                app_message_register_inbox_received
 .text.app_message_register_outbox_failed
                0x0000000000001d70        0xc /Users/Turner/pebble-dev/PebbleSDK-3.3/Pebble/aplite/lib/libpebble.a(tmpjjxXcopebble.o)
                0x0000000000001d70                app_message_register_outbox_failed
 .text.app_message_register_outbox_sent
                0x0000000000001d7c        0xc /Users/Turner/pebble-dev/PebbleSDK-3.3/Pebble/aplite/lib/libpebble.a(tmpjjxXcopebble.o)
                0x0000000000001d7c                app_message_register_outbox_sent
 .text.i18n_get_system_locale
                0x0000000000001d88        0xc /Users/Turner/pebble-dev/PebbleSDK-3.3/Pebble/aplite/lib/libpebble.a(tmpjjxXcopebble.o)
                0x0000000000001d88                i18n_get_system_locale
 *(.rodata)
 .rodata        0x0000000000001d94       0x50 src/mealtime.c.11.o
 *(.rodata*)
 .rodata.str1.1
                0x0000000000001de4        0xb src/localize.c.11.o
 .rodata.str1.1
                0x0000000000001def       0xea src/mealtime.c.11.o

.glue_7         0x0000000000001edc        0x0
 .glue_7        0x0000000000000000        0x0 linker stubs

.glue_7t        0x0000000000001edc        0x0
 .glue_7t       0x0000000000000000        0x0 linker stubs

.vfp11_veneer   0x0000000000001edc        0x0
 .vfp11_veneer  0x0000000000000000        0x0 linker stubs

.v4_bx          0x0000000000001edc        0x0
 .v4_bx         0x0000000000000000        0x0 linker stubs

.iplt           0x0000000000001edc        0x0
 .iplt          0x0000000000000000        0x0 /Users/Turner/pebble-dev/PebbleSDK-3.3/arm-cs-tools/bin/../lib/gcc/arm-none-eabi/4.7.2/thumb2/crtbegin.o

.rel.dyn        0x0000000000001edc        0x0
 .rel.iplt      0x0000000000000000        0x0 /Users/Turner/pebble-dev/PebbleSDK-3.3/arm-cs-tools/bin/../lib/gcc/arm-none-eabi/4.7.2/thumb2/crtbegin.o
 .rel.got       0x0000000000000000        0x0 /Users/Turner/pebble-dev/PebbleSDK-3.3/arm-cs-tools/bin/../lib/gcc/arm-none-eabi/4.7.2/thumb2/crtbegin.o

.data           0x0000000000001edc        0xe
 *(.data)
 .data          0x0000000000001edc        0x0 /Users/Turner/pebble-dev/PebbleSDK-3.3/arm-cs-tools/bin/../lib/gcc/arm-none-eabi/4.7.2/thumb2/crti.o
 .data          0x0000000000001edc        0x4 /Users/Turner/pebble-dev/PebbleSDK-3.3/arm-cs-tools/bin/../lib/gcc/arm-none-eabi/4.7.2/thumb2/crtbegin.o
                0x0000000000001edc                __dso_handle
 .data          0x0000000000001ee0        0x0 src/localize.c.11.o
 .data          0x0000000000001ee0        0x0 src/mealtime.c.11.o
 .data          0x0000000000001ee0        0x0 aplite/appinfo.auto.c.11.o
 .data          0x0000000000001ee0        0x0 /Users/Turner/pebble-dev/PebbleSDK-3.3/Pebble/aplite/lib/libpebble.a(tmpjjxXcopebble.o)
 .data          0x0000000000001ee0        0x0 /Users/Turner/pebble-dev/PebbleSDK-3.3/arm-cs-tools/bin/../lib/gcc/arm-none-eabi/4.7.2/thumb2/libgcc.a(_arm_addsubdf3.o)
 .data          0x0000000000001ee0        0x0 /Users/Turner/pebble-dev/PebbleSDK-3.3/arm-cs-tools/bin/../lib/gcc/arm-none-eabi/4.7.2/thumb2/libgcc.a(_arm_muldivdf3.o)
 .data          0x0000000000001ee0        0x0 /Users/Turner/pebble-dev/PebbleSDK-3.3/arm-cs-tools/bin/../lib/gcc/arm-none-eabi/4.7.2/thumb2/libgcc.a(_arm_fixdfsi.o)
 .data          0x0000000000001ee0        0x0 /Users/Turner/pebble-dev/PebbleSDK-3.3/arm-cs-tools/bin/../lib/gcc/arm-none-eabi/4.7.2/thumb2/crtend.o
 .data          0x0000000000001ee0        0x0 /Users/Turner/pebble-dev/PebbleSDK-3.3/arm-cs-tools/bin/../lib/gcc/arm-none-eabi/4.7.2/thumb2/crtn.o
 *(.data.*)
 .data.date_buffer.6713
                0x0000000000001ee0        0xa src/mealtime.c.11.o

.igot.plt       0x0000000000001eec        0x0
 .igot.plt      0x0000000000000000        0x0 /Users/Turner/pebble-dev/PebbleSDK-3.3/arm-cs-tools/bin/../lib/gcc/arm-none-eabi/4.7.2/thumb2/crtbegin.o

.got            0x0000000000001eec        0x4
 .got           0x0000000000001eec        0x4 /Users/Turner/pebble-dev/PebbleSDK-3.3/arm-cs-tools/bin/../lib/gcc/arm-none-eabi/4.7.2/thumb2/crtbegin.o

.got.plt        0x0000000000001ef0        0xc
 .got.plt       0x0000000000001ef0        0xc /Users/Turner/pebble-dev/PebbleSDK-3.3/arm-cs-tools/bin/../lib/gcc/arm-none-eabi/4.7.2/thumb2/crtbegin.o
                0x0000000000001ef0                _GLOBAL_OFFSET_TABLE_

.bss            0x0000000000001efc       0xd4
 *(.bss)
 *(.bss.*)
 .bss.temperaturec_buffer.6793
                0x0000000000001efc       0x19 src/mealtime.c.11.o
 *fill*         0x0000000000001f15        0x3 
 .bss.s_temp_layer
                0x0000000000001f18        0x4 src/mealtime.c.11.o
 .bss.s_date_layer
                0x0000000000001f1c        0x4 src/mealtime.c.11.o
 .bss.batt_layer
                0x0000000000001f20        0x4 src/mealtime.c.11.o
 .bss.s_date_font
                0x0000000000001f24        0x4 src/mealtime.c.11.o
 .bss.s_time_layer
                0x0000000000001f28        0x4 src/mealtime.c.11.o
 .bss.s_weather_font
                0x0000000000001f2c        0x4 src/mealtime.c.11.o
 .bss.temperature_buffer.6792
                0x0000000000001f30       0x19 src/mealtime.c.11.o
 *fill*         0x0000000000001f49        0x3 
 .bss.s_time_font
                0x0000000000001f4c        0x4 src/mealtime.c.11.o
 .bss.conditions_buffer.6794
                0x0000000000001f50       0x64 src/mealtime.c.11.o
 .bss.s_weather_layer
                0x0000000000001fb4        0x4 src/mealtime.c.11.o
 .bss.s_ampm_layer
                0x0000000000001fb8        0x4 src/mealtime.c.11.o
 .bss.s_temp_font
                0x0000000000001fbc        0x4 src/mealtime.c.11.o
 .bss.s_main_window
                0x0000000000001fc0        0x4 src/mealtime.c.11.o
 COMMON         0x0000000000001fc4        0xc src/localize.c.11.o
                0x0000000000001fc4                s_locale_dict

DISCARD
 libc.a(*)
 libm.a(*)
 libgcc.a(*)
 *(.eh_frame)
OUTPUT(/Users/Turner/pebble-dev/PebbleSDK-3.3/projects/vacation-time/build/aplite/pebble-app.elf elf32-littlearm)

.ARM.attributes
                0x0000000000000000       0x27
 .ARM.attributes
                0x0000000000000000       0x19 /Users/Turner/pebble-dev/PebbleSDK-3.3/arm-cs-tools/bin/../lib/gcc/arm-none-eabi/4.7.2/thumb2/crti.o
 .ARM.attributes
                0x0000000000000019       0x29 /Users/Turner/pebble-dev/PebbleSDK-3.3/arm-cs-tools/bin/../lib/gcc/arm-none-eabi/4.7.2/thumb2/crtbegin.o
 .ARM.attributes
                0x0000000000000042       0x33 src/localize.c.11.o
 .ARM.attributes
                0x0000000000000075       0x33 src/mealtime.c.11.o
 .ARM.attributes
                0x00000000000000a8       0x33 aplite/appinfo.auto.c.11.o
 .ARM.attributes
                0x00000000000000db       0x21 /Users/Turner/pebble-dev/PebbleSDK-3.3/Pebble/aplite/lib/libpebble.a(tmpjjxXcopebble.o)
 .ARM.attributes
                0x00000000000000fc       0x19 /Users/Turner/pebble-dev/PebbleSDK-3.3/arm-cs-tools/bin/../lib/gcc/arm-none-eabi/4.7.2/thumb2/libgcc.a(_arm_addsubdf3.o)
 .ARM.attributes
                0x0000000000000115       0x19 /Users/Turner/pebble-dev/PebbleSDK-3.3/arm-cs-tools/bin/../lib/gcc/arm-none-eabi/4.7.2/thumb2/libgcc.a(_arm_muldivdf3.o)
 .ARM.attributes
                0x000000000000012e       0x19 /Users/Turner/pebble-dev/PebbleSDK-3.3/arm-cs-tools/bin/../lib/gcc/arm-none-eabi/4.7.2/thumb2/libgcc.a(_arm_fixdfsi.o)
 .ARM.attributes
                0x0000000000000147       0x29 /Users/Turner/pebble-dev/PebbleSDK-3.3/arm-cs-tools/bin/../lib/gcc/arm-none-eabi/4.7.2/thumb2/crtend.o
 .ARM.attributes
                0x0000000000000170       0x19 /Users/Turner/pebble-dev/PebbleSDK-3.3/arm-cs-tools/bin/../lib/gcc/arm-none-eabi/4.7.2/thumb2/crtn.o

.comment        0x0000000000000000       0x4e
 .comment       0x0000000000000000       0x4e /Users/Turner/pebble-dev/PebbleSDK-3.3/arm-cs-tools/bin/../lib/gcc/arm-none-eabi/4.7.2/thumb2/crtbegin.o
                                         0x4f (size before relaxing)
 .comment       0x0000000000000000       0x4f src/localize.c.11.o
 .comment       0x0000000000000000       0x4f src/mealtime.c.11.o
 .comment       0x0000000000000000       0x4f aplite/appinfo.auto.c.11.o
 .comment       0x0000000000000000       0x4f /Users/Turner/pebble-dev/PebbleSDK-3.3/arm-cs-tools/bin/../lib/gcc/arm-none-eabi/4.7.2/thumb2/crtend.o

.debug_info     0x0000000000000000     0x3622
 .debug_info    0x0000000000000000      0x81c src/localize.c.11.o
 .debug_info    0x000000000000081c     0x287d src/mealtime.c.11.o
 .debug_info    0x0000000000003099      0x35e aplite/appinfo.auto.c.11.o
 .debug_info    0x00000000000033f7       0xb9 /Users/Turner/pebble-dev/PebbleSDK-3.3/arm-cs-tools/bin/../lib/gcc/arm-none-eabi/4.7.2/thumb2/libgcc.a(_arm_addsubdf3.o)
 .debug_info    0x00000000000034b0       0xb9 /Users/Turner/pebble-dev/PebbleSDK-3.3/arm-cs-tools/bin/../lib/gcc/arm-none-eabi/4.7.2/thumb2/libgcc.a(_arm_muldivdf3.o)
 .debug_info    0x0000000000003569       0xb9 /Users/Turner/pebble-dev/PebbleSDK-3.3/arm-cs-tools/bin/../lib/gcc/arm-none-eabi/4.7.2/thumb2/libgcc.a(_arm_fixdfsi.o)

.debug_abbrev   0x0000000000000000      0x77b
 .debug_abbrev  0x0000000000000000      0x247 src/localize.c.11.o
 .debug_abbrev  0x0000000000000247      0x45a src/mealtime.c.11.o
 .debug_abbrev  0x00000000000006a1       0x9e aplite/appinfo.auto.c.11.o
 .debug_abbrev  0x000000000000073f       0x14 /Users/Turner/pebble-dev/PebbleSDK-3.3/arm-cs-tools/bin/../lib/gcc/arm-none-eabi/4.7.2/thumb2/libgcc.a(_arm_addsubdf3.o)
 .debug_abbrev  0x0000000000000753       0x14 /Users/Turner/pebble-dev/PebbleSDK-3.3/arm-cs-tools/bin/../lib/gcc/arm-none-eabi/4.7.2/thumb2/libgcc.a(_arm_muldivdf3.o)
 .debug_abbrev  0x0000000000000767       0x14 /Users/Turner/pebble-dev/PebbleSDK-3.3/arm-cs-tools/bin/../lib/gcc/arm-none-eabi/4.7.2/thumb2/libgcc.a(_arm_fixdfsi.o)

.debug_loc      0x0000000000000000      0x967
 .debug_loc     0x0000000000000000      0x217 src/localize.c.11.o
 .debug_loc     0x0000000000000217      0x750 src/mealtime.c.11.o

.debug_aranges  0x0000000000000000      0x128
 .debug_aranges
                0x0000000000000000       0x28 src/localize.c.11.o
 .debug_aranges
                0x0000000000000028       0x88 src/mealtime.c.11.o
 .debug_aranges
                0x00000000000000b0       0x18 aplite/appinfo.auto.c.11.o
 .debug_aranges
                0x00000000000000c8       0x20 /Users/Turner/pebble-dev/PebbleSDK-3.3/arm-cs-tools/bin/../lib/gcc/arm-none-eabi/4.7.2/thumb2/libgcc.a(_arm_addsubdf3.o)
 .debug_aranges
                0x00000000000000e8       0x20 /Users/Turner/pebble-dev/PebbleSDK-3.3/arm-cs-tools/bin/../lib/gcc/arm-none-eabi/4.7.2/thumb2/libgcc.a(_arm_muldivdf3.o)
 .debug_aranges
                0x0000000000000108       0x20 /Users/Turner/pebble-dev/PebbleSDK-3.3/arm-cs-tools/bin/../lib/gcc/arm-none-eabi/4.7.2/thumb2/libgcc.a(_arm_fixdfsi.o)

.debug_ranges   0x0000000000000000       0xc8
 .debug_ranges  0x0000000000000000       0x50 src/localize.c.11.o
 .debug_ranges  0x0000000000000050       0x78 src/mealtime.c.11.o

.debug_line     0x0000000000000000      0xdf4
 .debug_line    0x0000000000000000      0x2a4 src/localize.c.11.o
 .debug_line    0x00000000000002a4      0x567 src/mealtime.c.11.o
 .debug_line    0x000000000000080b      0x133 aplite/appinfo.auto.c.11.o
 .debug_line    0x000000000000093e      0x20a /Users/Turner/pebble-dev/PebbleSDK-3.3/arm-cs-tools/bin/../lib/gcc/arm-none-eabi/4.7.2/thumb2/libgcc.a(_arm_addsubdf3.o)
 .debug_line    0x0000000000000b48      0x226 /Users/Turner/pebble-dev/PebbleSDK-3.3/arm-cs-tools/bin/../lib/gcc/arm-none-eabi/4.7.2/thumb2/libgcc.a(_arm_muldivdf3.o)
 .debug_line    0x0000000000000d6e       0x86 /Users/Turner/pebble-dev/PebbleSDK-3.3/arm-cs-tools/bin/../lib/gcc/arm-none-eabi/4.7.2/thumb2/libgcc.a(_arm_fixdfsi.o)

.debug_str      0x0000000000000000     0x155a
 .debug_str     0x0000000000000000      0x469 src/localize.c.11.o
                                        0x4dc (size before relaxing)
 .debug_str     0x0000000000000469      0xedf src/mealtime.c.11.o
                                       0x1301 (size before relaxing)
 .debug_str     0x0000000000001348      0x212 aplite/appinfo.auto.c.11.o
                                        0x422 (size before relaxing)

.debug_frame    0x0000000000000000      0x1ec
 .debug_frame   0x0000000000000000       0x4c src/localize.c.11.o
 .debug_frame   0x000000000000004c      0x1a0 src/mealtime.c.11.o
