Archive member included because of file (symbol)

/usr/local/Cellar/pebble-sdk/3.2.1/Pebble/aplite/lib/libpebble.a(tmp5yxpeipebble.o)
                              src/mealtime.c.37.o (accel_tap_service_subscribe)
/usr/local/Cellar/pebble-toolchain/2.0/arm-cs-tools/bin/../lib/gcc/arm-none-eabi/4.7.2/thumb2/libgcc.a(_arm_addsubdf3.o)
                              src/mealtime.c.37.o (__aeabi_i2d)
/usr/local/Cellar/pebble-toolchain/2.0/arm-cs-tools/bin/../lib/gcc/arm-none-eabi/4.7.2/thumb2/libgcc.a(_arm_muldivdf3.o)
                              src/mealtime.c.37.o (__aeabi_dmul)
/usr/local/Cellar/pebble-toolchain/2.0/arm-cs-tools/bin/../lib/gcc/arm-none-eabi/4.7.2/thumb2/libgcc.a(_arm_fixdfsi.o)
                              src/mealtime.c.37.o (__aeabi_d2iz)

Allocating common symbols
Common symbol       size              file

s_locale_dict       0xc               src/localize.c.37.o

Discarded input sections

 .text          0x0000000000000000        0x0 /usr/local/Cellar/pebble-toolchain/2.0/arm-cs-tools/bin/../lib/gcc/arm-none-eabi/4.7.2/thumb2/crti.o
 .bss           0x0000000000000000        0x0 /usr/local/Cellar/pebble-toolchain/2.0/arm-cs-tools/bin/../lib/gcc/arm-none-eabi/4.7.2/thumb2/crti.o
 .init          0x0000000000000000        0x4 /usr/local/Cellar/pebble-toolchain/2.0/arm-cs-tools/bin/../lib/gcc/arm-none-eabi/4.7.2/thumb2/crti.o
 .fini          0x0000000000000000        0x4 /usr/local/Cellar/pebble-toolchain/2.0/arm-cs-tools/bin/../lib/gcc/arm-none-eabi/4.7.2/thumb2/crti.o
 .text          0x0000000000000000       0xc8 /usr/local/Cellar/pebble-toolchain/2.0/arm-cs-tools/bin/../lib/gcc/arm-none-eabi/4.7.2/thumb2/crtbegin.o
 .bss           0x0000000000000000       0x1c /usr/local/Cellar/pebble-toolchain/2.0/arm-cs-tools/bin/../lib/gcc/arm-none-eabi/4.7.2/thumb2/crtbegin.o
 .init_array    0x0000000000000000        0x4 /usr/local/Cellar/pebble-toolchain/2.0/arm-cs-tools/bin/../lib/gcc/arm-none-eabi/4.7.2/thumb2/crtbegin.o
 .fini_array    0x0000000000000000        0x4 /usr/local/Cellar/pebble-toolchain/2.0/arm-cs-tools/bin/../lib/gcc/arm-none-eabi/4.7.2/thumb2/crtbegin.o
 .eh_frame      0x0000000000000000        0x0 /usr/local/Cellar/pebble-toolchain/2.0/arm-cs-tools/bin/../lib/gcc/arm-none-eabi/4.7.2/thumb2/crtbegin.o
 .jcr           0x0000000000000000        0x0 /usr/local/Cellar/pebble-toolchain/2.0/arm-cs-tools/bin/../lib/gcc/arm-none-eabi/4.7.2/thumb2/crtbegin.o
 .tm_clone_table
                0x0000000000000000        0x0 /usr/local/Cellar/pebble-toolchain/2.0/arm-cs-tools/bin/../lib/gcc/arm-none-eabi/4.7.2/thumb2/crtbegin.o
 .text          0x0000000000000000        0x0 src/localize.c.37.o
 .bss           0x0000000000000000        0x0 src/localize.c.37.o
 .text          0x0000000000000000        0x0 src/mealtime.c.37.o
 .bss           0x0000000000000000        0x0 src/mealtime.c.37.o
 .text          0x0000000000000000        0x0 aplite/appinfo.auto.c.37.o
 .bss           0x0000000000000000        0x0 aplite/appinfo.auto.c.37.o
 .bss           0x0000000000000000        0x0 /usr/local/Cellar/pebble-sdk/3.2.1/Pebble/aplite/lib/libpebble.a(tmp5yxpeipebble.o)
 .text.accel_data_service_subscribe__deprecated
                0x0000000000000000        0xc /usr/local/Cellar/pebble-sdk/3.2.1/Pebble/aplite/lib/libpebble.a(tmp5yxpeipebble.o)
 .text.accel_data_service_unsubscribe
                0x0000000000000000        0xc /usr/local/Cellar/pebble-sdk/3.2.1/Pebble/aplite/lib/libpebble.a(tmp5yxpeipebble.o)
 .text.accel_service_peek
                0x0000000000000000        0xc /usr/local/Cellar/pebble-sdk/3.2.1/Pebble/aplite/lib/libpebble.a(tmp5yxpeipebble.o)
 .text.accel_service_set_samples_per_update
                0x0000000000000000        0xc /usr/local/Cellar/pebble-sdk/3.2.1/Pebble/aplite/lib/libpebble.a(tmp5yxpeipebble.o)
 .text.accel_service_set_sampling_rate
                0x0000000000000000        0xc /usr/local/Cellar/pebble-sdk/3.2.1/Pebble/aplite/lib/libpebble.a(tmp5yxpeipebble.o)
 .text.accel_tap_service_unsubscribe
                0x0000000000000000        0xc /usr/local/Cellar/pebble-sdk/3.2.1/Pebble/aplite/lib/libpebble.a(tmp5yxpeipebble.o)
 .text.action_bar_layer_add_to_window
                0x0000000000000000        0xc /usr/local/Cellar/pebble-sdk/3.2.1/Pebble/aplite/lib/libpebble.a(tmp5yxpeipebble.o)
 .text.action_bar_layer_clear_icon
                0x0000000000000000        0xc /usr/local/Cellar/pebble-sdk/3.2.1/Pebble/aplite/lib/libpebble.a(tmp5yxpeipebble.o)
 .text.action_bar_layer_create
                0x0000000000000000        0xc /usr/local/Cellar/pebble-sdk/3.2.1/Pebble/aplite/lib/libpebble.a(tmp5yxpeipebble.o)
 .text.action_bar_layer_destroy
                0x0000000000000000        0xc /usr/local/Cellar/pebble-sdk/3.2.1/Pebble/aplite/lib/libpebble.a(tmp5yxpeipebble.o)
 .text.action_bar_layer_get_layer
                0x0000000000000000        0xc /usr/local/Cellar/pebble-sdk/3.2.1/Pebble/aplite/lib/libpebble.a(tmp5yxpeipebble.o)
 .text.action_bar_layer_remove_from_window
                0x0000000000000000        0xc /usr/local/Cellar/pebble-sdk/3.2.1/Pebble/aplite/lib/libpebble.a(tmp5yxpeipebble.o)
 .text.action_bar_layer_set_background_color
                0x0000000000000000        0xc /usr/local/Cellar/pebble-sdk/3.2.1/Pebble/aplite/lib/libpebble.a(tmp5yxpeipebble.o)
 .text.action_bar_layer_set_click_config_provider
                0x0000000000000000        0xc /usr/local/Cellar/pebble-sdk/3.2.1/Pebble/aplite/lib/libpebble.a(tmp5yxpeipebble.o)
 .text.action_bar_layer_set_context
                0x0000000000000000        0xc /usr/local/Cellar/pebble-sdk/3.2.1/Pebble/aplite/lib/libpebble.a(tmp5yxpeipebble.o)
 .text.action_bar_layer_set_icon
                0x0000000000000000        0xc /usr/local/Cellar/pebble-sdk/3.2.1/Pebble/aplite/lib/libpebble.a(tmp5yxpeipebble.o)
 .text.animation_create
                0x0000000000000000        0xc /usr/local/Cellar/pebble-sdk/3.2.1/Pebble/aplite/lib/libpebble.a(tmp5yxpeipebble.o)
 .text.animation_destroy
                0x0000000000000000        0xc /usr/local/Cellar/pebble-sdk/3.2.1/Pebble/aplite/lib/libpebble.a(tmp5yxpeipebble.o)
 .text.animation_get_context
                0x0000000000000000        0xc /usr/local/Cellar/pebble-sdk/3.2.1/Pebble/aplite/lib/libpebble.a(tmp5yxpeipebble.o)
 .text.animation_is_scheduled
                0x0000000000000000        0xc /usr/local/Cellar/pebble-sdk/3.2.1/Pebble/aplite/lib/libpebble.a(tmp5yxpeipebble.o)
 .text.animation_set_curve
                0x0000000000000000        0xc /usr/local/Cellar/pebble-sdk/3.2.1/Pebble/aplite/lib/libpebble.a(tmp5yxpeipebble.o)
 .text.animation_set_implementation
                0x0000000000000000        0xc /usr/local/Cellar/pebble-sdk/3.2.1/Pebble/aplite/lib/libpebble.a(tmp5yxpeipebble.o)
 .text.animation_unschedule
                0x0000000000000000        0xc /usr/local/Cellar/pebble-sdk/3.2.1/Pebble/aplite/lib/libpebble.a(tmp5yxpeipebble.o)
 .text.animation_unschedule_all
                0x0000000000000000        0xc /usr/local/Cellar/pebble-sdk/3.2.1/Pebble/aplite/lib/libpebble.a(tmp5yxpeipebble.o)
 .text.app_comm_get_sniff_interval
                0x0000000000000000        0xc /usr/local/Cellar/pebble-sdk/3.2.1/Pebble/aplite/lib/libpebble.a(tmp5yxpeipebble.o)
 .text.app_comm_set_sniff_interval
                0x0000000000000000        0xc /usr/local/Cellar/pebble-sdk/3.2.1/Pebble/aplite/lib/libpebble.a(tmp5yxpeipebble.o)
 .text.app_message_deregister_callbacks
                0x0000000000000000        0xc /usr/local/Cellar/pebble-sdk/3.2.1/Pebble/aplite/lib/libpebble.a(tmp5yxpeipebble.o)
 .text.app_sync_deinit
                0x0000000000000000        0xc /usr/local/Cellar/pebble-sdk/3.2.1/Pebble/aplite/lib/libpebble.a(tmp5yxpeipebble.o)
 .text.app_sync_get
                0x0000000000000000        0xc /usr/local/Cellar/pebble-sdk/3.2.1/Pebble/aplite/lib/libpebble.a(tmp5yxpeipebble.o)
 .text.app_sync_init
                0x0000000000000000        0xc /usr/local/Cellar/pebble-sdk/3.2.1/Pebble/aplite/lib/libpebble.a(tmp5yxpeipebble.o)
 .text.app_sync_set
                0x0000000000000000        0xc /usr/local/Cellar/pebble-sdk/3.2.1/Pebble/aplite/lib/libpebble.a(tmp5yxpeipebble.o)
 .text.app_timer_cancel
                0x0000000000000000        0xc /usr/local/Cellar/pebble-sdk/3.2.1/Pebble/aplite/lib/libpebble.a(tmp5yxpeipebble.o)
 .text.app_timer_register
                0x0000000000000000        0xc /usr/local/Cellar/pebble-sdk/3.2.1/Pebble/aplite/lib/libpebble.a(tmp5yxpeipebble.o)
 .text.app_timer_reschedule
                0x0000000000000000        0xc /usr/local/Cellar/pebble-sdk/3.2.1/Pebble/aplite/lib/libpebble.a(tmp5yxpeipebble.o)
 .text.atan2_lookup
                0x0000000000000000        0xc /usr/local/Cellar/pebble-sdk/3.2.1/Pebble/aplite/lib/libpebble.a(tmp5yxpeipebble.o)
 .text.atoi     0x0000000000000000        0xc /usr/local/Cellar/pebble-sdk/3.2.1/Pebble/aplite/lib/libpebble.a(tmp5yxpeipebble.o)
 .text.atol     0x0000000000000000        0xc /usr/local/Cellar/pebble-sdk/3.2.1/Pebble/aplite/lib/libpebble.a(tmp5yxpeipebble.o)
 .text.bitmap_layer_create
                0x0000000000000000        0xc /usr/local/Cellar/pebble-sdk/3.2.1/Pebble/aplite/lib/libpebble.a(tmp5yxpeipebble.o)
 .text.bitmap_layer_destroy
                0x0000000000000000        0xc /usr/local/Cellar/pebble-sdk/3.2.1/Pebble/aplite/lib/libpebble.a(tmp5yxpeipebble.o)
 .text.bitmap_layer_get_layer
                0x0000000000000000        0xc /usr/local/Cellar/pebble-sdk/3.2.1/Pebble/aplite/lib/libpebble.a(tmp5yxpeipebble.o)
 .text.bitmap_layer_set_alignment
                0x0000000000000000        0xc /usr/local/Cellar/pebble-sdk/3.2.1/Pebble/aplite/lib/libpebble.a(tmp5yxpeipebble.o)
 .text.bitmap_layer_set_background_color
                0x0000000000000000        0xc /usr/local/Cellar/pebble-sdk/3.2.1/Pebble/aplite/lib/libpebble.a(tmp5yxpeipebble.o)
 .text.bitmap_layer_set_bitmap
                0x0000000000000000        0xc /usr/local/Cellar/pebble-sdk/3.2.1/Pebble/aplite/lib/libpebble.a(tmp5yxpeipebble.o)
 .text.bitmap_layer_set_compositing_mode
                0x0000000000000000        0xc /usr/local/Cellar/pebble-sdk/3.2.1/Pebble/aplite/lib/libpebble.a(tmp5yxpeipebble.o)
 .text.bluetooth_connection_service_peek
                0x0000000000000000        0xc /usr/local/Cellar/pebble-sdk/3.2.1/Pebble/aplite/lib/libpebble.a(tmp5yxpeipebble.o)
 .text.bluetooth_connection_service_subscribe
                0x0000000000000000        0xc /usr/local/Cellar/pebble-sdk/3.2.1/Pebble/aplite/lib/libpebble.a(tmp5yxpeipebble.o)
 .text.bluetooth_connection_service_unsubscribe
                0x0000000000000000        0xc /usr/local/Cellar/pebble-sdk/3.2.1/Pebble/aplite/lib/libpebble.a(tmp5yxpeipebble.o)
 .text.click_number_of_clicks_counted
                0x0000000000000000        0xc /usr/local/Cellar/pebble-sdk/3.2.1/Pebble/aplite/lib/libpebble.a(tmp5yxpeipebble.o)
 .text.click_recognizer_get_button_id
                0x0000000000000000        0xc /usr/local/Cellar/pebble-sdk/3.2.1/Pebble/aplite/lib/libpebble.a(tmp5yxpeipebble.o)
 .text.clock_copy_time_string
                0x0000000000000000        0xc /usr/local/Cellar/pebble-sdk/3.2.1/Pebble/aplite/lib/libpebble.a(tmp5yxpeipebble.o)
 .text.clock_is_24h_style
                0x0000000000000000        0xc /usr/local/Cellar/pebble-sdk/3.2.1/Pebble/aplite/lib/libpebble.a(tmp5yxpeipebble.o)
 .text.cos_lookup
                0x0000000000000000        0xc /usr/local/Cellar/pebble-sdk/3.2.1/Pebble/aplite/lib/libpebble.a(tmp5yxpeipebble.o)
 .text.data_logging_create
                0x0000000000000000        0xc /usr/local/Cellar/pebble-sdk/3.2.1/Pebble/aplite/lib/libpebble.a(tmp5yxpeipebble.o)
 .text.data_logging_finish
                0x0000000000000000        0xc /usr/local/Cellar/pebble-sdk/3.2.1/Pebble/aplite/lib/libpebble.a(tmp5yxpeipebble.o)
 .text.data_logging_log
                0x0000000000000000        0xc /usr/local/Cellar/pebble-sdk/3.2.1/Pebble/aplite/lib/libpebble.a(tmp5yxpeipebble.o)
 .text.dict_calc_buffer_size
                0x0000000000000000        0xc /usr/local/Cellar/pebble-sdk/3.2.1/Pebble/aplite/lib/libpebble.a(tmp5yxpeipebble.o)
 .text.dict_calc_buffer_size_from_tuplets
                0x0000000000000000        0xc /usr/local/Cellar/pebble-sdk/3.2.1/Pebble/aplite/lib/libpebble.a(tmp5yxpeipebble.o)
 .text.dict_merge
                0x0000000000000000        0xc /usr/local/Cellar/pebble-sdk/3.2.1/Pebble/aplite/lib/libpebble.a(tmp5yxpeipebble.o)
 .text.dict_read_begin_from_buffer
                0x0000000000000000        0xc /usr/local/Cellar/pebble-sdk/3.2.1/Pebble/aplite/lib/libpebble.a(tmp5yxpeipebble.o)
 .text.dict_serialize_tuplets
                0x0000000000000000        0xc /usr/local/Cellar/pebble-sdk/3.2.1/Pebble/aplite/lib/libpebble.a(tmp5yxpeipebble.o)
 .text.dict_serialize_tuplets_to_buffer__deprecated
                0x0000000000000000        0xc /usr/local/Cellar/pebble-sdk/3.2.1/Pebble/aplite/lib/libpebble.a(tmp5yxpeipebble.o)
 .text.dict_serialize_tuplets_to_buffer_with_iter
                0x0000000000000000        0xc /usr/local/Cellar/pebble-sdk/3.2.1/Pebble/aplite/lib/libpebble.a(tmp5yxpeipebble.o)
 .text.dict_write_cstring
                0x0000000000000000        0xc /usr/local/Cellar/pebble-sdk/3.2.1/Pebble/aplite/lib/libpebble.a(tmp5yxpeipebble.o)
 .text.dict_write_data
                0x0000000000000000        0xc /usr/local/Cellar/pebble-sdk/3.2.1/Pebble/aplite/lib/libpebble.a(tmp5yxpeipebble.o)
 .text.dict_write_int
                0x0000000000000000        0xc /usr/local/Cellar/pebble-sdk/3.2.1/Pebble/aplite/lib/libpebble.a(tmp5yxpeipebble.o)
 .text.dict_write_int16
                0x0000000000000000        0xc /usr/local/Cellar/pebble-sdk/3.2.1/Pebble/aplite/lib/libpebble.a(tmp5yxpeipebble.o)
 .text.dict_write_int32
                0x0000000000000000        0xc /usr/local/Cellar/pebble-sdk/3.2.1/Pebble/aplite/lib/libpebble.a(tmp5yxpeipebble.o)
 .text.dict_write_int8
                0x0000000000000000        0xc /usr/local/Cellar/pebble-sdk/3.2.1/Pebble/aplite/lib/libpebble.a(tmp5yxpeipebble.o)
 .text.dict_write_uint16
                0x0000000000000000        0xc /usr/local/Cellar/pebble-sdk/3.2.1/Pebble/aplite/lib/libpebble.a(tmp5yxpeipebble.o)
 .text.dict_write_uint32
                0x0000000000000000        0xc /usr/local/Cellar/pebble-sdk/3.2.1/Pebble/aplite/lib/libpebble.a(tmp5yxpeipebble.o)
 .text.dict_write_uint8
                0x0000000000000000        0xc /usr/local/Cellar/pebble-sdk/3.2.1/Pebble/aplite/lib/libpebble.a(tmp5yxpeipebble.o)
 .text.fonts_get_system_font
                0x0000000000000000        0xc /usr/local/Cellar/pebble-sdk/3.2.1/Pebble/aplite/lib/libpebble.a(tmp5yxpeipebble.o)
 .text.free     0x0000000000000000        0xc /usr/local/Cellar/pebble-sdk/3.2.1/Pebble/aplite/lib/libpebble.a(tmp5yxpeipebble.o)
 .text.gbitmap_create_as_sub_bitmap
                0x0000000000000000        0xc /usr/local/Cellar/pebble-sdk/3.2.1/Pebble/aplite/lib/libpebble.a(tmp5yxpeipebble.o)
 .text.gbitmap_create_with_data
                0x0000000000000000        0xc /usr/local/Cellar/pebble-sdk/3.2.1/Pebble/aplite/lib/libpebble.a(tmp5yxpeipebble.o)
 .text.gbitmap_create_with_resource
                0x0000000000000000        0xc /usr/local/Cellar/pebble-sdk/3.2.1/Pebble/aplite/lib/libpebble.a(tmp5yxpeipebble.o)
 .text.gbitmap_destroy
                0x0000000000000000        0xc /usr/local/Cellar/pebble-sdk/3.2.1/Pebble/aplite/lib/libpebble.a(tmp5yxpeipebble.o)
 .text.gmtime   0x0000000000000000        0xc /usr/local/Cellar/pebble-sdk/3.2.1/Pebble/aplite/lib/libpebble.a(tmp5yxpeipebble.o)
 .text.gpath_create
                0x0000000000000000        0xc /usr/local/Cellar/pebble-sdk/3.2.1/Pebble/aplite/lib/libpebble.a(tmp5yxpeipebble.o)
 .text.gpath_destroy
                0x0000000000000000        0xc /usr/local/Cellar/pebble-sdk/3.2.1/Pebble/aplite/lib/libpebble.a(tmp5yxpeipebble.o)
 .text.gpath_draw_filled_legacy
                0x0000000000000000        0xc /usr/local/Cellar/pebble-sdk/3.2.1/Pebble/aplite/lib/libpebble.a(tmp5yxpeipebble.o)
 .text.gpath_draw_outline
                0x0000000000000000        0xc /usr/local/Cellar/pebble-sdk/3.2.1/Pebble/aplite/lib/libpebble.a(tmp5yxpeipebble.o)
 .text.gpath_move_to
                0x0000000000000000        0xc /usr/local/Cellar/pebble-sdk/3.2.1/Pebble/aplite/lib/libpebble.a(tmp5yxpeipebble.o)
 .text.gpath_rotate_to
                0x0000000000000000        0xc /usr/local/Cellar/pebble-sdk/3.2.1/Pebble/aplite/lib/libpebble.a(tmp5yxpeipebble.o)
 .text.gpoint_equal
                0x0000000000000000        0xc /usr/local/Cellar/pebble-sdk/3.2.1/Pebble/aplite/lib/libpebble.a(tmp5yxpeipebble.o)
 .text.graphics_context_set_compositing_mode
                0x0000000000000000        0xc /usr/local/Cellar/pebble-sdk/3.2.1/Pebble/aplite/lib/libpebble.a(tmp5yxpeipebble.o)
 .text.graphics_context_set_stroke_color
                0x0000000000000000        0xc /usr/local/Cellar/pebble-sdk/3.2.1/Pebble/aplite/lib/libpebble.a(tmp5yxpeipebble.o)
 .text.graphics_context_set_text_color
                0x0000000000000000        0xc /usr/local/Cellar/pebble-sdk/3.2.1/Pebble/aplite/lib/libpebble.a(tmp5yxpeipebble.o)
 .text.graphics_draw_bitmap_in_rect
                0x0000000000000000        0xc /usr/local/Cellar/pebble-sdk/3.2.1/Pebble/aplite/lib/libpebble.a(tmp5yxpeipebble.o)
 .text.graphics_draw_circle
                0x0000000000000000        0xc /usr/local/Cellar/pebble-sdk/3.2.1/Pebble/aplite/lib/libpebble.a(tmp5yxpeipebble.o)
 .text.graphics_draw_line
                0x0000000000000000        0xc /usr/local/Cellar/pebble-sdk/3.2.1/Pebble/aplite/lib/libpebble.a(tmp5yxpeipebble.o)
 .text.graphics_draw_pixel
                0x0000000000000000        0xc /usr/local/Cellar/pebble-sdk/3.2.1/Pebble/aplite/lib/libpebble.a(tmp5yxpeipebble.o)
 .text.graphics_draw_rect
                0x0000000000000000        0xc /usr/local/Cellar/pebble-sdk/3.2.1/Pebble/aplite/lib/libpebble.a(tmp5yxpeipebble.o)
 .text.graphics_draw_round_rect
                0x0000000000000000        0xc /usr/local/Cellar/pebble-sdk/3.2.1/Pebble/aplite/lib/libpebble.a(tmp5yxpeipebble.o)
 .text.graphics_fill_circle
                0x0000000000000000        0xc /usr/local/Cellar/pebble-sdk/3.2.1/Pebble/aplite/lib/libpebble.a(tmp5yxpeipebble.o)
 .text.graphics_text_layout_get_max_used_size
                0x0000000000000000        0xc /usr/local/Cellar/pebble-sdk/3.2.1/Pebble/aplite/lib/libpebble.a(tmp5yxpeipebble.o)
 .text.grect_align
                0x0000000000000000        0xc /usr/local/Cellar/pebble-sdk/3.2.1/Pebble/aplite/lib/libpebble.a(tmp5yxpeipebble.o)
 .text.grect_center_point
                0x0000000000000000        0xc /usr/local/Cellar/pebble-sdk/3.2.1/Pebble/aplite/lib/libpebble.a(tmp5yxpeipebble.o)
 .text.grect_clip
                0x0000000000000000        0xc /usr/local/Cellar/pebble-sdk/3.2.1/Pebble/aplite/lib/libpebble.a(tmp5yxpeipebble.o)
 .text.grect_contains_point
                0x0000000000000000        0xc /usr/local/Cellar/pebble-sdk/3.2.1/Pebble/aplite/lib/libpebble.a(tmp5yxpeipebble.o)
 .text.grect_crop
                0x0000000000000000        0xc /usr/local/Cellar/pebble-sdk/3.2.1/Pebble/aplite/lib/libpebble.a(tmp5yxpeipebble.o)
 .text.grect_equal
                0x0000000000000000        0xc /usr/local/Cellar/pebble-sdk/3.2.1/Pebble/aplite/lib/libpebble.a(tmp5yxpeipebble.o)
 .text.grect_is_empty
                0x0000000000000000        0xc /usr/local/Cellar/pebble-sdk/3.2.1/Pebble/aplite/lib/libpebble.a(tmp5yxpeipebble.o)
 .text.grect_standardize
                0x0000000000000000        0xc /usr/local/Cellar/pebble-sdk/3.2.1/Pebble/aplite/lib/libpebble.a(tmp5yxpeipebble.o)
 .text.gsize_equal
                0x0000000000000000        0xc /usr/local/Cellar/pebble-sdk/3.2.1/Pebble/aplite/lib/libpebble.a(tmp5yxpeipebble.o)
 .text.inverter_layer_create
                0x0000000000000000        0xc /usr/local/Cellar/pebble-sdk/3.2.1/Pebble/aplite/lib/libpebble.a(tmp5yxpeipebble.o)
 .text.inverter_layer_destroy
                0x0000000000000000        0xc /usr/local/Cellar/pebble-sdk/3.2.1/Pebble/aplite/lib/libpebble.a(tmp5yxpeipebble.o)
 .text.inverter_layer_get_layer
                0x0000000000000000        0xc /usr/local/Cellar/pebble-sdk/3.2.1/Pebble/aplite/lib/libpebble.a(tmp5yxpeipebble.o)
 .text.layer_create_with_data
                0x0000000000000000        0xc /usr/local/Cellar/pebble-sdk/3.2.1/Pebble/aplite/lib/libpebble.a(tmp5yxpeipebble.o)
 .text.layer_get_bounds
                0x0000000000000000        0xc /usr/local/Cellar/pebble-sdk/3.2.1/Pebble/aplite/lib/libpebble.a(tmp5yxpeipebble.o)
 .text.layer_get_clips
                0x0000000000000000        0xc /usr/local/Cellar/pebble-sdk/3.2.1/Pebble/aplite/lib/libpebble.a(tmp5yxpeipebble.o)
 .text.layer_get_data
                0x0000000000000000        0xc /usr/local/Cellar/pebble-sdk/3.2.1/Pebble/aplite/lib/libpebble.a(tmp5yxpeipebble.o)
 .text.layer_get_frame
                0x0000000000000000        0xc /usr/local/Cellar/pebble-sdk/3.2.1/Pebble/aplite/lib/libpebble.a(tmp5yxpeipebble.o)
 .text.layer_get_window
                0x0000000000000000        0xc /usr/local/Cellar/pebble-sdk/3.2.1/Pebble/aplite/lib/libpebble.a(tmp5yxpeipebble.o)
 .text.layer_insert_above_sibling
                0x0000000000000000        0xc /usr/local/Cellar/pebble-sdk/3.2.1/Pebble/aplite/lib/libpebble.a(tmp5yxpeipebble.o)
 .text.layer_insert_below_sibling
                0x0000000000000000        0xc /usr/local/Cellar/pebble-sdk/3.2.1/Pebble/aplite/lib/libpebble.a(tmp5yxpeipebble.o)
 .text.layer_remove_child_layers
                0x0000000000000000        0xc /usr/local/Cellar/pebble-sdk/3.2.1/Pebble/aplite/lib/libpebble.a(tmp5yxpeipebble.o)
 .text.layer_remove_from_parent
                0x0000000000000000        0xc /usr/local/Cellar/pebble-sdk/3.2.1/Pebble/aplite/lib/libpebble.a(tmp5yxpeipebble.o)
 .text.layer_set_bounds
                0x0000000000000000        0xc /usr/local/Cellar/pebble-sdk/3.2.1/Pebble/aplite/lib/libpebble.a(tmp5yxpeipebble.o)
 .text.layer_set_clips
                0x0000000000000000        0xc /usr/local/Cellar/pebble-sdk/3.2.1/Pebble/aplite/lib/libpebble.a(tmp5yxpeipebble.o)
 .text.layer_set_frame
                0x0000000000000000        0xc /usr/local/Cellar/pebble-sdk/3.2.1/Pebble/aplite/lib/libpebble.a(tmp5yxpeipebble.o)
 .text.light_enable
                0x0000000000000000        0xc /usr/local/Cellar/pebble-sdk/3.2.1/Pebble/aplite/lib/libpebble.a(tmp5yxpeipebble.o)
 .text.light_enable_interaction
                0x0000000000000000        0xc /usr/local/Cellar/pebble-sdk/3.2.1/Pebble/aplite/lib/libpebble.a(tmp5yxpeipebble.o)
 .text.memcpy   0x0000000000000000        0xc /usr/local/Cellar/pebble-sdk/3.2.1/Pebble/aplite/lib/libpebble.a(tmp5yxpeipebble.o)
 .text.memmove  0x0000000000000000        0xc /usr/local/Cellar/pebble-sdk/3.2.1/Pebble/aplite/lib/libpebble.a(tmp5yxpeipebble.o)
 .text.menu_cell_basic_draw
                0x0000000000000000        0xc /usr/local/Cellar/pebble-sdk/3.2.1/Pebble/aplite/lib/libpebble.a(tmp5yxpeipebble.o)
 .text.menu_cell_basic_header_draw
                0x0000000000000000        0xc /usr/local/Cellar/pebble-sdk/3.2.1/Pebble/aplite/lib/libpebble.a(tmp5yxpeipebble.o)
 .text.menu_cell_title_draw
                0x0000000000000000        0xc /usr/local/Cellar/pebble-sdk/3.2.1/Pebble/aplite/lib/libpebble.a(tmp5yxpeipebble.o)
 .text.menu_index_compare
                0x0000000000000000        0xc /usr/local/Cellar/pebble-sdk/3.2.1/Pebble/aplite/lib/libpebble.a(tmp5yxpeipebble.o)
 .text.menu_layer_create
                0x0000000000000000        0xc /usr/local/Cellar/pebble-sdk/3.2.1/Pebble/aplite/lib/libpebble.a(tmp5yxpeipebble.o)
 .text.menu_layer_destroy
                0x0000000000000000        0xc /usr/local/Cellar/pebble-sdk/3.2.1/Pebble/aplite/lib/libpebble.a(tmp5yxpeipebble.o)
 .text.menu_layer_get_layer
                0x0000000000000000        0xc /usr/local/Cellar/pebble-sdk/3.2.1/Pebble/aplite/lib/libpebble.a(tmp5yxpeipebble.o)
 .text.menu_layer_get_scroll_layer
                0x0000000000000000        0xc /usr/local/Cellar/pebble-sdk/3.2.1/Pebble/aplite/lib/libpebble.a(tmp5yxpeipebble.o)
 .text.menu_layer_get_selected_index
                0x0000000000000000        0xc /usr/local/Cellar/pebble-sdk/3.2.1/Pebble/aplite/lib/libpebble.a(tmp5yxpeipebble.o)
 .text.menu_layer_reload_data
                0x0000000000000000        0xc /usr/local/Cellar/pebble-sdk/3.2.1/Pebble/aplite/lib/libpebble.a(tmp5yxpeipebble.o)
 .text.menu_layer_set_callbacks__deprecated
                0x0000000000000000        0xc /usr/local/Cellar/pebble-sdk/3.2.1/Pebble/aplite/lib/libpebble.a(tmp5yxpeipebble.o)
 .text.menu_layer_set_click_config_onto_window
                0x0000000000000000        0xc /usr/local/Cellar/pebble-sdk/3.2.1/Pebble/aplite/lib/libpebble.a(tmp5yxpeipebble.o)
 .text.menu_layer_set_selected_index
                0x0000000000000000        0xc /usr/local/Cellar/pebble-sdk/3.2.1/Pebble/aplite/lib/libpebble.a(tmp5yxpeipebble.o)
 .text.menu_layer_set_selected_next
                0x0000000000000000        0xc /usr/local/Cellar/pebble-sdk/3.2.1/Pebble/aplite/lib/libpebble.a(tmp5yxpeipebble.o)
 .text.number_window_create
                0x0000000000000000        0xc /usr/local/Cellar/pebble-sdk/3.2.1/Pebble/aplite/lib/libpebble.a(tmp5yxpeipebble.o)
 .text.number_window_destroy
                0x0000000000000000        0xc /usr/local/Cellar/pebble-sdk/3.2.1/Pebble/aplite/lib/libpebble.a(tmp5yxpeipebble.o)
 .text.number_window_get_value
                0x0000000000000000        0xc /usr/local/Cellar/pebble-sdk/3.2.1/Pebble/aplite/lib/libpebble.a(tmp5yxpeipebble.o)
 .text.number_window_set_label
                0x0000000000000000        0xc /usr/local/Cellar/pebble-sdk/3.2.1/Pebble/aplite/lib/libpebble.a(tmp5yxpeipebble.o)
 .text.number_window_set_max
                0x0000000000000000        0xc /usr/local/Cellar/pebble-sdk/3.2.1/Pebble/aplite/lib/libpebble.a(tmp5yxpeipebble.o)
 .text.number_window_set_min
                0x0000000000000000        0xc /usr/local/Cellar/pebble-sdk/3.2.1/Pebble/aplite/lib/libpebble.a(tmp5yxpeipebble.o)
 .text.number_window_set_step_size
                0x0000000000000000        0xc /usr/local/Cellar/pebble-sdk/3.2.1/Pebble/aplite/lib/libpebble.a(tmp5yxpeipebble.o)
 .text.number_window_set_value
                0x0000000000000000        0xc /usr/local/Cellar/pebble-sdk/3.2.1/Pebble/aplite/lib/libpebble.a(tmp5yxpeipebble.o)
 .text.persist_delete
                0x0000000000000000        0xc /usr/local/Cellar/pebble-sdk/3.2.1/Pebble/aplite/lib/libpebble.a(tmp5yxpeipebble.o)
 .text.persist_exists
                0x0000000000000000        0xc /usr/local/Cellar/pebble-sdk/3.2.1/Pebble/aplite/lib/libpebble.a(tmp5yxpeipebble.o)
 .text.persist_get_size
                0x0000000000000000        0xc /usr/local/Cellar/pebble-sdk/3.2.1/Pebble/aplite/lib/libpebble.a(tmp5yxpeipebble.o)
 .text.persist_read_data__deprecated
                0x0000000000000000        0xc /usr/local/Cellar/pebble-sdk/3.2.1/Pebble/aplite/lib/libpebble.a(tmp5yxpeipebble.o)
 .text.persist_read_int
                0x0000000000000000        0xc /usr/local/Cellar/pebble-sdk/3.2.1/Pebble/aplite/lib/libpebble.a(tmp5yxpeipebble.o)
 .text.persist_read_string__deprecated
                0x0000000000000000        0xc /usr/local/Cellar/pebble-sdk/3.2.1/Pebble/aplite/lib/libpebble.a(tmp5yxpeipebble.o)
 .text.persist_write_data__deprecated
                0x0000000000000000        0xc /usr/local/Cellar/pebble-sdk/3.2.1/Pebble/aplite/lib/libpebble.a(tmp5yxpeipebble.o)
 .text.persist_write_int
                0x0000000000000000        0xc /usr/local/Cellar/pebble-sdk/3.2.1/Pebble/aplite/lib/libpebble.a(tmp5yxpeipebble.o)
 .text.persist_write_string
                0x0000000000000000        0xc /usr/local/Cellar/pebble-sdk/3.2.1/Pebble/aplite/lib/libpebble.a(tmp5yxpeipebble.o)
 .text.property_animation_create
                0x0000000000000000        0xc /usr/local/Cellar/pebble-sdk/3.2.1/Pebble/aplite/lib/libpebble.a(tmp5yxpeipebble.o)
 .text.property_animation_update_gpoint
                0x0000000000000000        0xc /usr/local/Cellar/pebble-sdk/3.2.1/Pebble/aplite/lib/libpebble.a(tmp5yxpeipebble.o)
 .text.property_animation_update_grect
                0x0000000000000000        0xc /usr/local/Cellar/pebble-sdk/3.2.1/Pebble/aplite/lib/libpebble.a(tmp5yxpeipebble.o)
 .text.property_animation_update_int16
                0x0000000000000000        0xc /usr/local/Cellar/pebble-sdk/3.2.1/Pebble/aplite/lib/libpebble.a(tmp5yxpeipebble.o)
 .text.psleep   0x0000000000000000        0xc /usr/local/Cellar/pebble-sdk/3.2.1/Pebble/aplite/lib/libpebble.a(tmp5yxpeipebble.o)
 .text.rand     0x0000000000000000        0xc /usr/local/Cellar/pebble-sdk/3.2.1/Pebble/aplite/lib/libpebble.a(tmp5yxpeipebble.o)
 .text.resource_load
                0x0000000000000000        0xc /usr/local/Cellar/pebble-sdk/3.2.1/Pebble/aplite/lib/libpebble.a(tmp5yxpeipebble.o)
 .text.rot_bitmap_layer_create
                0x0000000000000000        0xc /usr/local/Cellar/pebble-sdk/3.2.1/Pebble/aplite/lib/libpebble.a(tmp5yxpeipebble.o)
 .text.rot_bitmap_layer_destroy
                0x0000000000000000        0xc /usr/local/Cellar/pebble-sdk/3.2.1/Pebble/aplite/lib/libpebble.a(tmp5yxpeipebble.o)
 .text.rot_bitmap_layer_increment_angle
                0x0000000000000000        0xc /usr/local/Cellar/pebble-sdk/3.2.1/Pebble/aplite/lib/libpebble.a(tmp5yxpeipebble.o)
 .text.rot_bitmap_layer_set_angle
                0x0000000000000000        0xc /usr/local/Cellar/pebble-sdk/3.2.1/Pebble/aplite/lib/libpebble.a(tmp5yxpeipebble.o)
 .text.rot_bitmap_layer_set_corner_clip_color
                0x0000000000000000        0xc /usr/local/Cellar/pebble-sdk/3.2.1/Pebble/aplite/lib/libpebble.a(tmp5yxpeipebble.o)
 .text.rot_bitmap_set_compositing_mode
                0x0000000000000000        0xc /usr/local/Cellar/pebble-sdk/3.2.1/Pebble/aplite/lib/libpebble.a(tmp5yxpeipebble.o)
 .text.rot_bitmap_set_src_ic
                0x0000000000000000        0xc /usr/local/Cellar/pebble-sdk/3.2.1/Pebble/aplite/lib/libpebble.a(tmp5yxpeipebble.o)
 .text.scroll_layer_add_child
                0x0000000000000000        0xc /usr/local/Cellar/pebble-sdk/3.2.1/Pebble/aplite/lib/libpebble.a(tmp5yxpeipebble.o)
 .text.scroll_layer_create
                0x0000000000000000        0xc /usr/local/Cellar/pebble-sdk/3.2.1/Pebble/aplite/lib/libpebble.a(tmp5yxpeipebble.o)
 .text.scroll_layer_destroy
                0x0000000000000000        0xc /usr/local/Cellar/pebble-sdk/3.2.1/Pebble/aplite/lib/libpebble.a(tmp5yxpeipebble.o)
 .text.scroll_layer_get_content_offset
                0x0000000000000000        0xc /usr/local/Cellar/pebble-sdk/3.2.1/Pebble/aplite/lib/libpebble.a(tmp5yxpeipebble.o)
 .text.scroll_layer_get_content_size
                0x0000000000000000        0xc /usr/local/Cellar/pebble-sdk/3.2.1/Pebble/aplite/lib/libpebble.a(tmp5yxpeipebble.o)
 .text.scroll_layer_get_layer
                0x0000000000000000        0xc /usr/local/Cellar/pebble-sdk/3.2.1/Pebble/aplite/lib/libpebble.a(tmp5yxpeipebble.o)
 .text.scroll_layer_get_shadow_hidden
                0x0000000000000000        0xc /usr/local/Cellar/pebble-sdk/3.2.1/Pebble/aplite/lib/libpebble.a(tmp5yxpeipebble.o)
 .text.scroll_layer_scroll_down_click_handler
                0x0000000000000000        0xc /usr/local/Cellar/pebble-sdk/3.2.1/Pebble/aplite/lib/libpebble.a(tmp5yxpeipebble.o)
 .text.scroll_layer_scroll_up_click_handler
                0x0000000000000000        0xc /usr/local/Cellar/pebble-sdk/3.2.1/Pebble/aplite/lib/libpebble.a(tmp5yxpeipebble.o)
 .text.scroll_layer_set_callbacks
                0x0000000000000000        0xc /usr/local/Cellar/pebble-sdk/3.2.1/Pebble/aplite/lib/libpebble.a(tmp5yxpeipebble.o)
 .text.scroll_layer_set_click_config_onto_window
                0x0000000000000000        0xc /usr/local/Cellar/pebble-sdk/3.2.1/Pebble/aplite/lib/libpebble.a(tmp5yxpeipebble.o)
 .text.scroll_layer_set_content_offset
                0x0000000000000000        0xc /usr/local/Cellar/pebble-sdk/3.2.1/Pebble/aplite/lib/libpebble.a(tmp5yxpeipebble.o)
 .text.scroll_layer_set_content_size
                0x0000000000000000        0xc /usr/local/Cellar/pebble-sdk/3.2.1/Pebble/aplite/lib/libpebble.a(tmp5yxpeipebble.o)
 .text.scroll_layer_set_context
                0x0000000000000000        0xc /usr/local/Cellar/pebble-sdk/3.2.1/Pebble/aplite/lib/libpebble.a(tmp5yxpeipebble.o)
 .text.scroll_layer_set_frame
                0x0000000000000000        0xc /usr/local/Cellar/pebble-sdk/3.2.1/Pebble/aplite/lib/libpebble.a(tmp5yxpeipebble.o)
 .text.scroll_layer_set_shadow_hidden
                0x0000000000000000        0xc /usr/local/Cellar/pebble-sdk/3.2.1/Pebble/aplite/lib/libpebble.a(tmp5yxpeipebble.o)
 .text.simple_menu_layer_create
                0x0000000000000000        0xc /usr/local/Cellar/pebble-sdk/3.2.1/Pebble/aplite/lib/libpebble.a(tmp5yxpeipebble.o)
 .text.simple_menu_layer_destroy
                0x0000000000000000        0xc /usr/local/Cellar/pebble-sdk/3.2.1/Pebble/aplite/lib/libpebble.a(tmp5yxpeipebble.o)
 .text.simple_menu_layer_get_layer
                0x0000000000000000        0xc /usr/local/Cellar/pebble-sdk/3.2.1/Pebble/aplite/lib/libpebble.a(tmp5yxpeipebble.o)
 .text.simple_menu_layer_get_selected_index
                0x0000000000000000        0xc /usr/local/Cellar/pebble-sdk/3.2.1/Pebble/aplite/lib/libpebble.a(tmp5yxpeipebble.o)
 .text.simple_menu_layer_set_selected_index
                0x0000000000000000        0xc /usr/local/Cellar/pebble-sdk/3.2.1/Pebble/aplite/lib/libpebble.a(tmp5yxpeipebble.o)
 .text.sin_lookup
                0x0000000000000000        0xc /usr/local/Cellar/pebble-sdk/3.2.1/Pebble/aplite/lib/libpebble.a(tmp5yxpeipebble.o)
 .text.srand    0x0000000000000000        0xc /usr/local/Cellar/pebble-sdk/3.2.1/Pebble/aplite/lib/libpebble.a(tmp5yxpeipebble.o)
 .text.strcat   0x0000000000000000        0xc /usr/local/Cellar/pebble-sdk/3.2.1/Pebble/aplite/lib/libpebble.a(tmp5yxpeipebble.o)
 .text.strcpy   0x0000000000000000        0xc /usr/local/Cellar/pebble-sdk/3.2.1/Pebble/aplite/lib/libpebble.a(tmp5yxpeipebble.o)
 .text.strlen   0x0000000000000000        0xc /usr/local/Cellar/pebble-sdk/3.2.1/Pebble/aplite/lib/libpebble.a(tmp5yxpeipebble.o)
 .text.strncat  0x0000000000000000        0xc /usr/local/Cellar/pebble-sdk/3.2.1/Pebble/aplite/lib/libpebble.a(tmp5yxpeipebble.o)
 .text.strncpy  0x0000000000000000        0xc /usr/local/Cellar/pebble-sdk/3.2.1/Pebble/aplite/lib/libpebble.a(tmp5yxpeipebble.o)
 .text.text_layer_get_content_size
                0x0000000000000000        0xc /usr/local/Cellar/pebble-sdk/3.2.1/Pebble/aplite/lib/libpebble.a(tmp5yxpeipebble.o)
 .text.text_layer_get_text
                0x0000000000000000        0xc /usr/local/Cellar/pebble-sdk/3.2.1/Pebble/aplite/lib/libpebble.a(tmp5yxpeipebble.o)
 .text.text_layer_set_overflow_mode
                0x0000000000000000        0xc /usr/local/Cellar/pebble-sdk/3.2.1/Pebble/aplite/lib/libpebble.a(tmp5yxpeipebble.o)
 .text.text_layer_set_size
                0x0000000000000000        0xc /usr/local/Cellar/pebble-sdk/3.2.1/Pebble/aplite/lib/libpebble.a(tmp5yxpeipebble.o)
 .text.time_ms  0x0000000000000000        0xc /usr/local/Cellar/pebble-sdk/3.2.1/Pebble/aplite/lib/libpebble.a(tmp5yxpeipebble.o)
 .text.vibes_cancel
                0x0000000000000000        0xc /usr/local/Cellar/pebble-sdk/3.2.1/Pebble/aplite/lib/libpebble.a(tmp5yxpeipebble.o)
 .text.vibes_double_pulse
                0x0000000000000000        0xc /usr/local/Cellar/pebble-sdk/3.2.1/Pebble/aplite/lib/libpebble.a(tmp5yxpeipebble.o)
 .text.vibes_enqueue_custom_pattern
                0x0000000000000000        0xc /usr/local/Cellar/pebble-sdk/3.2.1/Pebble/aplite/lib/libpebble.a(tmp5yxpeipebble.o)
 .text.vibes_long_pulse
                0x0000000000000000        0xc /usr/local/Cellar/pebble-sdk/3.2.1/Pebble/aplite/lib/libpebble.a(tmp5yxpeipebble.o)
 .text.vibes_short_pulse
                0x0000000000000000        0xc /usr/local/Cellar/pebble-sdk/3.2.1/Pebble/aplite/lib/libpebble.a(tmp5yxpeipebble.o)
 .text.window_get_click_config_provider
                0x0000000000000000        0xc /usr/local/Cellar/pebble-sdk/3.2.1/Pebble/aplite/lib/libpebble.a(tmp5yxpeipebble.o)
 .text.window_get_fullscreen
                0x0000000000000000        0xc /usr/local/Cellar/pebble-sdk/3.2.1/Pebble/aplite/lib/libpebble.a(tmp5yxpeipebble.o)
 .text.window_is_loaded
                0x0000000000000000        0xc /usr/local/Cellar/pebble-sdk/3.2.1/Pebble/aplite/lib/libpebble.a(tmp5yxpeipebble.o)
 .text.window_set_click_config_provider
                0x0000000000000000        0xc /usr/local/Cellar/pebble-sdk/3.2.1/Pebble/aplite/lib/libpebble.a(tmp5yxpeipebble.o)
 .text.window_set_click_config_provider_with_context
                0x0000000000000000        0xc /usr/local/Cellar/pebble-sdk/3.2.1/Pebble/aplite/lib/libpebble.a(tmp5yxpeipebble.o)
 .text.window_set_fullscreen
                0x0000000000000000        0xc /usr/local/Cellar/pebble-sdk/3.2.1/Pebble/aplite/lib/libpebble.a(tmp5yxpeipebble.o)
 .text.window_set_status_bar_icon
                0x0000000000000000        0xc /usr/local/Cellar/pebble-sdk/3.2.1/Pebble/aplite/lib/libpebble.a(tmp5yxpeipebble.o)
 .text.window_stack_contains_window
                0x0000000000000000        0xc /usr/local/Cellar/pebble-sdk/3.2.1/Pebble/aplite/lib/libpebble.a(tmp5yxpeipebble.o)
 .text.window_stack_get_top_window
                0x0000000000000000        0xc /usr/local/Cellar/pebble-sdk/3.2.1/Pebble/aplite/lib/libpebble.a(tmp5yxpeipebble.o)
 .text.window_stack_pop
                0x0000000000000000        0xc /usr/local/Cellar/pebble-sdk/3.2.1/Pebble/aplite/lib/libpebble.a(tmp5yxpeipebble.o)
 .text.window_stack_pop_all
                0x0000000000000000        0xc /usr/local/Cellar/pebble-sdk/3.2.1/Pebble/aplite/lib/libpebble.a(tmp5yxpeipebble.o)
 .text.window_stack_remove
                0x0000000000000000        0xc /usr/local/Cellar/pebble-sdk/3.2.1/Pebble/aplite/lib/libpebble.a(tmp5yxpeipebble.o)
 .text.app_focus_service_subscribe
                0x0000000000000000        0xc /usr/local/Cellar/pebble-sdk/3.2.1/Pebble/aplite/lib/libpebble.a(tmp5yxpeipebble.o)
 .text.app_focus_service_unsubscribe
                0x0000000000000000        0xc /usr/local/Cellar/pebble-sdk/3.2.1/Pebble/aplite/lib/libpebble.a(tmp5yxpeipebble.o)
 .text.window_get_user_data
                0x0000000000000000        0xc /usr/local/Cellar/pebble-sdk/3.2.1/Pebble/aplite/lib/libpebble.a(tmp5yxpeipebble.o)
 .text.window_set_user_data
                0x0000000000000000        0xc /usr/local/Cellar/pebble-sdk/3.2.1/Pebble/aplite/lib/libpebble.a(tmp5yxpeipebble.o)
 .text.app_message_get_context
                0x0000000000000000        0xc /usr/local/Cellar/pebble-sdk/3.2.1/Pebble/aplite/lib/libpebble.a(tmp5yxpeipebble.o)
 .text.app_message_outbox_begin
                0x0000000000000000        0xc /usr/local/Cellar/pebble-sdk/3.2.1/Pebble/aplite/lib/libpebble.a(tmp5yxpeipebble.o)
 .text.app_message_outbox_send
                0x0000000000000000        0xc /usr/local/Cellar/pebble-sdk/3.2.1/Pebble/aplite/lib/libpebble.a(tmp5yxpeipebble.o)
 .text.app_message_set_context
                0x0000000000000000        0xc /usr/local/Cellar/pebble-sdk/3.2.1/Pebble/aplite/lib/libpebble.a(tmp5yxpeipebble.o)
 .text.window_long_click_subscribe
                0x0000000000000000        0xc /usr/local/Cellar/pebble-sdk/3.2.1/Pebble/aplite/lib/libpebble.a(tmp5yxpeipebble.o)
 .text.window_multi_click_subscribe
                0x0000000000000000        0xc /usr/local/Cellar/pebble-sdk/3.2.1/Pebble/aplite/lib/libpebble.a(tmp5yxpeipebble.o)
 .text.window_raw_click_subscribe
                0x0000000000000000        0xc /usr/local/Cellar/pebble-sdk/3.2.1/Pebble/aplite/lib/libpebble.a(tmp5yxpeipebble.o)
 .text.window_set_click_context
                0x0000000000000000        0xc /usr/local/Cellar/pebble-sdk/3.2.1/Pebble/aplite/lib/libpebble.a(tmp5yxpeipebble.o)
 .text.window_single_click_subscribe
                0x0000000000000000        0xc /usr/local/Cellar/pebble-sdk/3.2.1/Pebble/aplite/lib/libpebble.a(tmp5yxpeipebble.o)
 .text.window_single_repeating_click_subscribe
                0x0000000000000000        0xc /usr/local/Cellar/pebble-sdk/3.2.1/Pebble/aplite/lib/libpebble.a(tmp5yxpeipebble.o)
 .text.graphics_draw_text
                0x0000000000000000        0xc /usr/local/Cellar/pebble-sdk/3.2.1/Pebble/aplite/lib/libpebble.a(tmp5yxpeipebble.o)
 .text.dict_serialize_tuplets_to_buffer
                0x0000000000000000        0xc /usr/local/Cellar/pebble-sdk/3.2.1/Pebble/aplite/lib/libpebble.a(tmp5yxpeipebble.o)
 .text.persist_read_data
                0x0000000000000000        0xc /usr/local/Cellar/pebble-sdk/3.2.1/Pebble/aplite/lib/libpebble.a(tmp5yxpeipebble.o)
 .text.persist_read_string
                0x0000000000000000        0xc /usr/local/Cellar/pebble-sdk/3.2.1/Pebble/aplite/lib/libpebble.a(tmp5yxpeipebble.o)
 .text.persist_write_data
                0x0000000000000000        0xc /usr/local/Cellar/pebble-sdk/3.2.1/Pebble/aplite/lib/libpebble.a(tmp5yxpeipebble.o)
 .text.dict_size
                0x0000000000000000        0xc /usr/local/Cellar/pebble-sdk/3.2.1/Pebble/aplite/lib/libpebble.a(tmp5yxpeipebble.o)
 .text.graphics_text_layout_get_content_size
                0x0000000000000000        0xc /usr/local/Cellar/pebble-sdk/3.2.1/Pebble/aplite/lib/libpebble.a(tmp5yxpeipebble.o)
 .text.simple_menu_layer_get_menu_layer
                0x0000000000000000        0xc /usr/local/Cellar/pebble-sdk/3.2.1/Pebble/aplite/lib/libpebble.a(tmp5yxpeipebble.o)
 .text.accel_data_service_subscribe
                0x0000000000000000        0xc /usr/local/Cellar/pebble-sdk/3.2.1/Pebble/aplite/lib/libpebble.a(tmp5yxpeipebble.o)
 .text.calloc   0x0000000000000000        0xc /usr/local/Cellar/pebble-sdk/3.2.1/Pebble/aplite/lib/libpebble.a(tmp5yxpeipebble.o)
 .text.bitmap_layer_get_bitmap
                0x0000000000000000        0xc /usr/local/Cellar/pebble-sdk/3.2.1/Pebble/aplite/lib/libpebble.a(tmp5yxpeipebble.o)
 .text.menu_layer_set_callbacks
                0x0000000000000000        0xc /usr/local/Cellar/pebble-sdk/3.2.1/Pebble/aplite/lib/libpebble.a(tmp5yxpeipebble.o)
 .text.window_get_click_config_context
                0x0000000000000000        0xc /usr/local/Cellar/pebble-sdk/3.2.1/Pebble/aplite/lib/libpebble.a(tmp5yxpeipebble.o)
 .text.number_window_get_window
                0x0000000000000000        0xc /usr/local/Cellar/pebble-sdk/3.2.1/Pebble/aplite/lib/libpebble.a(tmp5yxpeipebble.o)
 .text.realloc  0x0000000000000000        0xc /usr/local/Cellar/pebble-sdk/3.2.1/Pebble/aplite/lib/libpebble.a(tmp5yxpeipebble.o)
 .text.__gbitmap_create_blank
                0x0000000000000000        0xc /usr/local/Cellar/pebble-sdk/3.2.1/Pebble/aplite/lib/libpebble.a(tmp5yxpeipebble.o)
 .text.click_recognizer_is_repeating
                0x0000000000000000        0xc /usr/local/Cellar/pebble-sdk/3.2.1/Pebble/aplite/lib/libpebble.a(tmp5yxpeipebble.o)
 .text.accel_raw_data_service_subscribe
                0x0000000000000000        0xc /usr/local/Cellar/pebble-sdk/3.2.1/Pebble/aplite/lib/libpebble.a(tmp5yxpeipebble.o)
 .text.app_worker_is_running
                0x0000000000000000        0xc /usr/local/Cellar/pebble-sdk/3.2.1/Pebble/aplite/lib/libpebble.a(tmp5yxpeipebble.o)
 .text.app_worker_kill
                0x0000000000000000        0xc /usr/local/Cellar/pebble-sdk/3.2.1/Pebble/aplite/lib/libpebble.a(tmp5yxpeipebble.o)
 .text.app_worker_launch
                0x0000000000000000        0xc /usr/local/Cellar/pebble-sdk/3.2.1/Pebble/aplite/lib/libpebble.a(tmp5yxpeipebble.o)
 .text.app_worker_message_subscribe
                0x0000000000000000        0xc /usr/local/Cellar/pebble-sdk/3.2.1/Pebble/aplite/lib/libpebble.a(tmp5yxpeipebble.o)
 .text.app_worker_message_unsubscribe
                0x0000000000000000        0xc /usr/local/Cellar/pebble-sdk/3.2.1/Pebble/aplite/lib/libpebble.a(tmp5yxpeipebble.o)
 .text.app_worker_send_message
                0x0000000000000000        0xc /usr/local/Cellar/pebble-sdk/3.2.1/Pebble/aplite/lib/libpebble.a(tmp5yxpeipebble.o)
 .text.worker_event_loop
                0x0000000000000000        0xc /usr/local/Cellar/pebble-sdk/3.2.1/Pebble/aplite/lib/libpebble.a(tmp5yxpeipebble.o)
 .text.worker_launch_app
                0x0000000000000000        0xc /usr/local/Cellar/pebble-sdk/3.2.1/Pebble/aplite/lib/libpebble.a(tmp5yxpeipebble.o)
 .text.heap_bytes_free
                0x0000000000000000        0xc /usr/local/Cellar/pebble-sdk/3.2.1/Pebble/aplite/lib/libpebble.a(tmp5yxpeipebble.o)
 .text.heap_bytes_used
                0x0000000000000000        0xc /usr/local/Cellar/pebble-sdk/3.2.1/Pebble/aplite/lib/libpebble.a(tmp5yxpeipebble.o)
 .text.compass_service_peek
                0x0000000000000000        0xc /usr/local/Cellar/pebble-sdk/3.2.1/Pebble/aplite/lib/libpebble.a(tmp5yxpeipebble.o)
 .text.compass_service_set_heading_filter
                0x0000000000000000        0xc /usr/local/Cellar/pebble-sdk/3.2.1/Pebble/aplite/lib/libpebble.a(tmp5yxpeipebble.o)
 .text.compass_service_subscribe
                0x0000000000000000        0xc /usr/local/Cellar/pebble-sdk/3.2.1/Pebble/aplite/lib/libpebble.a(tmp5yxpeipebble.o)
 .text.compass_service_unsubscribe
                0x0000000000000000        0xc /usr/local/Cellar/pebble-sdk/3.2.1/Pebble/aplite/lib/libpebble.a(tmp5yxpeipebble.o)
 .text.uuid_equal
                0x0000000000000000        0xc /usr/local/Cellar/pebble-sdk/3.2.1/Pebble/aplite/lib/libpebble.a(tmp5yxpeipebble.o)
 .text.uuid_to_string
                0x0000000000000000        0xc /usr/local/Cellar/pebble-sdk/3.2.1/Pebble/aplite/lib/libpebble.a(tmp5yxpeipebble.o)
 .text.gpath_draw_filled
                0x0000000000000000        0xc /usr/local/Cellar/pebble-sdk/3.2.1/Pebble/aplite/lib/libpebble.a(tmp5yxpeipebble.o)
 .text.animation_set_custom_curve
                0x0000000000000000        0xc /usr/local/Cellar/pebble-sdk/3.2.1/Pebble/aplite/lib/libpebble.a(tmp5yxpeipebble.o)
 .text.watch_info_get_color
                0x0000000000000000        0xc /usr/local/Cellar/pebble-sdk/3.2.1/Pebble/aplite/lib/libpebble.a(tmp5yxpeipebble.o)
 .text.watch_info_get_firmware_version
                0x0000000000000000        0xc /usr/local/Cellar/pebble-sdk/3.2.1/Pebble/aplite/lib/libpebble.a(tmp5yxpeipebble.o)
 .text.watch_info_get_model
                0x0000000000000000        0xc /usr/local/Cellar/pebble-sdk/3.2.1/Pebble/aplite/lib/libpebble.a(tmp5yxpeipebble.o)
 .text.graphics_capture_frame_buffer
                0x0000000000000000        0xc /usr/local/Cellar/pebble-sdk/3.2.1/Pebble/aplite/lib/libpebble.a(tmp5yxpeipebble.o)
 .text.graphics_frame_buffer_is_captured
                0x0000000000000000        0xc /usr/local/Cellar/pebble-sdk/3.2.1/Pebble/aplite/lib/libpebble.a(tmp5yxpeipebble.o)
 .text.graphics_release_frame_buffer
                0x0000000000000000        0xc /usr/local/Cellar/pebble-sdk/3.2.1/Pebble/aplite/lib/libpebble.a(tmp5yxpeipebble.o)
 .text.clock_to_timestamp
                0x0000000000000000        0xc /usr/local/Cellar/pebble-sdk/3.2.1/Pebble/aplite/lib/libpebble.a(tmp5yxpeipebble.o)
 .text.launch_reason
                0x0000000000000000        0xc /usr/local/Cellar/pebble-sdk/3.2.1/Pebble/aplite/lib/libpebble.a(tmp5yxpeipebble.o)
 .text.wakeup_cancel
                0x0000000000000000        0xc /usr/local/Cellar/pebble-sdk/3.2.1/Pebble/aplite/lib/libpebble.a(tmp5yxpeipebble.o)
 .text.wakeup_cancel_all
                0x0000000000000000        0xc /usr/local/Cellar/pebble-sdk/3.2.1/Pebble/aplite/lib/libpebble.a(tmp5yxpeipebble.o)
 .text.wakeup_get_launch_event
                0x0000000000000000        0xc /usr/local/Cellar/pebble-sdk/3.2.1/Pebble/aplite/lib/libpebble.a(tmp5yxpeipebble.o)
 .text.wakeup_query
                0x0000000000000000        0xc /usr/local/Cellar/pebble-sdk/3.2.1/Pebble/aplite/lib/libpebble.a(tmp5yxpeipebble.o)
 .text.wakeup_schedule
                0x0000000000000000        0xc /usr/local/Cellar/pebble-sdk/3.2.1/Pebble/aplite/lib/libpebble.a(tmp5yxpeipebble.o)
 .text.wakeup_service_subscribe
                0x0000000000000000        0xc /usr/local/Cellar/pebble-sdk/3.2.1/Pebble/aplite/lib/libpebble.a(tmp5yxpeipebble.o)
 .text.clock_is_timezone_set
                0x0000000000000000        0xc /usr/local/Cellar/pebble-sdk/3.2.1/Pebble/aplite/lib/libpebble.a(tmp5yxpeipebble.o)
 .text._localeconv_r
                0x0000000000000000        0xc /usr/local/Cellar/pebble-sdk/3.2.1/Pebble/aplite/lib/libpebble.a(tmp5yxpeipebble.o)
 .text.setlocale
                0x0000000000000000        0xc /usr/local/Cellar/pebble-sdk/3.2.1/Pebble/aplite/lib/libpebble.a(tmp5yxpeipebble.o)
 .text.mktime   0x0000000000000000        0xc /usr/local/Cellar/pebble-sdk/3.2.1/Pebble/aplite/lib/libpebble.a(tmp5yxpeipebble.o)
 .bss           0x0000000000000000        0x0 /usr/local/Cellar/pebble-toolchain/2.0/arm-cs-tools/bin/../lib/gcc/arm-none-eabi/4.7.2/thumb2/libgcc.a(_arm_addsubdf3.o)
 .bss           0x0000000000000000        0x0 /usr/local/Cellar/pebble-toolchain/2.0/arm-cs-tools/bin/../lib/gcc/arm-none-eabi/4.7.2/thumb2/libgcc.a(_arm_muldivdf3.o)
 .bss           0x0000000000000000        0x0 /usr/local/Cellar/pebble-toolchain/2.0/arm-cs-tools/bin/../lib/gcc/arm-none-eabi/4.7.2/thumb2/libgcc.a(_arm_fixdfsi.o)
 .text          0x0000000000000000        0x0 /usr/local/Cellar/pebble-toolchain/2.0/arm-cs-tools/bin/../lib/gcc/arm-none-eabi/4.7.2/thumb2/crtend.o
 .bss           0x0000000000000000        0x0 /usr/local/Cellar/pebble-toolchain/2.0/arm-cs-tools/bin/../lib/gcc/arm-none-eabi/4.7.2/thumb2/crtend.o
 .eh_frame      0x0000000000000000        0x4 /usr/local/Cellar/pebble-toolchain/2.0/arm-cs-tools/bin/../lib/gcc/arm-none-eabi/4.7.2/thumb2/crtend.o
 .jcr           0x0000000000000000        0x4 /usr/local/Cellar/pebble-toolchain/2.0/arm-cs-tools/bin/../lib/gcc/arm-none-eabi/4.7.2/thumb2/crtend.o
 .tm_clone_table
                0x0000000000000000        0x0 /usr/local/Cellar/pebble-toolchain/2.0/arm-cs-tools/bin/../lib/gcc/arm-none-eabi/4.7.2/thumb2/crtend.o
 .text          0x0000000000000000        0x0 /usr/local/Cellar/pebble-toolchain/2.0/arm-cs-tools/bin/../lib/gcc/arm-none-eabi/4.7.2/thumb2/crtn.o
 .bss           0x0000000000000000        0x0 /usr/local/Cellar/pebble-toolchain/2.0/arm-cs-tools/bin/../lib/gcc/arm-none-eabi/4.7.2/thumb2/crtn.o
 .init          0x0000000000000000        0x8 /usr/local/Cellar/pebble-toolchain/2.0/arm-cs-tools/bin/../lib/gcc/arm-none-eabi/4.7.2/thumb2/crtn.o
 .fini          0x0000000000000000        0x8 /usr/local/Cellar/pebble-toolchain/2.0/arm-cs-tools/bin/../lib/gcc/arm-none-eabi/4.7.2/thumb2/crtn.o

Memory Configuration

Name             Origin             Length             Attributes
APP              0x0000000000000000 0x0000000000006000 xrw
*default*        0x0000000000000000 0xffffffffffffffff

Linker script and memory map

LOAD /usr/local/Cellar/pebble-toolchain/2.0/arm-cs-tools/bin/../lib/gcc/arm-none-eabi/4.7.2/thumb2/crti.o
LOAD /usr/local/Cellar/pebble-toolchain/2.0/arm-cs-tools/bin/../lib/gcc/arm-none-eabi/4.7.2/thumb2/crtbegin.o
LOAD src/localize.c.37.o
LOAD src/mealtime.c.37.o
LOAD aplite/appinfo.auto.c.37.o
LOAD /usr/local/Cellar/pebble-sdk/3.2.1/Pebble/aplite/lib/libpebble.a
START GROUP
LOAD /usr/local/Cellar/pebble-toolchain/2.0/arm-cs-tools/bin/../lib/gcc/arm-none-eabi/4.7.2/thumb2/libgcc.a
LOAD /usr/local/Cellar/pebble-toolchain/2.0/arm-cs-tools/bin/../lib/gcc/arm-none-eabi/4.7.2/../../../../arm-none-eabi/lib/thumb2/libc.a
END GROUP
LOAD /usr/local/Cellar/pebble-toolchain/2.0/arm-cs-tools/bin/../lib/gcc/arm-none-eabi/4.7.2/thumb2/crtend.o
LOAD /usr/local/Cellar/pebble-toolchain/2.0/arm-cs-tools/bin/../lib/gcc/arm-none-eabi/4.7.2/thumb2/crtn.o

.header         0x0000000000000000       0x82
 *(.pbl_header)
 .pbl_header    0x0000000000000000       0x82 aplite/appinfo.auto.c.37.o
                0x0000000000000000                __pbl_app_info

.note.gnu.build-id
                0x0000000000000082       0x26
                0x0000000000000082                PROVIDE (BUILD_ID, .)
 *(.note.gnu.build-id)
 *fill*         0x0000000000000082        0x2 
 .note.gnu.build-id
                0x0000000000000084       0x24 linker stubs

.text           0x00000000000000a8     0x1ff5
 *(.text)
 .text          0x00000000000000a8       0x14 /usr/local/Cellar/pebble-sdk/3.2.1/Pebble/aplite/lib/libpebble.a(tmp5yxpeipebble.o)
 .text          0x00000000000000bc      0x370 /usr/local/Cellar/pebble-toolchain/2.0/arm-cs-tools/bin/../lib/gcc/arm-none-eabi/4.7.2/thumb2/libgcc.a(_arm_addsubdf3.o)
                0x00000000000000bc                __aeabi_drsub
                0x00000000000000c4                __subdf3
                0x00000000000000c4                __aeabi_dsub
                0x00000000000000c8                __aeabi_dadd
                0x00000000000000c8                __adddf3
                0x0000000000000340                __aeabi_ui2d
                0x0000000000000340                __floatunsidf
                0x0000000000000360                __floatsidf
                0x0000000000000360                __aeabi_i2d
                0x0000000000000384                __extendsfdf2
                0x0000000000000384                __aeabi_f2d
                0x00000000000003c0                __aeabi_ul2d
                0x00000000000003c0                __floatundidf
                0x00000000000003d0                __aeabi_l2d
                0x00000000000003d0                __floatdidf
 .text          0x000000000000042c      0x424 /usr/local/Cellar/pebble-toolchain/2.0/arm-cs-tools/bin/../lib/gcc/arm-none-eabi/4.7.2/thumb2/libgcc.a(_arm_muldivdf3.o)
                0x000000000000042c                __aeabi_dmul
                0x000000000000042c                __muldf3
                0x0000000000000680                __aeabi_ddiv
                0x0000000000000680                __divdf3
 .text          0x0000000000000850       0x50 /usr/local/Cellar/pebble-toolchain/2.0/arm-cs-tools/bin/../lib/gcc/arm-none-eabi/4.7.2/thumb2/libgcc.a(_arm_fixdfsi.o)
                0x0000000000000850                __fixdfsi
                0x0000000000000850                __aeabi_d2iz
 *(.text.*)
 .text.locale_init
                0x00000000000008a0      0x110 src/localize.c.37.o
                0x00000000000008a0                locale_init
 .text.locale_str
                0x00000000000009b0       0x28 src/localize.c.37.o
                0x00000000000009b0                locale_str
 .text.outbox_sent_callback
                0x00000000000009d8       0x1c src/mealtime.c.37.o
 .text.outbox_failed_callback
                0x00000000000009f4       0x48 src/mealtime.c.37.o
 .text.inbox_dropped_callback
                0x0000000000000a3c       0x48 src/mealtime.c.37.o
 .text.inbox_received_callback
                0x0000000000000a84      0x1dc src/mealtime.c.37.o
 .text.battery_handler
                0x0000000000000c60       0x14 src/mealtime.c.37.o
 .text.update_time
                0x0000000000000c74      0x5c8 src/mealtime.c.37.o
 .text.tick_handler
                0x000000000000123c        0x4 src/mealtime.c.37.o
 .text.main_window_unload
                0x0000000000001240       0x5c src/mealtime.c.37.o
 .text.main_window_load
                0x000000000000129c      0x2a4 src/mealtime.c.37.o
 .text.batt_layer_draw
                0x0000000000001540      0x3e8 src/mealtime.c.37.o
 .text.on_animation_stopped
                0x0000000000001928        0x4 src/mealtime.c.37.o
                0x0000000000001928                on_animation_stopped
 .text.animate_layer
                0x000000000000192c       0x40 src/mealtime.c.37.o
                0x000000000000192c                animate_layer
 .text.tap_handler
                0x000000000000196c      0x134 src/mealtime.c.37.o
 .text.startup.main
                0x0000000000001aa0      0x110 src/mealtime.c.37.o
                0x0000000000001aa0                main
 .text.accel_tap_service_subscribe
                0x0000000000001bb0        0xc /usr/local/Cellar/pebble-sdk/3.2.1/Pebble/aplite/lib/libpebble.a(tmp5yxpeipebble.o)
                0x0000000000001bb0                accel_tap_service_subscribe
 .text.animation_schedule
                0x0000000000001bbc        0xc /usr/local/Cellar/pebble-sdk/3.2.1/Pebble/aplite/lib/libpebble.a(tmp5yxpeipebble.o)
                0x0000000000001bbc                animation_schedule
 .text.animation_set_delay
                0x0000000000001bc8        0xc /usr/local/Cellar/pebble-sdk/3.2.1/Pebble/aplite/lib/libpebble.a(tmp5yxpeipebble.o)
                0x0000000000001bc8                animation_set_delay
 .text.animation_set_duration
                0x0000000000001bd4        0xc /usr/local/Cellar/pebble-sdk/3.2.1/Pebble/aplite/lib/libpebble.a(tmp5yxpeipebble.o)
                0x0000000000001bd4                animation_set_duration
 .text.animation_set_handlers
                0x0000000000001be0        0xc /usr/local/Cellar/pebble-sdk/3.2.1/Pebble/aplite/lib/libpebble.a(tmp5yxpeipebble.o)
                0x0000000000001be0                animation_set_handlers
 .text.app_event_loop
                0x0000000000001bec        0xc /usr/local/Cellar/pebble-sdk/3.2.1/Pebble/aplite/lib/libpebble.a(tmp5yxpeipebble.o)
                0x0000000000001bec                app_event_loop
 .text.app_log  0x0000000000001bf8        0xc /usr/local/Cellar/pebble-sdk/3.2.1/Pebble/aplite/lib/libpebble.a(tmp5yxpeipebble.o)
                0x0000000000001bf8                app_log
 .text.app_message_open
                0x0000000000001c04        0xc /usr/local/Cellar/pebble-sdk/3.2.1/Pebble/aplite/lib/libpebble.a(tmp5yxpeipebble.o)
                0x0000000000001c04                app_message_open
 .text.battery_state_service_peek
                0x0000000000001c10        0xc /usr/local/Cellar/pebble-sdk/3.2.1/Pebble/aplite/lib/libpebble.a(tmp5yxpeipebble.o)
                0x0000000000001c10                battery_state_service_peek
 .text.battery_state_service_subscribe
                0x0000000000001c1c        0xc /usr/local/Cellar/pebble-sdk/3.2.1/Pebble/aplite/lib/libpebble.a(tmp5yxpeipebble.o)
                0x0000000000001c1c                battery_state_service_subscribe
 .text.battery_state_service_unsubscribe
                0x0000000000001c28        0xc /usr/local/Cellar/pebble-sdk/3.2.1/Pebble/aplite/lib/libpebble.a(tmp5yxpeipebble.o)
                0x0000000000001c28                battery_state_service_unsubscribe
 .text.dict_find
                0x0000000000001c34        0xc /usr/local/Cellar/pebble-sdk/3.2.1/Pebble/aplite/lib/libpebble.a(tmp5yxpeipebble.o)
                0x0000000000001c34                dict_find
 .text.dict_read_first
                0x0000000000001c40        0xc /usr/local/Cellar/pebble-sdk/3.2.1/Pebble/aplite/lib/libpebble.a(tmp5yxpeipebble.o)
                0x0000000000001c40                dict_read_first
 .text.dict_read_next
                0x0000000000001c4c        0xc /usr/local/Cellar/pebble-sdk/3.2.1/Pebble/aplite/lib/libpebble.a(tmp5yxpeipebble.o)
                0x0000000000001c4c                dict_read_next
 .text.dict_write_begin
                0x0000000000001c58        0xc /usr/local/Cellar/pebble-sdk/3.2.1/Pebble/aplite/lib/libpebble.a(tmp5yxpeipebble.o)
                0x0000000000001c58                dict_write_begin
 .text.dict_write_end
                0x0000000000001c64        0xc /usr/local/Cellar/pebble-sdk/3.2.1/Pebble/aplite/lib/libpebble.a(tmp5yxpeipebble.o)
                0x0000000000001c64                dict_write_end
 .text.dict_write_tuplet
                0x0000000000001c70        0xc /usr/local/Cellar/pebble-sdk/3.2.1/Pebble/aplite/lib/libpebble.a(tmp5yxpeipebble.o)
                0x0000000000001c70                dict_write_tuplet
 .text.fonts_load_custom_font
                0x0000000000001c7c        0xc /usr/local/Cellar/pebble-sdk/3.2.1/Pebble/aplite/lib/libpebble.a(tmp5yxpeipebble.o)
                0x0000000000001c7c                fonts_load_custom_font
 .text.fonts_unload_custom_font
                0x0000000000001c88        0xc /usr/local/Cellar/pebble-sdk/3.2.1/Pebble/aplite/lib/libpebble.a(tmp5yxpeipebble.o)
                0x0000000000001c88                fonts_unload_custom_font
 .text.graphics_context_set_fill_color
                0x0000000000001c94        0xc /usr/local/Cellar/pebble-sdk/3.2.1/Pebble/aplite/lib/libpebble.a(tmp5yxpeipebble.o)
                0x0000000000001c94                graphics_context_set_fill_color
 .text.graphics_fill_rect
                0x0000000000001ca0        0xc /usr/local/Cellar/pebble-sdk/3.2.1/Pebble/aplite/lib/libpebble.a(tmp5yxpeipebble.o)
                0x0000000000001ca0                graphics_fill_rect
 .text.layer_add_child
                0x0000000000001cac        0xc /usr/local/Cellar/pebble-sdk/3.2.1/Pebble/aplite/lib/libpebble.a(tmp5yxpeipebble.o)
                0x0000000000001cac                layer_add_child
 .text.layer_create
                0x0000000000001cb8        0xc /usr/local/Cellar/pebble-sdk/3.2.1/Pebble/aplite/lib/libpebble.a(tmp5yxpeipebble.o)
                0x0000000000001cb8                layer_create
 .text.layer_destroy
                0x0000000000001cc4        0xc /usr/local/Cellar/pebble-sdk/3.2.1/Pebble/aplite/lib/libpebble.a(tmp5yxpeipebble.o)
                0x0000000000001cc4                layer_destroy
 .text.layer_get_hidden
                0x0000000000001cd0        0xc /usr/local/Cellar/pebble-sdk/3.2.1/Pebble/aplite/lib/libpebble.a(tmp5yxpeipebble.o)
                0x0000000000001cd0                layer_get_hidden
 .text.layer_mark_dirty
                0x0000000000001cdc        0xc /usr/local/Cellar/pebble-sdk/3.2.1/Pebble/aplite/lib/libpebble.a(tmp5yxpeipebble.o)
                0x0000000000001cdc                layer_mark_dirty
 .text.layer_set_hidden
                0x0000000000001ce8        0xc /usr/local/Cellar/pebble-sdk/3.2.1/Pebble/aplite/lib/libpebble.a(tmp5yxpeipebble.o)
                0x0000000000001ce8                layer_set_hidden
 .text.layer_set_update_proc
                0x0000000000001cf4        0xc /usr/local/Cellar/pebble-sdk/3.2.1/Pebble/aplite/lib/libpebble.a(tmp5yxpeipebble.o)
                0x0000000000001cf4                layer_set_update_proc
 .text.localtime
                0x0000000000001d00        0xc /usr/local/Cellar/pebble-sdk/3.2.1/Pebble/aplite/lib/libpebble.a(tmp5yxpeipebble.o)
                0x0000000000001d00                localtime
 .text.malloc   0x0000000000001d0c        0xc /usr/local/Cellar/pebble-sdk/3.2.1/Pebble/aplite/lib/libpebble.a(tmp5yxpeipebble.o)
                0x0000000000001d0c                malloc
 .text.memset   0x0000000000001d18        0xc /usr/local/Cellar/pebble-sdk/3.2.1/Pebble/aplite/lib/libpebble.a(tmp5yxpeipebble.o)
                0x0000000000001d18                memset
 .text.persist_read_bool
                0x0000000000001d24        0xc /usr/local/Cellar/pebble-sdk/3.2.1/Pebble/aplite/lib/libpebble.a(tmp5yxpeipebble.o)
                0x0000000000001d24                persist_read_bool
 .text.persist_write_bool
                0x0000000000001d30        0xc /usr/local/Cellar/pebble-sdk/3.2.1/Pebble/aplite/lib/libpebble.a(tmp5yxpeipebble.o)
                0x0000000000001d30                persist_write_bool
 .text.property_animation_create_layer_frame
                0x0000000000001d3c        0xc /usr/local/Cellar/pebble-sdk/3.2.1/Pebble/aplite/lib/libpebble.a(tmp5yxpeipebble.o)
                0x0000000000001d3c                property_animation_create_layer_frame
 .text.property_animation_destroy
                0x0000000000001d48        0xc /usr/local/Cellar/pebble-sdk/3.2.1/Pebble/aplite/lib/libpebble.a(tmp5yxpeipebble.o)
                0x0000000000001d48                property_animation_destroy
 .text.resource_get_handle
                0x0000000000001d54        0xc /usr/local/Cellar/pebble-sdk/3.2.1/Pebble/aplite/lib/libpebble.a(tmp5yxpeipebble.o)
                0x0000000000001d54                resource_get_handle
 .text.resource_load_byte_range
                0x0000000000001d60        0xc /usr/local/Cellar/pebble-sdk/3.2.1/Pebble/aplite/lib/libpebble.a(tmp5yxpeipebble.o)
                0x0000000000001d60                resource_load_byte_range
 .text.resource_size
                0x0000000000001d6c        0xc /usr/local/Cellar/pebble-sdk/3.2.1/Pebble/aplite/lib/libpebble.a(tmp5yxpeipebble.o)
                0x0000000000001d6c                resource_size
 .text.snprintf
                0x0000000000001d78        0xc /usr/local/Cellar/pebble-sdk/3.2.1/Pebble/aplite/lib/libpebble.a(tmp5yxpeipebble.o)
                0x0000000000001d78                snprintf
 .text.strcmp   0x0000000000001d84        0xc /usr/local/Cellar/pebble-sdk/3.2.1/Pebble/aplite/lib/libpebble.a(tmp5yxpeipebble.o)
                0x0000000000001d84                strcmp
 .text.strftime
                0x0000000000001d90        0xc /usr/local/Cellar/pebble-sdk/3.2.1/Pebble/aplite/lib/libpebble.a(tmp5yxpeipebble.o)
                0x0000000000001d90                strftime
 .text.strncmp  0x0000000000001d9c        0xc /usr/local/Cellar/pebble-sdk/3.2.1/Pebble/aplite/lib/libpebble.a(tmp5yxpeipebble.o)
                0x0000000000001d9c                strncmp
 .text.text_layer_create
                0x0000000000001da8        0xc /usr/local/Cellar/pebble-sdk/3.2.1/Pebble/aplite/lib/libpebble.a(tmp5yxpeipebble.o)
                0x0000000000001da8                text_layer_create
 .text.text_layer_destroy
                0x0000000000001db4        0xc /usr/local/Cellar/pebble-sdk/3.2.1/Pebble/aplite/lib/libpebble.a(tmp5yxpeipebble.o)
                0x0000000000001db4                text_layer_destroy
 .text.text_layer_get_layer
                0x0000000000001dc0        0xc /usr/local/Cellar/pebble-sdk/3.2.1/Pebble/aplite/lib/libpebble.a(tmp5yxpeipebble.o)
                0x0000000000001dc0                text_layer_get_layer
 .text.text_layer_set_background_color
                0x0000000000001dcc        0xc /usr/local/Cellar/pebble-sdk/3.2.1/Pebble/aplite/lib/libpebble.a(tmp5yxpeipebble.o)
                0x0000000000001dcc                text_layer_set_background_color
 .text.text_layer_set_font
                0x0000000000001dd8        0xc /usr/local/Cellar/pebble-sdk/3.2.1/Pebble/aplite/lib/libpebble.a(tmp5yxpeipebble.o)
                0x0000000000001dd8                text_layer_set_font
 .text.text_layer_set_text
                0x0000000000001de4        0xc /usr/local/Cellar/pebble-sdk/3.2.1/Pebble/aplite/lib/libpebble.a(tmp5yxpeipebble.o)
                0x0000000000001de4                text_layer_set_text
 .text.text_layer_set_text_alignment
                0x0000000000001df0        0xc /usr/local/Cellar/pebble-sdk/3.2.1/Pebble/aplite/lib/libpebble.a(tmp5yxpeipebble.o)
                0x0000000000001df0                text_layer_set_text_alignment
 .text.text_layer_set_text_color
                0x0000000000001dfc        0xc /usr/local/Cellar/pebble-sdk/3.2.1/Pebble/aplite/lib/libpebble.a(tmp5yxpeipebble.o)
                0x0000000000001dfc                text_layer_set_text_color
 .text.tick_timer_service_subscribe
                0x0000000000001e08        0xc /usr/local/Cellar/pebble-sdk/3.2.1/Pebble/aplite/lib/libpebble.a(tmp5yxpeipebble.o)
                0x0000000000001e08                tick_timer_service_subscribe
 .text.tick_timer_service_unsubscribe
                0x0000000000001e14        0xc /usr/local/Cellar/pebble-sdk/3.2.1/Pebble/aplite/lib/libpebble.a(tmp5yxpeipebble.o)
                0x0000000000001e14                tick_timer_service_unsubscribe
 .text.time     0x0000000000001e20        0xc /usr/local/Cellar/pebble-sdk/3.2.1/Pebble/aplite/lib/libpebble.a(tmp5yxpeipebble.o)
                0x0000000000001e20                time
 .text.window_create
                0x0000000000001e2c        0xc /usr/local/Cellar/pebble-sdk/3.2.1/Pebble/aplite/lib/libpebble.a(tmp5yxpeipebble.o)
                0x0000000000001e2c                window_create
 .text.window_destroy
                0x0000000000001e38        0xc /usr/local/Cellar/pebble-sdk/3.2.1/Pebble/aplite/lib/libpebble.a(tmp5yxpeipebble.o)
                0x0000000000001e38                window_destroy
 .text.window_get_root_layer
                0x0000000000001e44        0xc /usr/local/Cellar/pebble-sdk/3.2.1/Pebble/aplite/lib/libpebble.a(tmp5yxpeipebble.o)
                0x0000000000001e44                window_get_root_layer
 .text.window_set_background_color
                0x0000000000001e50        0xc /usr/local/Cellar/pebble-sdk/3.2.1/Pebble/aplite/lib/libpebble.a(tmp5yxpeipebble.o)
                0x0000000000001e50                window_set_background_color
 .text.window_set_window_handlers
                0x0000000000001e5c        0xc /usr/local/Cellar/pebble-sdk/3.2.1/Pebble/aplite/lib/libpebble.a(tmp5yxpeipebble.o)
                0x0000000000001e5c                window_set_window_handlers
 .text.window_stack_push
                0x0000000000001e68        0xc /usr/local/Cellar/pebble-sdk/3.2.1/Pebble/aplite/lib/libpebble.a(tmp5yxpeipebble.o)
                0x0000000000001e68                window_stack_push
 .text.app_message_inbox_size_maximum
                0x0000000000001e74        0xc /usr/local/Cellar/pebble-sdk/3.2.1/Pebble/aplite/lib/libpebble.a(tmp5yxpeipebble.o)
                0x0000000000001e74                app_message_inbox_size_maximum
 .text.app_message_outbox_size_maximum
                0x0000000000001e80        0xc /usr/local/Cellar/pebble-sdk/3.2.1/Pebble/aplite/lib/libpebble.a(tmp5yxpeipebble.o)
                0x0000000000001e80                app_message_outbox_size_maximum
 .text.app_message_register_inbox_dropped
                0x0000000000001e8c        0xc /usr/local/Cellar/pebble-sdk/3.2.1/Pebble/aplite/lib/libpebble.a(tmp5yxpeipebble.o)
                0x0000000000001e8c                app_message_register_inbox_dropped
 .text.app_message_register_inbox_received
                0x0000000000001e98        0xc /usr/local/Cellar/pebble-sdk/3.2.1/Pebble/aplite/lib/libpebble.a(tmp5yxpeipebble.o)
                0x0000000000001e98                app_message_register_inbox_received
 .text.app_message_register_outbox_failed
                0x0000000000001ea4        0xc /usr/local/Cellar/pebble-sdk/3.2.1/Pebble/aplite/lib/libpebble.a(tmp5yxpeipebble.o)
                0x0000000000001ea4                app_message_register_outbox_failed
 .text.app_message_register_outbox_sent
                0x0000000000001eb0        0xc /usr/local/Cellar/pebble-sdk/3.2.1/Pebble/aplite/lib/libpebble.a(tmp5yxpeipebble.o)
                0x0000000000001eb0                app_message_register_outbox_sent
 .text.i18n_get_system_locale
                0x0000000000001ebc        0xc /usr/local/Cellar/pebble-sdk/3.2.1/Pebble/aplite/lib/libpebble.a(tmp5yxpeipebble.o)
                0x0000000000001ebc                i18n_get_system_locale
 *(.rodata)
 .rodata        0x0000000000001ec8       0x50 src/mealtime.c.37.o
 *(.rodata*)
 .rodata.str1.1
                0x0000000000001f18        0xb src/localize.c.37.o
 .rodata.str1.1
                0x0000000000001f23      0x17a src/mealtime.c.37.o

.glue_7         0x00000000000020a0        0x0
 .glue_7        0x0000000000000000        0x0 linker stubs

.glue_7t        0x00000000000020a0        0x0
 .glue_7t       0x0000000000000000        0x0 linker stubs

.vfp11_veneer   0x00000000000020a0        0x0
 .vfp11_veneer  0x0000000000000000        0x0 linker stubs

.v4_bx          0x00000000000020a0        0x0
 .v4_bx         0x0000000000000000        0x0 linker stubs

.iplt           0x00000000000020a0        0x0
 .iplt          0x0000000000000000        0x0 /usr/local/Cellar/pebble-toolchain/2.0/arm-cs-tools/bin/../lib/gcc/arm-none-eabi/4.7.2/thumb2/crtbegin.o

.rel.dyn        0x00000000000020a0        0x0
 .rel.iplt      0x0000000000000000        0x0 /usr/local/Cellar/pebble-toolchain/2.0/arm-cs-tools/bin/../lib/gcc/arm-none-eabi/4.7.2/thumb2/crtbegin.o
 .rel.got       0x0000000000000000        0x0 /usr/local/Cellar/pebble-toolchain/2.0/arm-cs-tools/bin/../lib/gcc/arm-none-eabi/4.7.2/thumb2/crtbegin.o

.data           0x00000000000020a0        0xe
 *(.data)
 .data          0x00000000000020a0        0x0 /usr/local/Cellar/pebble-toolchain/2.0/arm-cs-tools/bin/../lib/gcc/arm-none-eabi/4.7.2/thumb2/crti.o
 .data          0x00000000000020a0        0x4 /usr/local/Cellar/pebble-toolchain/2.0/arm-cs-tools/bin/../lib/gcc/arm-none-eabi/4.7.2/thumb2/crtbegin.o
                0x00000000000020a0                __dso_handle
 .data          0x00000000000020a4        0x0 src/localize.c.37.o
 .data          0x00000000000020a4        0x0 src/mealtime.c.37.o
 .data          0x00000000000020a4        0x0 aplite/appinfo.auto.c.37.o
 .data          0x00000000000020a4        0x0 /usr/local/Cellar/pebble-sdk/3.2.1/Pebble/aplite/lib/libpebble.a(tmp5yxpeipebble.o)
 .data          0x00000000000020a4        0x0 /usr/local/Cellar/pebble-toolchain/2.0/arm-cs-tools/bin/../lib/gcc/arm-none-eabi/4.7.2/thumb2/libgcc.a(_arm_addsubdf3.o)
 .data          0x00000000000020a4        0x0 /usr/local/Cellar/pebble-toolchain/2.0/arm-cs-tools/bin/../lib/gcc/arm-none-eabi/4.7.2/thumb2/libgcc.a(_arm_muldivdf3.o)
 .data          0x00000000000020a4        0x0 /usr/local/Cellar/pebble-toolchain/2.0/arm-cs-tools/bin/../lib/gcc/arm-none-eabi/4.7.2/thumb2/libgcc.a(_arm_fixdfsi.o)
 .data          0x00000000000020a4        0x0 /usr/local/Cellar/pebble-toolchain/2.0/arm-cs-tools/bin/../lib/gcc/arm-none-eabi/4.7.2/thumb2/crtend.o
 .data          0x00000000000020a4        0x0 /usr/local/Cellar/pebble-toolchain/2.0/arm-cs-tools/bin/../lib/gcc/arm-none-eabi/4.7.2/thumb2/crtn.o
 *(.data.*)
 .data.date_buffer.6719
                0x00000000000020a4        0xa src/mealtime.c.37.o

.igot.plt       0x00000000000020b0        0x0
 .igot.plt      0x0000000000000000        0x0 /usr/local/Cellar/pebble-toolchain/2.0/arm-cs-tools/bin/../lib/gcc/arm-none-eabi/4.7.2/thumb2/crtbegin.o

.got            0x00000000000020b0        0x4
 .got           0x00000000000020b0        0x4 /usr/local/Cellar/pebble-toolchain/2.0/arm-cs-tools/bin/../lib/gcc/arm-none-eabi/4.7.2/thumb2/crtbegin.o

.got.plt        0x00000000000020b4        0xc
 .got.plt       0x00000000000020b4        0xc /usr/local/Cellar/pebble-toolchain/2.0/arm-cs-tools/bin/../lib/gcc/arm-none-eabi/4.7.2/thumb2/crtbegin.o
                0x00000000000020b4                _GLOBAL_OFFSET_TABLE_

.bss            0x00000000000020c0       0xdc
 *(.bss)
 *(.bss.*)
 .bss.s_date_layer
                0x00000000000020c0        0x4 src/mealtime.c.37.o
 .bss.s_temp_layer
                0x00000000000020c4        0x4 src/mealtime.c.37.o
 .bss.s_weather_font
                0x00000000000020c8        0x4 src/mealtime.c.37.o
 .bss.temperaturec_buffer.6800
                0x00000000000020cc       0x19 src/mealtime.c.37.o
 *fill*         0x00000000000020e5        0x3 
 .bss.s_date_font
                0x00000000000020e8        0x4 src/mealtime.c.37.o
 .bss.s_time_layer
                0x00000000000020ec        0x4 src/mealtime.c.37.o
 .bss.batt_layer
                0x00000000000020f0        0x4 src/mealtime.c.37.o
 .bss.temp_anim_layer
                0x00000000000020f4        0x4 src/mealtime.c.37.o
 .bss.conditions_buffer.6801
                0x00000000000020f8       0x64 src/mealtime.c.37.o
 .bss.s_time_font
                0x000000000000215c        0x4 src/mealtime.c.37.o
 .bss.temperature_buffer.6799
                0x0000000000002160       0x19 src/mealtime.c.37.o
 *fill*         0x0000000000002179        0x3 
 .bss.s_weather_layer
                0x000000000000217c        0x4 src/mealtime.c.37.o
 .bss.s_ampm_layer
                0x0000000000002180        0x4 src/mealtime.c.37.o
 .bss.s_temp_font
                0x0000000000002184        0x4 src/mealtime.c.37.o
 .bss.s_main_window
                0x0000000000002188        0x4 src/mealtime.c.37.o
 .bss.weather_anim_layer
                0x000000000000218c        0x4 src/mealtime.c.37.o
 COMMON         0x0000000000002190        0xc src/localize.c.37.o
                0x0000000000002190                s_locale_dict

DISCARD
 libc.a(*)
 libm.a(*)
 libgcc.a(*)
 *(.eh_frame)
OUTPUT(/Users/Turner/pebble-dev/PebbleSDK-3.2.1/Projects/old-projects/Vacation Time Weather/vacation_time/build/aplite/pebble-app.elf elf32-littlearm)

.ARM.attributes
                0x0000000000000000       0x27
 .ARM.attributes
                0x0000000000000000       0x19 /usr/local/Cellar/pebble-toolchain/2.0/arm-cs-tools/bin/../lib/gcc/arm-none-eabi/4.7.2/thumb2/crti.o
 .ARM.attributes
                0x0000000000000019       0x29 /usr/local/Cellar/pebble-toolchain/2.0/arm-cs-tools/bin/../lib/gcc/arm-none-eabi/4.7.2/thumb2/crtbegin.o
 .ARM.attributes
                0x0000000000000042       0x33 src/localize.c.37.o
 .ARM.attributes
                0x0000000000000075       0x33 src/mealtime.c.37.o
 .ARM.attributes
                0x00000000000000a8       0x33 aplite/appinfo.auto.c.37.o
 .ARM.attributes
                0x00000000000000db       0x21 /usr/local/Cellar/pebble-sdk/3.2.1/Pebble/aplite/lib/libpebble.a(tmp5yxpeipebble.o)
 .ARM.attributes
                0x00000000000000fc       0x19 /usr/local/Cellar/pebble-toolchain/2.0/arm-cs-tools/bin/../lib/gcc/arm-none-eabi/4.7.2/thumb2/libgcc.a(_arm_addsubdf3.o)
 .ARM.attributes
                0x0000000000000115       0x19 /usr/local/Cellar/pebble-toolchain/2.0/arm-cs-tools/bin/../lib/gcc/arm-none-eabi/4.7.2/thumb2/libgcc.a(_arm_muldivdf3.o)
 .ARM.attributes
                0x000000000000012e       0x19 /usr/local/Cellar/pebble-toolchain/2.0/arm-cs-tools/bin/../lib/gcc/arm-none-eabi/4.7.2/thumb2/libgcc.a(_arm_fixdfsi.o)
 .ARM.attributes
                0x0000000000000147       0x29 /usr/local/Cellar/pebble-toolchain/2.0/arm-cs-tools/bin/../lib/gcc/arm-none-eabi/4.7.2/thumb2/crtend.o
 .ARM.attributes
                0x0000000000000170       0x19 /usr/local/Cellar/pebble-toolchain/2.0/arm-cs-tools/bin/../lib/gcc/arm-none-eabi/4.7.2/thumb2/crtn.o

.comment        0x0000000000000000       0x4e
 .comment       0x0000000000000000       0x4e /usr/local/Cellar/pebble-toolchain/2.0/arm-cs-tools/bin/../lib/gcc/arm-none-eabi/4.7.2/thumb2/crtbegin.o
                                         0x4f (size before relaxing)
 .comment       0x0000000000000000       0x4f src/localize.c.37.o
 .comment       0x0000000000000000       0x4f src/mealtime.c.37.o
 .comment       0x0000000000000000       0x4f aplite/appinfo.auto.c.37.o
 .comment       0x0000000000000000       0x4f /usr/local/Cellar/pebble-toolchain/2.0/arm-cs-tools/bin/../lib/gcc/arm-none-eabi/4.7.2/thumb2/crtend.o

.debug_info     0x0000000000000000     0x36af
 .debug_info    0x0000000000000000      0x834 src/localize.c.37.o
 .debug_info    0x0000000000000834     0x28d3 src/mealtime.c.37.o
 .debug_info    0x0000000000003107      0x37d aplite/appinfo.auto.c.37.o
 .debug_info    0x0000000000003484       0xb9 /usr/local/Cellar/pebble-toolchain/2.0/arm-cs-tools/bin/../lib/gcc/arm-none-eabi/4.7.2/thumb2/libgcc.a(_arm_addsubdf3.o)
 .debug_info    0x000000000000353d       0xb9 /usr/local/Cellar/pebble-toolchain/2.0/arm-cs-tools/bin/../lib/gcc/arm-none-eabi/4.7.2/thumb2/libgcc.a(_arm_muldivdf3.o)
 .debug_info    0x00000000000035f6       0xb9 /usr/local/Cellar/pebble-toolchain/2.0/arm-cs-tools/bin/../lib/gcc/arm-none-eabi/4.7.2/thumb2/libgcc.a(_arm_fixdfsi.o)

.debug_abbrev   0x0000000000000000      0x72a
 .debug_abbrev  0x0000000000000000      0x247 src/localize.c.37.o
 .debug_abbrev  0x0000000000000247      0x409 src/mealtime.c.37.o
 .debug_abbrev  0x0000000000000650       0x9e aplite/appinfo.auto.c.37.o
 .debug_abbrev  0x00000000000006ee       0x14 /usr/local/Cellar/pebble-toolchain/2.0/arm-cs-tools/bin/../lib/gcc/arm-none-eabi/4.7.2/thumb2/libgcc.a(_arm_addsubdf3.o)
 .debug_abbrev  0x0000000000000702       0x14 /usr/local/Cellar/pebble-toolchain/2.0/arm-cs-tools/bin/../lib/gcc/arm-none-eabi/4.7.2/thumb2/libgcc.a(_arm_muldivdf3.o)
 .debug_abbrev  0x0000000000000716       0x14 /usr/local/Cellar/pebble-toolchain/2.0/arm-cs-tools/bin/../lib/gcc/arm-none-eabi/4.7.2/thumb2/libgcc.a(_arm_fixdfsi.o)

.debug_loc      0x0000000000000000      0x9af
 .debug_loc     0x0000000000000000      0x217 src/localize.c.37.o
 .debug_loc     0x0000000000000217      0x798 src/mealtime.c.37.o

.debug_aranges  0x0000000000000000      0x128
 .debug_aranges
                0x0000000000000000       0x28 src/localize.c.37.o
 .debug_aranges
                0x0000000000000028       0x88 src/mealtime.c.37.o
 .debug_aranges
                0x00000000000000b0       0x18 aplite/appinfo.auto.c.37.o
 .debug_aranges
                0x00000000000000c8       0x20 /usr/local/Cellar/pebble-toolchain/2.0/arm-cs-tools/bin/../lib/gcc/arm-none-eabi/4.7.2/thumb2/libgcc.a(_arm_addsubdf3.o)
 .debug_aranges
                0x00000000000000e8       0x20 /usr/local/Cellar/pebble-toolchain/2.0/arm-cs-tools/bin/../lib/gcc/arm-none-eabi/4.7.2/thumb2/libgcc.a(_arm_muldivdf3.o)
 .debug_aranges
                0x0000000000000108       0x20 /usr/local/Cellar/pebble-toolchain/2.0/arm-cs-tools/bin/../lib/gcc/arm-none-eabi/4.7.2/thumb2/libgcc.a(_arm_fixdfsi.o)

.debug_ranges   0x0000000000000000       0xc8
 .debug_ranges  0x0000000000000000       0x50 src/localize.c.37.o
 .debug_ranges  0x0000000000000050       0x78 src/mealtime.c.37.o

.debug_line     0x0000000000000000      0xe6a
 .debug_line    0x0000000000000000      0x2c5 src/localize.c.37.o
 .debug_line    0x00000000000002c5      0x5c0 src/mealtime.c.37.o
 .debug_line    0x0000000000000885      0x12f aplite/appinfo.auto.c.37.o
 .debug_line    0x00000000000009b4      0x20a /usr/local/Cellar/pebble-toolchain/2.0/arm-cs-tools/bin/../lib/gcc/arm-none-eabi/4.7.2/thumb2/libgcc.a(_arm_addsubdf3.o)
 .debug_line    0x0000000000000bbe      0x226 /usr/local/Cellar/pebble-toolchain/2.0/arm-cs-tools/bin/../lib/gcc/arm-none-eabi/4.7.2/thumb2/libgcc.a(_arm_muldivdf3.o)
 .debug_line    0x0000000000000de4       0x86 /usr/local/Cellar/pebble-toolchain/2.0/arm-cs-tools/bin/../lib/gcc/arm-none-eabi/4.7.2/thumb2/libgcc.a(_arm_fixdfsi.o)

.debug_str      0x0000000000000000     0x1626
 .debug_str     0x0000000000000000      0x524 src/localize.c.37.o
                                        0x591 (size before relaxing)
 .debug_str     0x0000000000000524      0xef0 src/mealtime.c.37.o
                                       0x1355 (size before relaxing)
 .debug_str     0x0000000000001414      0x212 aplite/appinfo.auto.c.37.o
                                        0x4dd (size before relaxing)

.debug_frame    0x0000000000000000      0x1e4
 .debug_frame   0x0000000000000000       0x4c src/localize.c.37.o
 .debug_frame   0x000000000000004c      0x198 src/mealtime.c.37.o
